Archive member included because of file (symbol)

c:/program files (x86)/atmel/atmel toolchain/arm gcc/native/4.8.1443/arm-gnu-toolchain/bin/../lib/gcc/arm-none-eabi/4.8.4/../../../../arm-none-eabi/lib/armv7-m\libc.a(lib_a-exit.o)
                              c:/program files (x86)/atmel/atmel toolchain/arm gcc/native/4.8.1443/arm-gnu-toolchain/bin/../lib/gcc/arm-none-eabi/4.8.4/../../../../arm-none-eabi/lib/armv7-m/crt0.o (exit)
c:/program files (x86)/atmel/atmel toolchain/arm gcc/native/4.8.1443/arm-gnu-toolchain/bin/../lib/gcc/arm-none-eabi/4.8.4/../../../../arm-none-eabi/lib/armv7-m\libc.a(lib_a-impure.o)
                              c:/program files (x86)/atmel/atmel toolchain/arm gcc/native/4.8.1443/arm-gnu-toolchain/bin/../lib/gcc/arm-none-eabi/4.8.4/../../../../arm-none-eabi/lib/armv7-m\libc.a(lib_a-exit.o) (_global_impure_ptr)
c:/program files (x86)/atmel/atmel toolchain/arm gcc/native/4.8.1443/arm-gnu-toolchain/bin/../lib/gcc/arm-none-eabi/4.8.4/../../../../arm-none-eabi/lib/armv7-m\libc.a(lib_a-init.o)
                              c:/program files (x86)/atmel/atmel toolchain/arm gcc/native/4.8.1443/arm-gnu-toolchain/bin/../lib/gcc/arm-none-eabi/4.8.4/../../../../arm-none-eabi/lib/armv7-m/crt0.o (__libc_init_array)
c:/program files (x86)/atmel/atmel toolchain/arm gcc/native/4.8.1443/arm-gnu-toolchain/bin/../lib/gcc/arm-none-eabi/4.8.4/../../../../arm-none-eabi/lib/armv7-m\libc.a(lib_a-iprintf.o)
                              src/PIDRegulation.o (iprintf)
c:/program files (x86)/atmel/atmel toolchain/arm gcc/native/4.8.1443/arm-gnu-toolchain/bin/../lib/gcc/arm-none-eabi/4.8.4/../../../../arm-none-eabi/lib/armv7-m\libc.a(lib_a-memcpy.o)
                              src/ASF/thirdparty/freertos/freertos-7.3.0/source/queue.o (memcpy)
c:/program files (x86)/atmel/atmel toolchain/arm gcc/native/4.8.1443/arm-gnu-toolchain/bin/../lib/gcc/arm-none-eabi/4.8.4/../../../../arm-none-eabi/lib/armv7-m\libc.a(lib_a-memset.o)
                              c:/program files (x86)/atmel/atmel toolchain/arm gcc/native/4.8.1443/arm-gnu-toolchain/bin/../lib/gcc/arm-none-eabi/4.8.4/../../../../arm-none-eabi/lib/armv7-m/crt0.o (memset)
c:/program files (x86)/atmel/atmel toolchain/arm gcc/native/4.8.1443/arm-gnu-toolchain/bin/../lib/gcc/arm-none-eabi/4.8.4/../../../../arm-none-eabi/lib/armv7-m\libc.a(lib_a-puts.o)
                              src/ASF/sam/drivers/adc/adc.o (puts)
c:/program files (x86)/atmel/atmel toolchain/arm gcc/native/4.8.1443/arm-gnu-toolchain/bin/../lib/gcc/arm-none-eabi/4.8.4/../../../../arm-none-eabi/lib/armv7-m\libc.a(lib_a-setbuf.o)
                              src/main.o (setbuf)
c:/program files (x86)/atmel/atmel toolchain/arm gcc/native/4.8.1443/arm-gnu-toolchain/bin/../lib/gcc/arm-none-eabi/4.8.4/../../../../arm-none-eabi/lib/armv7-m\libc.a(lib_a-setvbuf.o)
                              c:/program files (x86)/atmel/atmel toolchain/arm gcc/native/4.8.1443/arm-gnu-toolchain/bin/../lib/gcc/arm-none-eabi/4.8.4/../../../../arm-none-eabi/lib/armv7-m\libc.a(lib_a-setbuf.o) (setvbuf)
c:/program files (x86)/atmel/atmel toolchain/arm gcc/native/4.8.1443/arm-gnu-toolchain/bin/../lib/gcc/arm-none-eabi/4.8.4/../../../../arm-none-eabi/lib/armv7-m\libc.a(lib_a-sprintf.o)
                              src/ASF/thirdparty/freertos/freertos-7.3.0/source/tasks.o (sprintf)
c:/program files (x86)/atmel/atmel toolchain/arm gcc/native/4.8.1443/arm-gnu-toolchain/bin/../lib/gcc/arm-none-eabi/4.8.4/../../../../arm-none-eabi/lib/armv7-m\libc.a(lib_a-strcat.o)
                              src/ASF/thirdparty/freertos/freertos-7.3.0/source/tasks.o (strcat)
c:/program files (x86)/atmel/atmel toolchain/arm gcc/native/4.8.1443/arm-gnu-toolchain/bin/../lib/gcc/arm-none-eabi/4.8.4/../../../../arm-none-eabi/lib/armv7-m\libc.a(lib_a-strcpy.o)
                              c:/program files (x86)/atmel/atmel toolchain/arm gcc/native/4.8.1443/arm-gnu-toolchain/bin/../lib/gcc/arm-none-eabi/4.8.4/../../../../arm-none-eabi/lib/armv7-m\libc.a(lib_a-strcat.o) (strcpy)
c:/program files (x86)/atmel/atmel toolchain/arm gcc/native/4.8.1443/arm-gnu-toolchain/bin/../lib/gcc/arm-none-eabi/4.8.4/../../../../arm-none-eabi/lib/armv7-m\libc.a(lib_a-strlen.o)
                              src/ASF/thirdparty/freertos/freertos-7.3.0/source/FreeRTOS_CLI.o (strlen)
c:/program files (x86)/atmel/atmel toolchain/arm gcc/native/4.8.1443/arm-gnu-toolchain/bin/../lib/gcc/arm-none-eabi/4.8.4/../../../../arm-none-eabi/lib/armv7-m\libc.a(lib_a-strncmp.o)
                              src/ASF/thirdparty/freertos/freertos-7.3.0/source/FreeRTOS_CLI.o (strncmp)
c:/program files (x86)/atmel/atmel toolchain/arm gcc/native/4.8.1443/arm-gnu-toolchain/bin/../lib/gcc/arm-none-eabi/4.8.4/../../../../arm-none-eabi/lib/armv7-m\libc.a(lib_a-strncpy.o)
                              src/ASF/thirdparty/freertos/freertos-7.3.0/source/FreeRTOS_CLI.o (strncpy)
[...]
Memory Configuration

Name             Origin             Length             Attributes
rom              0x00080000         0x00080000         xr
sram0            0x20000000         0x00010000         xrw
sram1            0x20080000         0x00008000         xrw
ram              0x20070000         0x00018000         xrw
*default*        0x00000000         0xffffffff

Linker script and memory map

LOAD c:/program files (x86)/atmel/atmel toolchain/arm gcc/native/4.8.1443/arm-gnu-toolchain/bin/../lib/gcc/arm-none-eabi/4.8.4/armv7-m/crti.o
LOAD c:/program files (x86)/atmel/atmel toolchain/arm gcc/native/4.8.1443/arm-gnu-toolchain/bin/../lib/gcc/arm-none-eabi/4.8.4/armv7-m/crtbegin.o
LOAD c:/program files (x86)/atmel/atmel toolchain/arm gcc/native/4.8.1443/arm-gnu-toolchain/bin/../lib/gcc/arm-none-eabi/4.8.4/../../../../arm-none-eabi/lib/armv7-m/crt0.o
LOAD src/ASF/sam/drivers/pwm/pwm.o
LOAD src/pwm_custom.o
LOAD src/PIDRegulation.o
LOAD src/adc_custom.o
LOAD src/ASF/common/services/clock/sam3x/sysclk.o
LOAD src/ASF/common/services/delay/sam/cycle_counter.o
LOAD src/ASF/common/services/serial/usart_serial.o
LOAD src/ASF/common/utils/interrupt/interrupt_sam_nvic.o
LOAD src/ASF/common/utils/stdio/read.o
LOAD src/ASF/common/utils/stdio/write.o
LOAD src/ASF/sam/boards/arduino_due_x/init.o
LOAD src/ASF/sam/drivers/adc/adc.o
LOAD src/ASF/sam/drivers/adc/adc_sam3u.o
LOAD src/ASF/sam/drivers/dacc/dacc.o
LOAD src/ASF/sam/drivers/pio/pio.o
LOAD src/ASF/sam/drivers/pio/pio_handler.o
LOAD src/ASF/sam/drivers/pmc/pmc.o
LOAD src/ASF/sam/drivers/pmc/sleep.o
LOAD src/ASF/sam/drivers/tc/tc.o
LOAD src/ASF/sam/drivers/uart/uart.o
LOAD src/ASF/sam/drivers/usart/usart.o
LOAD src/ASF/sam/utils/cmsis/sam3x/source/templates/exceptions.o
LOAD src/ASF/sam/utils/cmsis/sam3x/source/templates/gcc/startup_sam3x.o
LOAD src/ASF/sam/utils/cmsis/sam3x/source/templates/system_sam3x.o
LOAD src/ASF/sam/utils/syscalls/gcc/syscalls.o
LOAD src/ASF/thirdparty/freertos/freertos-7.3.0/source/FreeRTOS_CLI.o
LOAD src/ASF/thirdparty/freertos/freertos-7.3.0/source/list.o
LOAD src/ASF/thirdparty/freertos/freertos-7.3.0/source/portable/gcc/sam/port.o
LOAD src/ASF/thirdparty/freertos/freertos-7.3.0/source/portable/memmang/heap_4.o
LOAD src/ASF/thirdparty/freertos/freertos-7.3.0/source/queue.o
LOAD src/ASF/thirdparty/freertos/freertos-7.3.0/source/tasks.o
LOAD src/ASF/thirdparty/freertos/freertos-7.3.0/source/timers.o
LOAD src/main.o
START GROUP
LOAD ../src/ASF/thirdparty/CMSIS/Lib/GCC\libarm_cortexM3l_math.a
LOAD c:/program files (x86)/atmel/atmel toolchain/arm gcc/native/4.8.1443/arm-gnu-toolchain/bin/../lib/gcc/arm-none-eabi/4.8.4/../../../../arm-none-eabi/lib/armv7-m\libm.a
END GROUP
START GROUP
LOAD c:/program files (x86)/atmel/atmel toolchain/arm gcc/native/4.8.1443/arm-gnu-toolchain/bin/../lib/gcc/arm-none-eabi/4.8.4/armv7-m\libgcc.a
LOAD c:/program files (x86)/atmel/atmel toolchain/arm gcc/native/4.8.1443/arm-gnu-toolchain/bin/../lib/gcc/arm-none-eabi/4.8.4/../../../../arm-none-eabi/lib/armv7-m\libc.a
END GROUP
LOAD c:/program files (x86)/atmel/atmel toolchain/arm gcc/native/4.8.1443/arm-gnu-toolchain/bin/../lib/gcc/arm-none-eabi/4.8.4/armv7-m/crtend.o
LOAD c:/program files (x86)/atmel/atmel toolchain/arm gcc/native/4.8.1443/arm-gnu-toolchain/bin/../lib/gcc/arm-none-eabi/4.8.4/armv7-m/crtn.o
                0x00002000                __stack_size__ = DEFINED (__stack_size__)?__stack_size__:0x2000
                0x20087ffc                __ram_end__ = ((ORIGIN (ram) + 0x18000) - 0x4)

.text           0x00080000     0x56d8
                0x00080000                . = ALIGN (0x4)
                0x00080000                _sfixed = .
 *(.vectors .vectors.*)
 .vectors       0x00080000       0xf4 src/ASF/sam/utils/cmsis/sam3x/source/templates/gcc/startup_sam3x.o
                0x00080000                exception_table
 *(.text .text.* .gnu.linkonce.t.*)
 .text          0x000800f4       0x54 c:/program files (x86)/atmel/atmel toolchain/arm gcc/native/4.8.1443/arm-gnu-toolchain/bin/../lib/gcc/arm-none-eabi/4.8.4/armv7-m/crtbegin.o
 .text.pwm_clocks_generate
                0x00080148       0x58 src/ASF/sam/drivers/pwm/pwm.o
 .text.pwm_init
                0x000801a0       0x40 src/ASF/sam/drivers/pwm/pwm.o
                0x000801a0                pwm_init
 .text.pwm_channel_init
                0x000801e0      0x104 src/ASF/sam/drivers/pwm/pwm.o
                0x000801e0                pwm_channel_init
 .text.pwm_channel_enable
                0x000802e4        0xc src/ASF/sam/drivers/pwm/pwm.o
                0x000802e4                pwm_channel_enable
 .text.pwm_channel_disable
                0x000802f0        0xc src/ASF/sam/drivers/pwm/pwm.o
                0x000802f0                pwm_channel_disable
 .text.fan_motor_control_init
                0x000802fc       0xa4 src/pwm_custom.o
                0x000802fc                fan_motor_control_init
 .text.read_distance
                0x000803a0       0x30 src/PIDRegulation.o
                0x000803a0                read_distance
 .text.testPrintADC
                0x000803d0       0x40 src/PIDRegulation.o
                0x000803d0                testPrintADC
 .text.PIDRegulationTask
                0x00080410       0x14 src/PIDRegulation.o
                0x00080410                PIDRegulationTask
 .text.adc_distanceSensor_setup
                0x00080424       0x64 src/adc_custom.o
                0x00080424                adc_distanceSensor_setup
 .text.sysclk_init
                0x00080488       0x64 src/ASF/common/services/clock/sam3x/sysclk.o
                0x00080488                sysclk_init
 .text._read    0x000804ec       0x40 src/ASF/common/utils/stdio/read.o
                0x000804ec                _read
 .text._write   0x0008052c       0x54 src/ASF/common/utils/stdio/write.o
                0x0008052c                _write
 .text.board_init
                0x00080580       0x88 src/ASF/sam/boards/arduino_due_x/init.o
                0x00080580                board_init
 .text.adc_init
                0x00080608       0x34 src/ASF/sam/drivers/adc/adc.o
                0x00080608                adc_init
 .text.adc_set_resolution
                0x0008063c       0x10 src/ASF/sam/drivers/adc/adc.o
                0x0008063c                adc_set_resolution
 .text.adc_configure_trigger
                0x0008064c       0x10 src/ASF/sam/drivers/adc/adc.o
                0x0008064c                adc_configure_trigger
 .text.adc_configure_timing
                0x0008065c       0x20 src/ASF/sam/drivers/adc/adc.o
                0x0008065c                adc_configure_timing
 .text.adc_start
                0x0008067c        0x8 src/ASF/sam/drivers/adc/adc.o
                0x0008067c                adc_start
 .text.adc_enable_channel
                0x00080684        0xc src/ASF/sam/drivers/adc/adc.o
                0x00080684                adc_enable_channel
 .text.adc_get_channel_value
                0x00080690       0x10 src/ASF/sam/drivers/adc/adc.o
                0x00080690                adc_get_channel_value
 .text.adc_get_status
                0x000806a0        0x4 src/ASF/sam/drivers/adc/adc.o
                0x000806a0                adc_get_status
 .text.pio_set_peripheral
                0x000806a4       0x40 src/ASF/sam/drivers/pio/pio.o
                0x000806a4                pio_set_peripheral
 .text.pio_set_input
                0x000806e4       0x34 src/ASF/sam/drivers/pio/pio.o
                0x000806e4                pio_set_input
 .text.pio_set_output
                0x00080718       0x28 src/ASF/sam/drivers/pio/pio.o
                0x00080718                pio_set_output
 .text.pio_get_interrupt_status
                0x00080740        0x4 src/ASF/sam/drivers/pio/pio.o
                0x00080740                pio_get_interrupt_status
 .text.pio_get_interrupt_mask
                0x00080744        0x4 src/ASF/sam/drivers/pio/pio.o
                0x00080744                pio_get_interrupt_mask
 .text.pio_configure_pin
                0x00080748       0xd4 src/ASF/sam/drivers/pio/pio.o
                0x00080748                pio_configure_pin
 .text.pio_configure_pin_group
                0x0008081c       0xa0 src/ASF/sam/drivers/pio/pio.o
                0x0008081c                pio_configure_pin_group
 .text.pio_handler_process
                0x000808bc       0x58 src/ASF/sam/drivers/pio/pio_handler.o
                0x000808bc                pio_handler_process
 .text.PIOA_Handler
                0x00080914       0x14 src/ASF/sam/drivers/pio/pio_handler.o
                0x00080914                PIOA_Handler
 .text.PIOB_Handler
                0x00080928       0x14 src/ASF/sam/drivers/pio/pio_handler.o
                0x00080928                PIOB_Handler
 .text.PIOC_Handler
                0x0008093c       0x14 src/ASF/sam/drivers/pio/pio_handler.o
                0x0008093c                PIOC_Handler
 .text.PIOD_Handler
                0x00080950       0x14 src/ASF/sam/drivers/pio/pio_handler.o
                0x00080950                PIOD_Handler
 .text.pmc_switch_mck_to_pllack
                0x00080964       0x64 src/ASF/sam/drivers/pmc/pmc.o
                0x00080964                pmc_switch_mck_to_pllack
 .text.pmc_switch_mainck_to_xtal
                0x000809c8       0x54 src/ASF/sam/drivers/pmc/pmc.o
                0x000809c8                pmc_switch_mainck_to_xtal
 .text.pmc_osc_is_ready_mainck
                0x00080a1c       0x10 src/ASF/sam/drivers/pmc/pmc.o
                0x00080a1c                pmc_osc_is_ready_mainck
 .text.pmc_disable_pllack
                0x00080a2c       0x10 src/ASF/sam/drivers/pmc/pmc.o
                0x00080a2c                pmc_disable_pllack
 .text.pmc_is_locked_pllack
                0x00080a3c       0x10 src/ASF/sam/drivers/pmc/pmc.o
                0x00080a3c                pmc_is_locked_pllack
 .text.pmc_enable_periph_clk
                0x00080a4c       0x58 src/ASF/sam/drivers/pmc/pmc.o
                0x00080a4c                pmc_enable_periph_clk
 .text.uart_init
                0x00080aa4       0x38 src/ASF/sam/drivers/uart/uart.o
                0x00080aa4                uart_init
 .text.uart_write
                0x00080adc       0x10 src/ASF/sam/drivers/uart/uart.o
                0x00080adc                uart_write
 .text.uart_read
                0x00080aec       0x14 src/ASF/sam/drivers/uart/uart.o
                0x00080aec                uart_read
 .text.usart_write
                0x00080b00       0x14 src/ASF/sam/drivers/usart/usart.o
                0x00080b00                usart_write
 .text.usart_read
                0x00080b14       0x18 src/ASF/sam/drivers/usart/usart.o
                0x00080b14                usart_read
 .text.Dummy_Handler
                0x00080b2c        0x4 src/ASF/sam/utils/cmsis/sam3x/source/templates/exceptions.o
                0x00080b2c                DACC_Handler
                0x00080b2c                DebugMon_Handler
                0x00080b2c                DMAC_Handler
                0x00080b2c                TRNG_Handler
                0x00080b2c                HardFault_Handler
                0x00080b2c                TC2_Handler
                0x00080b2c                USART3_Handler
                0x00080b2c                TWI1_Handler
                0x00080b2c                NMI_Handler
                0x00080b2c                TC7_Handler
                0x00080b2c                ADC_Handler
                0x00080b2c                SMC_Handler
                0x00080b2c                USART0_Handler
                0x00080b2c                RTT_Handler
                0x00080b2c                EFC1_Handler
                0x00080b2c                RTC_Handler
                0x00080b2c                UsageFault_Handler
                0x00080b2c                TC6_Handler
                0x00080b2c                WDT_Handler
                0x00080b2c                CAN0_Handler
                0x00080b2c                TC4_Handler
                0x00080b2c                TC1_Handler
                0x00080b2c                HSMCI_Handler
                0x00080b2c                TC3_Handler
                0x00080b2c                Dummy_Handler
                0x00080b2c                TWI0_Handler
                0x00080b2c                USART1_Handler
                0x00080b2c                SSC_Handler
                0x00080b2c                EFC0_Handler
                0x00080b2c                PMC_Handler
                0x00080b2c                PWM_Handler
                0x00080b2c                CAN1_Handler
                0x00080b2c                MemManage_Handler
                0x00080b2c                SUPC_Handler
                0x00080b2c                TC8_Handler
                0x00080b2c                USART2_Handler
                0x00080b2c                EMAC_Handler
                0x00080b2c                UART_Handler
                0x00080b2c                BusFault_Handler
                0x00080b2c                RSTC_Handler
                0x00080b2c                TC0_Handler
                0x00080b2c                TC5_Handler
                0x00080b2c                UOTGHS_Handler
                0x00080b2c                SPI0_Handler
 .text.Reset_Handler
                0x00080b30       0xb0 src/ASF/sam/utils/cmsis/sam3x/source/templates/gcc/startup_sam3x.o
                0x00080b30                Reset_Handler
 .text.SystemCoreClockUpdate
                0x00080be0      0x11c src/ASF/sam/utils/cmsis/sam3x/source/templates/system_sam3x.o
                0x00080be0                SystemCoreClockUpdate
 .text._sbrk    0x00080cfc       0x34 src/ASF/sam/utils/syscalls/gcc/syscalls.o
                0x00080cfc                _sbrk
 .text._close   0x00080d30        0x8 src/ASF/sam/utils/syscalls/gcc/syscalls.o
                0x00080d30                _close
 .text._fstat   0x00080d38        0xc src/ASF/sam/utils/syscalls/gcc/syscalls.o
                0x00080d38                _fstat
 .text._isatty  0x00080d44        0x4 src/ASF/sam/utils/syscalls/gcc/syscalls.o
                0x00080d44                _isatty
 .text._lseek   0x00080d48        0x4 src/ASF/sam/utils/syscalls/gcc/syscalls.o
                0x00080d48                _lseek
 .text.vListInitialise
                0x00080d4c       0x18 src/ASF/thirdparty/freertos/freertos-7.3.0/source/list.o
                0x00080d4c                vListInitialise
 .text.vListInitialiseItem
                0x00080d64        0x8 src/ASF/thirdparty/freertos/freertos-7.3.0/source/list.o
                0x00080d64                vListInitialiseItem
 .text.vListInsertEnd
                0x00080d6c       0x1c src/ASF/thirdparty/freertos/freertos-7.3.0/source/list.o
                0x00080d6c                vListInsertEnd
 .text.vListInsert
                0x00080d88       0x44 src/ASF/thirdparty/freertos/freertos-7.3.0/source/list.o
                0x00080d88                vListInsert
 .text.uxListRemove
                0x00080dcc       0x28 src/ASF/thirdparty/freertos/freertos-7.3.0/source/list.o
                0x00080dcc                uxListRemove
 .text.prvPortStartFirstTask
                0x00080df4       0x14 src/ASF/thirdparty/freertos/freertos-7.3.0/source/portable/gcc/sam/port.o
 .text.pxPortInitialiseStack
                0x00080e08       0x1c src/ASF/thirdparty/freertos/freertos-7.3.0/source/portable/gcc/sam/port.o
                0x00080e08                pxPortInitialiseStack
 .text.SVC_Handler
                0x00080e24       0x20 src/ASF/thirdparty/freertos/freertos-7.3.0/source/portable/gcc/sam/port.o
                0x00080e24                SVC_Handler
 .text.vPortYieldFromISR
                0x00080e44       0x10 src/ASF/thirdparty/freertos/freertos-7.3.0/source/portable/gcc/sam/port.o
                0x00080e44                vPortYieldFromISR
 .text.ulPortSetInterruptMask
                0x00080e54       0x10 src/ASF/thirdparty/freertos/freertos-7.3.0/source/portable/gcc/sam/port.o
                0x00080e54                ulPortSetInterruptMask
 .text.vPortEnterCritical
                0x00080e64       0x18 src/ASF/thirdparty/freertos/freertos-7.3.0/source/portable/gcc/sam/port.o
                0x00080e64                vPortEnterCritical
 .text.vPortClearInterruptMask
                0x00080e7c        0x8 src/ASF/thirdparty/freertos/freertos-7.3.0/source/portable/gcc/sam/port.o
                0x00080e7c                vPortClearInterruptMask
 .text.vPortExitCritical
                0x00080e84       0x1c src/ASF/thirdparty/freertos/freertos-7.3.0/source/portable/gcc/sam/port.o
                0x00080e84                vPortExitCritical
 .text.PendSV_Handler
                0x00080ea0       0x3c src/ASF/thirdparty/freertos/freertos-7.3.0/source/portable/gcc/sam/port.o
                0x00080ea0                PendSV_Handler
 .text.SysTick_Handler
                0x00080edc       0x2c src/ASF/thirdparty/freertos/freertos-7.3.0/source/portable/gcc/sam/port.o
                0x00080edc                SysTick_Handler
 .text.vPortSetupTimerInterrupt
                0x00080f08       0x18 src/ASF/thirdparty/freertos/freertos-7.3.0/source/portable/gcc/sam/port.o
                0x00080f08                vPortSetupTimerInterrupt
 .text.xPortStartScheduler
                0x00080f20       0x38 src/ASF/thirdparty/freertos/freertos-7.3.0/source/portable/gcc/sam/port.o
                0x00080f20                xPortStartScheduler
 .text.prvInsertBlockIntoFreeList
                0x00080f58       0x58 src/ASF/thirdparty/freertos/freertos-7.3.0/source/portable/memmang/heap_4.o
 .text.pvPortMalloc
                0x00080fb0       0xc4 src/ASF/thirdparty/freertos/freertos-7.3.0/source/portable/memmang/heap_4.o
                0x00080fb0                pvPortMalloc
 .text.vPortFree
                0x00081074       0x34 src/ASF/thirdparty/freertos/freertos-7.3.0/source/portable/memmang/heap_4.o
                0x00081074                vPortFree
 .text.prvCopyDataToQueue
                0x000810a8       0x64 src/ASF/thirdparty/freertos/freertos-7.3.0/source/queue.o
 .text.prvCopyDataFromQueue
                0x0008110c       0x28 src/ASF/thirdparty/freertos/freertos-7.3.0/source/queue.o
 .text.prvUnlockQueue
                0x00081134       0x8c src/ASF/thirdparty/freertos/freertos-7.3.0/source/queue.o
 .text.xQueueGenericReset
                0x000811c0       0x7c src/ASF/thirdparty/freertos/freertos-7.3.0/source/queue.o
                0x000811c0                xQueueGenericReset
 .text.xQueueGenericCreate
                0x0008123c       0x58 src/ASF/thirdparty/freertos/freertos-7.3.0/source/queue.o
                0x0008123c                xQueueGenericCreate
 .text.xQueueGenericSend
                0x00081294      0x124 src/ASF/thirdparty/freertos/freertos-7.3.0/source/queue.o
                0x00081294                xQueueGenericSend
 .text.xQueueGenericSendFromISR
                0x000813b8       0x90 src/ASF/thirdparty/freertos/freertos-7.3.0/source/queue.o
                0x000813b8                xQueueGenericSendFromISR
 .text.xQueueGenericReceive
                0x00081448      0x164 src/ASF/thirdparty/freertos/freertos-7.3.0/source/queue.o
                0x00081448                xQueueGenericReceive
 .text.vQueueWaitForMessageRestricted
                0x000815ac       0x4c src/ASF/thirdparty/freertos/freertos-7.3.0/source/queue.o
                0x000815ac                vQueueWaitForMessageRestricted
 .text.prvAddCurrentTaskToDelayedList
                0x000815f8       0x5c src/ASF/thirdparty/freertos/freertos-7.3.0/source/tasks.o
 .text.xTaskGenericCreate
                0x00081654      0x208 src/ASF/thirdparty/freertos/freertos-7.3.0/source/tasks.o
                0x00081654                xTaskGenericCreate
 .text.vTaskStartScheduler
                0x0008185c       0x6c src/ASF/thirdparty/freertos/freertos-7.3.0/source/tasks.o
                0x0008185c                vTaskStartScheduler
 .text.vTaskSuspendAll
                0x000818c8       0x10 src/ASF/thirdparty/freertos/freertos-7.3.0/source/tasks.o
                0x000818c8                vTaskSuspendAll
 .text.xTaskGetTickCount
                0x000818d8       0x20 src/ASF/thirdparty/freertos/freertos-7.3.0/source/tasks.o
                0x000818d8                xTaskGetTickCount
 .text.vTaskIncrementTick
                0x000818f8      0x12c src/ASF/thirdparty/freertos/freertos-7.3.0/source/tasks.o
                0x000818f8                vTaskIncrementTick
 .text.xTaskResumeAll
                0x00081a24      0x108 src/ASF/thirdparty/freertos/freertos-7.3.0/source/tasks.o
                0x00081a24                xTaskResumeAll
 .text.vTaskDelayUntil
                0x00081b2c       0x98 src/ASF/thirdparty/freertos/freertos-7.3.0/source/tasks.o
                0x00081b2c                vTaskDelayUntil
 .text.prvIdleTask
                0x00081bc4       0x84 src/ASF/thirdparty/freertos/freertos-7.3.0/source/tasks.o
 .text.vTaskSwitchContext
                0x00081c48       0x90 src/ASF/thirdparty/freertos/freertos-7.3.0/source/tasks.o
                0x00081c48                vTaskSwitchContext
 .text.vTaskPlaceOnEventList
                0x00081cd8       0x64 src/ASF/thirdparty/freertos/freertos-7.3.0/source/tasks.o
                0x00081cd8                vTaskPlaceOnEventList
 .text.vTaskPlaceOnEventListRestricted
                0x00081d3c       0x48 src/ASF/thirdparty/freertos/freertos-7.3.0/source/tasks.o
                0x00081d3c                vTaskPlaceOnEventListRestricted
 .text.xTaskRemoveFromEventList
                0x00081d84       0x84 src/ASF/thirdparty/freertos/freertos-7.3.0/source/tasks.o
                0x00081d84                xTaskRemoveFromEventList
 .text.vTaskSetTimeOutState
                0x00081e08       0x28 src/ASF/thirdparty/freertos/freertos-7.3.0/source/tasks.o
                0x00081e08                vTaskSetTimeOutState
 .text.xTaskCheckForTimeOut
                0x00081e30       0x8c src/ASF/thirdparty/freertos/freertos-7.3.0/source/tasks.o
                0x00081e30                xTaskCheckForTimeOut
 .text.vTaskMissedYield
                0x00081ebc        0xc src/ASF/thirdparty/freertos/freertos-7.3.0/source/tasks.o
                0x00081ebc                vTaskMissedYield
 .text.xTaskGetCurrentTaskHandle
                0x00081ec8        0xc src/ASF/thirdparty/freertos/freertos-7.3.0/source/tasks.o
                0x00081ec8                xTaskGetCurrentTaskHandle
 .text.xTaskGetSchedulerState
                0x00081ed4       0x20 src/ASF/thirdparty/freertos/freertos-7.3.0/source/tasks.o
                0x00081ed4                xTaskGetSchedulerState
 .text.vTaskPriorityInherit
                0x00081ef4       0x7c src/ASF/thirdparty/freertos/freertos-7.3.0/source/tasks.o
                0x00081ef4                vTaskPriorityInherit
 .text.vTaskPriorityDisinherit
                0x00081f70       0x50 src/ASF/thirdparty/freertos/freertos-7.3.0/source/tasks.o
                0x00081f70                vTaskPriorityDisinherit
 .text.prvInsertTimerInActiveList
                0x00081fc0       0x50 src/ASF/thirdparty/freertos/freertos-7.3.0/source/timers.o
 .text.prvCheckForValidListAndQueue
                0x00082010       0x5c src/ASF/thirdparty/freertos/freertos-7.3.0/source/timers.o
 .text.xTimerCreateTimerTask
                0x0008206c       0x4c src/ASF/thirdparty/freertos/freertos-7.3.0/source/timers.o
                0x0008206c                xTimerCreateTimerTask
 .text.xTimerGenericCommand
                0x000820b8       0x58 src/ASF/thirdparty/freertos/freertos-7.3.0/source/timers.o
                0x000820b8                xTimerGenericCommand
 .text.prvSampleTimeNow
                0x00082110       0xbc src/ASF/thirdparty/freertos/freertos-7.3.0/source/timers.o
 .text.prvTimerTask
                0x000821cc      0x180 src/ASF/thirdparty/freertos/freertos-7.3.0/source/timers.o
 .text.usart_serial_getchar
                0x0008234c       0xa8 src/main.o
 .text.usart_serial_putchar
                0x000823f4       0xa8 src/main.o
 .text.main     0x0008249c      0x110 src/main.o
                0x0008249c                main
 .text.__libc_init_array
                0x000825ac       0x50 c:/program files (x86)/atmel/atmel toolchain/arm gcc/native/4.8.1443/arm-gnu-toolchain/bin/../lib/gcc/arm-none-eabi/4.8.4/../../../../arm-none-eabi/lib/armv7-m\libc.a(lib_a-init.o)
                0x000825ac                __libc_init_array
 .text.iprintf  0x000825fc       0x28 c:/program files (x86)/atmel/atmel toolchain/arm gcc/native/4.8.1443/arm-gnu-toolchain/bin/../lib/gcc/arm-none-eabi/4.8.4/../../../../arm-none-eabi/lib/armv7-m\libc.a(lib_a-iprintf.o)
                0x000825fc                iprintf
 .text          0x00082624       0xec c:/program files (x86)/atmel/atmel toolchain/arm gcc/native/4.8.1443/arm-gnu-toolchain/bin/../lib/gcc/arm-none-eabi/4.8.4/../../../../arm-none-eabi/lib/armv7-m\libc.a(lib_a-memcpy.o)
                0x00082624                memcpy
 .text.memset   0x00082710       0x94 c:/program files (x86)/atmel/atmel toolchain/arm gcc/native/4.8.1443/arm-gnu-toolchain/bin/../lib/gcc/arm-none-eabi/4.8.4/../../../../arm-none-eabi/lib/armv7-m\libc.a(lib_a-memset.o)
                0x00082710                memset
 .text.setbuf   0x000827a4       0x10 c:/program files (x86)/atmel/atmel toolchain/arm gcc/native/4.8.1443/arm-gnu-toolchain/bin/../lib/gcc/arm-none-eabi/4.8.4/../../../../arm-none-eabi/lib/armv7-m\libc.a(lib_a-setbuf.o)
                0x000827a4                setbuf
 .text.setvbuf  0x000827b4      0x100 c:/program files (x86)/atmel/atmel toolchain/arm gcc/native/4.8.1443/arm-gnu-toolchain/bin/../lib/gcc/arm-none-eabi/4.8.4/../../../../arm-none-eabi/lib/armv7-m\libc.a(lib_a-setvbuf.o)
                0x000827b4                setvbuf
 .text.strlen   0x000828b4       0x60 c:/program files (x86)/atmel/atmel toolchain/arm gcc/native/4.8.1443/arm-gnu-toolchain/bin/../lib/gcc/arm-none-eabi/4.8.4/../../../../arm-none-eabi/lib/armv7-m\libc.a(lib_a-strlen.o)
                0x000828b4                strlen
 .text.strncpy  0x00082914       0x64 c:/program files (x86)/atmel/atmel toolchain/arm gcc/native/4.8.1443/arm-gnu-toolchain/bin/../lib/gcc/arm-none-eabi/4.8.4/../../../../arm-none-eabi/lib/armv7-m\libc.a(lib_a-strncpy.o)
                0x00082914                strncpy
 .text.__sprint_r.part.0
                0x00082978       0x78 c:/program files (x86)/atmel/atmel toolchain/arm gcc/native/4.8.1443/arm-gnu-toolchain/bin/../lib/gcc/arm-none-eabi/4.8.4/../../../../arm-none-eabi/lib/armv7-m\libc.a(lib_a-vfiprintf.o)
 .text._vfiprintf_r
                0x000829f0      0xc54 c:/program files (x86)/atmel/atmel toolchain/arm gcc/native/4.8.1443/arm-gnu-toolchain/bin/../lib/gcc/arm-none-eabi/4.8.4/../../../../arm-none-eabi/lib/armv7-m\libc.a(lib_a-vfiprintf.o)
                0x000829f0                _vfiprintf_r
 .text.__sbprintf
                0x00083644       0x7c c:/program files (x86)/atmel/atmel toolchain/arm gcc/native/4.8.1443/arm-gnu-toolchain/bin/../lib/gcc/arm-none-eabi/4.8.4/../../../../arm-none-eabi/lib/armv7-m\libc.a(lib_a-vfiprintf.o)
 .text.__swsetup_r
                0x000836c0       0xc4 c:/program files (x86)/atmel/atmel toolchain/arm gcc/native/4.8.1443/arm-gnu-toolchain/bin/../lib/gcc/arm-none-eabi/4.8.4/../../../../arm-none-eabi/lib/armv7-m\libc.a(lib_a-wsetup.o)
                0x000836c0                __swsetup_r
 .text.startup.register_fini
                0x00083784       0x14 c:/program files (x86)/atmel/atmel toolchain/arm gcc/native/4.8.1443/arm-gnu-toolchain/bin/../lib/gcc/arm-none-eabi/4.8.4/../../../../arm-none-eabi/lib/armv7-m\libc.a(lib_a-__call_atexit.o)
 .text.atexit   0x00083798        0xc c:/program files (x86)/atmel/atmel toolchain/arm gcc/native/4.8.1443/arm-gnu-toolchain/bin/../lib/gcc/arm-none-eabi/4.8.4/../../../../arm-none-eabi/lib/armv7-m\libc.a(lib_a-atexit.o)
                0x00083798                atexit
 .text.__sflush_r
                0x000837a4      0x148 c:/program files (x86)/atmel/atmel toolchain/arm gcc/native/4.8.1443/arm-gnu-toolchain/bin/../lib/gcc/arm-none-eabi/4.8.4/../../../../arm-none-eabi/lib/armv7-m\libc.a(lib_a-fflush.o)
                0x000837a4                __sflush_r
 .text._fflush_r
                0x000838ec       0x2c c:/program files (x86)/atmel/atmel toolchain/arm gcc/native/4.8.1443/arm-gnu-toolchain/bin/../lib/gcc/arm-none-eabi/4.8.4/../../../../arm-none-eabi/lib/armv7-m\libc.a(lib_a-fflush.o)
                0x000838ec                _fflush_r
 .text._cleanup_r
                0x00083918        0xc c:/program files (x86)/atmel/atmel toolchain/arm gcc/native/4.8.1443/arm-gnu-toolchain/bin/../lib/gcc/arm-none-eabi/4.8.4/../../../../arm-none-eabi/lib/armv7-m\libc.a(lib_a-findfp.o)
                0x00083918                _cleanup_r
 .text.__sinit  0x00083924       0xf4 c:/program files (x86)/atmel/atmel toolchain/arm gcc/native/4.8.1443/arm-gnu-toolchain/bin/../lib/gcc/arm-none-eabi/4.8.4/../../../../arm-none-eabi/lib/armv7-m\libc.a(lib_a-findfp.o)
                0x00083924                __sinit
 .text.__sfp_lock_acquire
                0x00083a18        0x4 c:/program files (x86)/atmel/atmel toolchain/arm gcc/native/4.8.1443/arm-gnu-toolchain/bin/../lib/gcc/arm-none-eabi/4.8.4/../../../../arm-none-eabi/lib/armv7-m\libc.a(lib_a-findfp.o)
                0x00083a18                __sfp_lock_acquire
 .text.__sfp_lock_release
                0x00083a1c        0x4 c:/program files (x86)/atmel/atmel toolchain/arm gcc/native/4.8.1443/arm-gnu-toolchain/bin/../lib/gcc/arm-none-eabi/4.8.4/../../../../arm-none-eabi/lib/armv7-m\libc.a(lib_a-findfp.o)
                0x00083a1c                __sfp_lock_release
 .text.__libc_fini_array
                0x00083a20       0x30 c:/program files (x86)/atmel/atmel toolchain/arm gcc/native/4.8.1443/arm-gnu-toolchain/bin/../lib/gcc/arm-none-eabi/4.8.4/../../../../arm-none-eabi/lib/armv7-m\libc.a(lib_a-fini.o)
                0x00083a20                __libc_fini_array
 .text._fputwc_r
                0x00083a50       0xc0 c:/program files (x86)/atmel/atmel toolchain/arm gcc/native/4.8.1443/arm-gnu-toolchain/bin/../lib/gcc/arm-none-eabi/4.8.4/../../../../arm-none-eabi/lib/armv7-m\libc.a(lib_a-fputwc.o)
                0x00083a50                _fputwc_r
 .text._malloc_trim_r
                0x00083b10       0x9c c:/program files (x86)/atmel/atmel toolchain/arm gcc/native/4.8.1443/arm-gnu-toolchain/bin/../lib/gcc/arm-none-eabi/4.8.4/../../../../arm-none-eabi/lib/armv7-m\libc.a(lib_a-freer.o)
                0x00083b10                _malloc_trim_r
 .text._free_r  0x00083bac      0x198 c:/program files (x86)/atmel/atmel toolchain/arm gcc/native/4.8.1443/arm-gnu-toolchain/bin/../lib/gcc/arm-none-eabi/4.8.4/../../../../arm-none-eabi/lib/armv7-m\libc.a(lib_a-freer.o)
                0x00083bac                _free_r
 .text.__sfvwrite_r
                0x00083d44      0x318 c:/program files (x86)/atmel/atmel toolchain/arm gcc/native/4.8.1443/arm-gnu-toolchain/bin/../lib/gcc/arm-none-eabi/4.8.4/../../../../arm-none-eabi/lib/armv7-m\libc.a(lib_a-fvwrite.o)
                0x00083d44                __sfvwrite_r
 .text._fwalk   0x0008405c       0x48 c:/program files (x86)/atmel/atmel toolchain/arm gcc/native/4.8.1443/arm-gnu-toolchain/bin/../lib/gcc/arm-none-eabi/4.8.4/../../../../arm-none-eabi/lib/armv7-m\libc.a(lib_a-fwalk.o)
                0x0008405c                _fwalk
 .text.__locale_charset
                0x000840a4        0x8 c:/program files (x86)/atmel/atmel toolchain/arm gcc/native/4.8.1443/arm-gnu-toolchain/bin/../lib/gcc/arm-none-eabi/4.8.4/../../../../arm-none-eabi/lib/armv7-m\libc.a(lib_a-locale.o)
                0x000840a4                __locale_charset
 .text.__locale_mb_cur_max
                0x000840ac        0xc c:/program files (x86)/atmel/atmel toolchain/arm gcc/native/4.8.1443/arm-gnu-toolchain/bin/../lib/gcc/arm-none-eabi/4.8.4/../../../../arm-none-eabi/lib/armv7-m\libc.a(lib_a-locale.o)
                0x000840ac                __locale_mb_cur_max
 .text.__smakebuf_r
                0x000840b8       0xe0 c:/program files (x86)/atmel/atmel toolchain/arm gcc/native/4.8.1443/arm-gnu-toolchain/bin/../lib/gcc/arm-none-eabi/4.8.4/../../../../arm-none-eabi/lib/armv7-m\libc.a(lib_a-makebuf.o)
                0x000840b8                __smakebuf_r
 .text.malloc   0x00084198       0x10 c:/program files (x86)/atmel/atmel toolchain/arm gcc/native/4.8.1443/arm-gnu-toolchain/bin/../lib/gcc/arm-none-eabi/4.8.4/../../../../arm-none-eabi/lib/armv7-m\libc.a(lib_a-malloc.o)
                0x00084198                malloc
 .text._malloc_r
                0x000841a8      0x538 c:/program files (x86)/atmel/atmel toolchain/arm gcc/native/4.8.1443/arm-gnu-toolchain/bin/../lib/gcc/arm-none-eabi/4.8.4/../../../../arm-none-eabi/lib/armv7-m\libc.a(lib_a-mallocr.o)
                0x000841a8                _malloc_r
 .text.memchr   0x000846e0       0x94 c:/program files (x86)/atmel/atmel toolchain/arm gcc/native/4.8.1443/arm-gnu-toolchain/bin/../lib/gcc/arm-none-eabi/4.8.4/../../../../arm-none-eabi/lib/armv7-m\libc.a(lib_a-memchr-stub.o)
                0x000846e0                memchr
 .text.memmove  0x00084774       0xcc c:/program files (x86)/atmel/atmel toolchain/arm gcc/native/4.8.1443/arm-gnu-toolchain/bin/../lib/gcc/arm-none-eabi/4.8.4/../../../../arm-none-eabi/lib/armv7-m\libc.a(lib_a-memmove.o)
                0x00084774                memmove
 .text.__malloc_lock
                0x00084840        0x4 c:/program files (x86)/atmel/atmel toolchain/arm gcc/native/4.8.1443/arm-gnu-toolchain/bin/../lib/gcc/arm-none-eabi/4.8.4/../../../../arm-none-eabi/lib/armv7-m\libc.a(lib_a-mlock.o)
                0x00084840                __malloc_lock
 .text.__malloc_unlock
                0x00084844        0x4 c:/program files (x86)/atmel/atmel toolchain/arm gcc/native/4.8.1443/arm-gnu-toolchain/bin/../lib/gcc/arm-none-eabi/4.8.4/../../../../arm-none-eabi/lib/armv7-m\libc.a(lib_a-mlock.o)
                0x00084844                __malloc_unlock
 .text._realloc_r
                0x00084848      0x3c0 c:/program files (x86)/atmel/atmel toolchain/arm gcc/native/4.8.1443/arm-gnu-toolchain/bin/../lib/gcc/arm-none-eabi/4.8.4/../../../../arm-none-eabi/lib/armv7-m\libc.a(lib_a-reallocr.o)
                0x00084848                _realloc_r
 .text._sbrk_r  0x00084c08       0x24 c:/program files (x86)/atmel/atmel toolchain/arm gcc/native/4.8.1443/arm-gnu-toolchain/bin/../lib/gcc/arm-none-eabi/4.8.4/../../../../arm-none-eabi/lib/armv7-m\libc.a(lib_a-sbrkr.o)
                0x00084c08                _sbrk_r
 .text.__sread  0x00084c2c       0x24 c:/program files (x86)/atmel/atmel toolchain/arm gcc/native/4.8.1443/arm-gnu-toolchain/bin/../lib/gcc/arm-none-eabi/4.8.4/../../../../arm-none-eabi/lib/armv7-m\libc.a(lib_a-stdio.o)
                0x00084c2c                __sread
 .text.__swrite
                0x00084c50       0x38 c:/program files (x86)/atmel/atmel toolchain/arm gcc/native/4.8.1443/arm-gnu-toolchain/bin/../lib/gcc/arm-none-eabi/4.8.4/../../../../arm-none-eabi/lib/armv7-m\libc.a(lib_a-stdio.o)
                0x00084c50                __swrite
 .text.__sseek  0x00084c88       0x20 c:/program files (x86)/atmel/atmel toolchain/arm gcc/native/4.8.1443/arm-gnu-toolchain/bin/../lib/gcc/arm-none-eabi/4.8.4/../../../../arm-none-eabi/lib/armv7-m\libc.a(lib_a-stdio.o)
                0x00084c88                __sseek
 .text.__sclose
                0x00084ca8        0x8 c:/program files (x86)/atmel/atmel toolchain/arm gcc/native/4.8.1443/arm-gnu-toolchain/bin/../lib/gcc/arm-none-eabi/4.8.4/../../../../arm-none-eabi/lib/armv7-m\libc.a(lib_a-stdio.o)
                0x00084ca8                __sclose
 .text.__swbuf_r
                0x00084cb0       0xa8 c:/program files (x86)/atmel/atmel toolchain/arm gcc/native/4.8.1443/arm-gnu-toolchain/bin/../lib/gcc/arm-none-eabi/4.8.4/../../../../arm-none-eabi/lib/armv7-m\libc.a(lib_a-wbuf.o)
                0x00084cb0                __swbuf_r
 .text._wcrtomb_r
                0x00084d58       0x50 c:/program files (x86)/atmel/atmel toolchain/arm gcc/native/4.8.1443/arm-gnu-toolchain/bin/../lib/gcc/arm-none-eabi/4.8.4/../../../../arm-none-eabi/lib/armv7-m\libc.a(lib_a-wcrtomb.o)
                0x00084d58                _wcrtomb_r
 .text.__ascii_wctomb
                0x00084da8       0x1c c:/program files (x86)/atmel/atmel toolchain/arm gcc/native/4.8.1443/arm-gnu-toolchain/bin/../lib/gcc/arm-none-eabi/4.8.4/../../../../arm-none-eabi/lib/armv7-m\libc.a(lib_a-wctomb_r.o)
                0x00084da8                __ascii_wctomb
 .text._write_r
                0x00084dc4       0x28 c:/program files (x86)/atmel/atmel toolchain/arm gcc/native/4.8.1443/arm-gnu-toolchain/bin/../lib/gcc/arm-none-eabi/4.8.4/../../../../arm-none-eabi/lib/armv7-m\libc.a(lib_a-writer.o)
                0x00084dc4                _write_r
 .text.__register_exitproc
                0x00084dec       0xa8 c:/program files (x86)/atmel/atmel toolchain/arm gcc/native/4.8.1443/arm-gnu-toolchain/bin/../lib/gcc/arm-none-eabi/4.8.4/../../../../arm-none-eabi/lib/armv7-m\libc.a(lib_a-__atexit.o)
                0x00084dec                __register_exitproc
 .text._close_r
                0x00084e94       0x24 c:/program files (x86)/atmel/atmel toolchain/arm gcc/native/4.8.1443/arm-gnu-toolchain/bin/../lib/gcc/arm-none-eabi/4.8.4/../../../../arm-none-eabi/lib/armv7-m\libc.a(lib_a-closer.o)
                0x00084e94                _close_r
 .text._fclose_r
                0x00084eb8       0x80 c:/program files (x86)/atmel/atmel toolchain/arm gcc/native/4.8.1443/arm-gnu-toolchain/bin/../lib/gcc/arm-none-eabi/4.8.4/../../../../arm-none-eabi/lib/armv7-m\libc.a(lib_a-fclose.o)
                0x00084eb8                _fclose_r
 .text.fclose   0x00084f38       0x10 c:/program files (x86)/atmel/atmel toolchain/arm gcc/native/4.8.1443/arm-gnu-toolchain/bin/../lib/gcc/arm-none-eabi/4.8.4/../../../../arm-none-eabi/lib/armv7-m\libc.a(lib_a-fclose.o)
                0x00084f38                fclose
 .text._fstat_r
                0x00084f48       0x28 c:/program files (x86)/atmel/atmel toolchain/arm gcc/native/4.8.1443/arm-gnu-toolchain/bin/../lib/gcc/arm-none-eabi/4.8.4/../../../../arm-none-eabi/lib/armv7-m\libc.a(lib_a-fstatr.o)
                0x00084f48                _fstat_r
 .text._isatty_r
                0x00084f70       0x24 c:/program files (x86)/atmel/atmel toolchain/arm gcc/native/4.8.1443/arm-gnu-toolchain/bin/../lib/gcc/arm-none-eabi/4.8.4/../../../../arm-none-eabi/lib/armv7-m\libc.a(lib_a-isattyr.o)
                0x00084f70                _isatty_r
 .text._lseek_r
                0x00084f94       0x28 c:/program files (x86)/atmel/atmel toolchain/arm gcc/native/4.8.1443/arm-gnu-toolchain/bin/../lib/gcc/arm-none-eabi/4.8.4/../../../../arm-none-eabi/lib/armv7-m\libc.a(lib_a-lseekr.o)
                0x00084f94                _lseek_r
 .text._read_r  0x00084fbc       0x28 c:/program files (x86)/atmel/atmel toolchain/arm gcc/native/4.8.1443/arm-gnu-toolchain/bin/../lib/gcc/arm-none-eabi/4.8.4/../../../../arm-none-eabi/lib/armv7-m\libc.a(lib_a-readr.o)
                0x00084fbc                _read_r
 .text          0x00084fe4       0x2c c:/program files (x86)/atmel/atmel toolchain/arm gcc/native/4.8.1443/arm-gnu-toolchain/bin/../lib/gcc/arm-none-eabi/4.8.4/armv7-m\libgcc.a(_aeabi_uldivmod.o)
                0x00084fe4                __aeabi_uldivmod
 .text          0x00085010       0x60 c:/program files (x86)/atmel/atmel toolchain/arm gcc/native/4.8.1443/arm-gnu-toolchain/bin/../lib/gcc/arm-none-eabi/4.8.4/armv7-m\libgcc.a(bpabi.o)
                0x00085010                __gnu_ldivmod_helper
                0x00085040                __gnu_uldivmod_helper
 .text          0x00085070        0x4 c:/program files (x86)/atmel/atmel toolchain/arm gcc/native/4.8.1443/arm-gnu-toolchain/bin/../lib/gcc/arm-none-eabi/4.8.4/armv7-m\libgcc.a(_dvmd_tls.o)
                0x00085070                __aeabi_idiv0
                0x00085070                __aeabi_ldiv0
 .text          0x00085074      0x2a0 c:/program files (x86)/atmel/atmel toolchain/arm gcc/native/4.8.1443/arm-gnu-toolchain/bin/../lib/gcc/arm-none-eabi/4.8.4/armv7-m\libgcc.a(_divdi3.o)
                0x00085074                __divdi3
 .text          0x00085314      0x290 c:/program files (x86)/atmel/atmel toolchain/arm gcc/native/4.8.1443/arm-gnu-toolchain/bin/../lib/gcc/arm-none-eabi/4.8.4/armv7-m\libgcc.a(_udivdi3.o)
                0x00085314                __udivdi3
 *(.glue_7t)
 .glue_7t       0x00000000        0x0 linker stubs
 *(.glue_7)
 .glue_7        0x00000000        0x0 linker stubs
 *(.rodata .rodata* .gnu.linkonce.r.*)
 .rodata        0x000855a4       0x2c src/ASF/sam/drivers/pwm/pwm.o
 .rodata        0x000855d0        0xc src/pwm_custom.o
 .rodata.str1.4
                0x000855dc       0x14 src/PIDRegulation.o
 .rodata.str1.4
                0x000855f0       0x1f src/ASF/thirdparty/freertos/freertos-7.3.0/source/tasks.o
                                 0x20 (size before relaxing)
 *fill*         0x0008560f        0x1 
 .rodata.str1.4
                0x00085610        0x8 src/ASF/thirdparty/freertos/freertos-7.3.0/source/timers.o
 .rodata.str1.4
                0x00085618       0x41 src/main.o
                                 0x44 (size before relaxing)
 *fill*         0x00085659        0x3 
 .rodata.str1.4
                0x0008565c        0x2 c:/program files (x86)/atmel/atmel toolchain/arm gcc/native/4.8.1443/arm-gnu-toolchain/bin/../lib/gcc/arm-none-eabi/4.8.4/../../../../arm-none-eabi/lib/armv7-m\libc.a(lib_a-impure.o)
                                  0x4 (size before relaxing)
 *fill*         0x0008565e        0x2 
 .rodata._global_impure_ptr
                0x00085660        0x4 c:/program files (x86)/atmel/atmel toolchain/arm gcc/native/4.8.1443/arm-gnu-toolchain/bin/../lib/gcc/arm-none-eabi/4.8.4/../../../../arm-none-eabi/lib/armv7-m\libc.a(lib_a-impure.o)
                0x00085660                _global_impure_ptr
 .rodata.str1.4
                0x00085664       0x30 c:/program files (x86)/atmel/atmel toolchain/arm gcc/native/4.8.1443/arm-gnu-toolchain/bin/../lib/gcc/arm-none-eabi/4.8.4/../../../../arm-none-eabi/lib/armv7-m\libc.a(lib_a-vfiprintf.o)
 .rodata.zeroes.6721
                0x00085694       0x10 c:/program files (x86)/atmel/atmel toolchain/arm gcc/native/4.8.1443/arm-gnu-toolchain/bin/../lib/gcc/arm-none-eabi/4.8.4/../../../../arm-none-eabi/lib/armv7-m\libc.a(lib_a-vfiprintf.o)
 .rodata.blanks.6720
                0x000856a4       0x10 c:/program files (x86)/atmel/atmel toolchain/arm gcc/native/4.8.1443/arm-gnu-toolchain/bin/../lib/gcc/arm-none-eabi/4.8.4/../../../../arm-none-eabi/lib/armv7-m\libc.a(lib_a-vfiprintf.o)
 *(.ARM.extab* .gnu.linkonce.armextab.*)
                0x000856b4                . = ALIGN (0x4)
 *(.init)
 .init          0x000856b4        0x4 c:/program files (x86)/atmel/atmel toolchain/arm gcc/native/4.8.1443/arm-gnu-toolchain/bin/../lib/gcc/arm-none-eabi/4.8.4/armv7-m/crti.o
                0x000856b4                _init
 .init          0x000856b8        0x8 c:/program files (x86)/atmel/atmel toolchain/arm gcc/native/4.8.1443/arm-gnu-toolchain/bin/../lib/gcc/arm-none-eabi/4.8.4/armv7-m/crtn.o
                0x000856c0                . = ALIGN (0x4)
                0x000856c0                __preinit_array_start = .
 *(.preinit_array)
                0x000856c0                __preinit_array_end = .
                0x000856c0                . = ALIGN (0x4)
                0x000856c0                __init_array_start = .
 *(SORT(.init_array.*))
 .init_array.00000
                0x000856c0        0x4 c:/program files (x86)/atmel/atmel toolchain/arm gcc/native/4.8.1443/arm-gnu-toolchain/bin/../lib/gcc/arm-none-eabi/4.8.4/../../../../arm-none-eabi/lib/armv7-m\libc.a(lib_a-__call_atexit.o)
 *(.init_array)
 .init_array    0x000856c4        0x4 c:/program files (x86)/atmel/atmel toolchain/arm gcc/native/4.8.1443/arm-gnu-toolchain/bin/../lib/gcc/arm-none-eabi/4.8.4/armv7-m/crtbegin.o
                0x000856c8                __init_array_end = .
                0x000856c8                . = ALIGN (0x4)
 *crtbegin.o(.ctors)
 *(EXCLUDE_FILE(*crtend.o) .ctors)
 *(SORT(.ctors.*))
 *crtend.o(.ctors)
                0x000856c8                . = ALIGN (0x4)
 *(.fini)
 .fini          0x000856c8        0x4 c:/program files (x86)/atmel/atmel toolchain/arm gcc/native/4.8.1443/arm-gnu-toolchain/bin/../lib/gcc/arm-none-eabi/4.8.4/armv7-m/crti.o
                0x000856c8                _fini
 .fini          0x000856cc        0x8 c:/program files (x86)/atmel/atmel toolchain/arm gcc/native/4.8.1443/arm-gnu-toolchain/bin/../lib/gcc/arm-none-eabi/4.8.4/armv7-m/crtn.o
                0x000856d4                . = ALIGN (0x4)
                0x000856d4                __fini_array_start = .
 *(.fini_array)
 .fini_array    0x000856d4        0x4 c:/program files (x86)/atmel/atmel toolchain/arm gcc/native/4.8.1443/arm-gnu-toolchain/bin/../lib/gcc/arm-none-eabi/4.8.4/armv7-m/crtbegin.o
 *(SORT(.fini_array.*))
                0x000856d8                __fini_array_end = .
 *crtbegin.o(.dtors)
 *(EXCLUDE_FILE(*crtend.o) .dtors)
 *(SORT(.dtors.*))
 *crtend.o(.dtors)
                0x000856d8                . = ALIGN (0x4)
                0x000856d8                _efixed = .
                0x000856d8                PROVIDE (__exidx_start, .)

.vfp11_veneer   0x000856d8        0x0
 .vfp11_veneer  0x00000000        0x0 linker stubs

.v4_bx          0x000856d8        0x0
 .v4_bx         0x00000000        0x0 linker stubs

.iplt           0x000856d8        0x0
 .iplt          0x00000000        0x0 c:/program files (x86)/atmel/atmel toolchain/arm gcc/native/4.8.1443/arm-gnu-toolchain/bin/../lib/gcc/arm-none-eabi/4.8.4/armv7-m/crtbegin.o

.ARM.exidx      0x000856d8        0x8
 *(.ARM.exidx* .gnu.linkonce.armexidx.*)
 .ARM.exidx     0x000856d8        0x8 c:/program files (x86)/atmel/atmel toolchain/arm gcc/native/4.8.1443/arm-gnu-toolchain/bin/../lib/gcc/arm-none-eabi/4.8.4/armv7-m\libgcc.a(_divdi3.o)
 .ARM.exidx     0x000856e0        0x0 c:/program files (x86)/atmel/atmel toolchain/arm gcc/native/4.8.1443/arm-gnu-toolchain/bin/../lib/gcc/arm-none-eabi/4.8.4/armv7-m\libgcc.a(_udivdi3.o)
                                  0x8 (size before relaxing)
                0x000856e0                PROVIDE (__exidx_end, .)

.eh_frame       0x000856e0        0x0
 .eh_frame      0x000856e0        0x0 c:/program files (x86)/atmel/atmel toolchain/arm gcc/native/4.8.1443/arm-gnu-toolchain/bin/../lib/gcc/arm-none-eabi/4.8.4/armv7-m/crtbegin.o

.rel.dyn        0x000856e0        0x0
 .rel.iplt      0x00000000        0x0 c:/program files (x86)/atmel/atmel toolchain/arm gcc/native/4.8.1443/arm-gnu-toolchain/bin/../lib/gcc/arm-none-eabi/4.8.4/armv7-m/crtbegin.o

.jcr            0x000856e0        0x0
 .jcr           0x000856e0        0x0 c:/program files (x86)/atmel/atmel toolchain/arm gcc/native/4.8.1443/arm-gnu-toolchain/bin/../lib/gcc/arm-none-eabi/4.8.4/armv7-m/crtbegin.o

.igot.plt       0x000856e0        0x0
 .igot.plt      0x00000000        0x0 c:/program files (x86)/atmel/atmel toolchain/arm gcc/native/4.8.1443/arm-gnu-toolchain/bin/../lib/gcc/arm-none-eabi/4.8.4/armv7-m/crtbegin.o
                0x000856e0                . = ALIGN (0x4)
                0x000856e0                _etext = .

.relocate       0x20070000      0x9a4 load address 0x000856e0
                0x20070000                . = ALIGN (0x4)
                0x20070000                _srelocate = .
 *(.ramfunc .ramfunc.*)
 .ramfunc       0x20070000      0x12c src/ASF/sam/utils/cmsis/sam3x/source/templates/system_sam3x.o
                0x20070000                SystemInit
                0x200700a4                system_init_flash
 *(.data .data.*)
 .data.SystemCoreClock
                0x2007012c        0x4 src/ASF/sam/utils/cmsis/sam3x/source/templates/system_sam3x.o
                0x2007012c                SystemCoreClock
 .data.uxCriticalNesting
                0x20070130        0x4 src/ASF/thirdparty/freertos/freertos-7.3.0/source/portable/gcc/sam/port.o
 .data.xFreeBytesRemaining
                0x20070134        0x4 src/ASF/thirdparty/freertos/freertos-7.3.0/source/portable/memmang/heap_4.o
 .data.xNextTaskUnblockTime
                0x20070138        0x2 src/ASF/thirdparty/freertos/freertos-7.3.0/source/tasks.o
 *fill*         0x2007013a        0x6 
 .data.impure_data
                0x20070140      0x428 c:/program files (x86)/atmel/atmel toolchain/arm gcc/native/4.8.1443/arm-gnu-toolchain/bin/../lib/gcc/arm-none-eabi/4.8.4/../../../../arm-none-eabi/lib/armv7-m\libc.a(lib_a-impure.o)
 .data._impure_ptr
                0x20070568        0x4 c:/program files (x86)/atmel/atmel toolchain/arm gcc/native/4.8.1443/arm-gnu-toolchain/bin/../lib/gcc/arm-none-eabi/4.8.4/../../../../arm-none-eabi/lib/armv7-m\libc.a(lib_a-impure.o)
                0x20070568                _impure_ptr
 .data.lc_ctype_charset
                0x2007056c       0x20 c:/program files (x86)/atmel/atmel toolchain/arm gcc/native/4.8.1443/arm-gnu-toolchain/bin/../lib/gcc/arm-none-eabi/4.8.4/../../../../arm-none-eabi/lib/armv7-m\libc.a(lib_a-locale.o)
 .data.__mb_cur_max
                0x2007058c        0x4 c:/program files (x86)/atmel/atmel toolchain/arm gcc/native/4.8.1443/arm-gnu-toolchain/bin/../lib/gcc/arm-none-eabi/4.8.4/../../../../arm-none-eabi/lib/armv7-m\libc.a(lib_a-locale.o)
                0x2007058c                __mb_cur_max
 .data.__malloc_av_
                0x20070590      0x408 c:/program files (x86)/atmel/atmel toolchain/arm gcc/native/4.8.1443/arm-gnu-toolchain/bin/../lib/gcc/arm-none-eabi/4.8.4/../../../../arm-none-eabi/lib/armv7-m\libc.a(lib_a-mallocr.o)
                0x20070590                __malloc_av_
 .data.__malloc_trim_threshold
                0x20070998        0x4 c:/program files (x86)/atmel/atmel toolchain/arm gcc/native/4.8.1443/arm-gnu-toolchain/bin/../lib/gcc/arm-none-eabi/4.8.4/../../../../arm-none-eabi/lib/armv7-m\libc.a(lib_a-mallocr.o)
                0x20070998                __malloc_trim_threshold
 .data.__malloc_sbrk_base
                0x2007099c        0x4 c:/program files (x86)/atmel/atmel toolchain/arm gcc/native/4.8.1443/arm-gnu-toolchain/bin/../lib/gcc/arm-none-eabi/4.8.4/../../../../arm-none-eabi/lib/armv7-m\libc.a(lib_a-mallocr.o)
                0x2007099c                __malloc_sbrk_base
 .data.__wctomb
                0x200709a0        0x4 c:/program files (x86)/atmel/atmel toolchain/arm gcc/native/4.8.1443/arm-gnu-toolchain/bin/../lib/gcc/arm-none-eabi/4.8.4/../../../../arm-none-eabi/lib/armv7-m\libc.a(lib_a-wctomb_r.o)
                0x200709a0                __wctomb
                0x200709a4                . = ALIGN (0x4)
                0x200709a4                _erelocate = .

.bss            0x200709a8     0xa2a4 load address 0x00086088
                0x200709a8                . = ALIGN (0x4)
                0x200709a8                _sbss = .
                0x200709a8                _szero = .
 *(.bss .bss.*)
 .bss           0x200709a8       0x1c c:/program files (x86)/atmel/atmel toolchain/arm gcc/native/4.8.1443/arm-gnu-toolchain/bin/../lib/gcc/arm-none-eabi/4.8.4/armv7-m/crtbegin.o
 .bss.gs_interrupt_sources
                0x200709c4       0x70 src/ASF/sam/drivers/pio/pio_handler.o
 .bss.heap.5098
                0x20070a34        0x4 src/ASF/sam/utils/syscalls/gcc/syscalls.o
 .bss.xHeap     0x20070a38     0xa000 src/ASF/thirdparty/freertos/freertos-7.3.0/source/portable/memmang/heap_4.o
 .bss.pxEnd     0x2007aa38        0x4 src/ASF/thirdparty/freertos/freertos-7.3.0/source/portable/memmang/heap_4.o
 .bss.xStart    0x2007aa3c        0x8 src/ASF/thirdparty/freertos/freertos-7.3.0/source/portable/memmang/heap_4.o
 .bss.uxMissedTicks
                0x2007aa44        0x4 src/ASF/thirdparty/freertos/freertos-7.3.0/source/tasks.o
 .bss.xSuspendedTaskList
                0x2007aa48       0x14 src/ASF/thirdparty/freertos/freertos-7.3.0/source/tasks.o
 .bss.pxDelayedTaskList
                0x2007aa5c        0x4 src/ASF/thirdparty/freertos/freertos-7.3.0/source/tasks.o
 .bss.xSchedulerRunning
                0x2007aa60        0x4 src/ASF/thirdparty/freertos/freertos-7.3.0/source/tasks.o
 .bss.uxTasksDeleted
                0x2007aa64        0x4 src/ASF/thirdparty/freertos/freertos-7.3.0/source/tasks.o
 .bss.xTasksWaitingTermination
                0x2007aa68       0x14 src/ASF/thirdparty/freertos/freertos-7.3.0/source/tasks.o
 .bss.xDelayedTaskList2
                0x2007aa7c       0x14 src/ASF/thirdparty/freertos/freertos-7.3.0/source/tasks.o
 .bss.uxTopReadyPriority
                0x2007aa90        0x4 src/ASF/thirdparty/freertos/freertos-7.3.0/source/tasks.o
 .bss.pxReadyTasksLists
                0x2007aa94       0xc8 src/ASF/thirdparty/freertos/freertos-7.3.0/source/tasks.o
 .bss.uxSchedulerSuspended
                0x2007ab5c        0x4 src/ASF/thirdparty/freertos/freertos-7.3.0/source/tasks.o
 .bss.pxCurrentTCB
                0x2007ab60        0x4 src/ASF/thirdparty/freertos/freertos-7.3.0/source/tasks.o
                0x2007ab60                pxCurrentTCB
 .bss.xPendingReadyList
                0x2007ab64       0x14 src/ASF/thirdparty/freertos/freertos-7.3.0/source/tasks.o
 .bss.xNumOfOverflows
                0x2007ab78        0x4 src/ASF/thirdparty/freertos/freertos-7.3.0/source/tasks.o
 .bss.xTickCount
                0x2007ab7c        0x2 src/ASF/thirdparty/freertos/freertos-7.3.0/source/tasks.o
 *fill*         0x2007ab7e        0x2 
 .bss.pxOverflowDelayedTaskList
                0x2007ab80        0x4 src/ASF/thirdparty/freertos/freertos-7.3.0/source/tasks.o
 .bss.uxTaskNumber
                0x2007ab84        0x4 src/ASF/thirdparty/freertos/freertos-7.3.0/source/tasks.o
 .bss.xDelayedTaskList1
                0x2007ab88       0x14 src/ASF/thirdparty/freertos/freertos-7.3.0/source/tasks.o
 .bss.xMissedYield
                0x2007ab9c        0x4 src/ASF/thirdparty/freertos/freertos-7.3.0/source/tasks.o
 .bss.uxCurrentNumberOfTasks
                0x2007aba0        0x4 src/ASF/thirdparty/freertos/freertos-7.3.0/source/tasks.o
 .bss.uxTopUsedPriority
                0x2007aba4        0x4 src/ASF/thirdparty/freertos/freertos-7.3.0/source/tasks.o
 .bss.pxCurrentTimerList
                0x2007aba8        0x4 src/ASF/thirdparty/freertos/freertos-7.3.0/source/timers.o
 .bss.xActiveTimerList1
                0x2007abac       0x14 src/ASF/thirdparty/freertos/freertos-7.3.0/source/timers.o
 .bss.xActiveTimerList2
                0x2007abc0       0x14 src/ASF/thirdparty/freertos/freertos-7.3.0/source/timers.o
 .bss.xLastTime.4484
                0x2007abd4        0x2 src/ASF/thirdparty/freertos/freertos-7.3.0/source/timers.o
 *fill*         0x2007abd6        0x2 
 .bss.xTimerQueue
                0x2007abd8        0x4 src/ASF/thirdparty/freertos/freertos-7.3.0/source/timers.o
 .bss.pxOverflowTimerList
                0x2007abdc        0x4 src/ASF/thirdparty/freertos/freertos-7.3.0/source/timers.o
 .bss.__malloc_max_total_mem
                0x2007abe0        0x4 c:/program files (x86)/atmel/atmel toolchain/arm gcc/native/4.8.1443/arm-gnu-toolchain/bin/../lib/gcc/arm-none-eabi/4.8.4/../../../../arm-none-eabi/lib/armv7-m\libc.a(lib_a-mallocr.o)
                0x2007abe0                __malloc_max_total_mem
 .bss.__malloc_max_sbrked_mem
                0x2007abe4        0x4 c:/program files (x86)/atmel/atmel toolchain/arm gcc/native/4.8.1443/arm-gnu-toolchain/bin/../lib/gcc/arm-none-eabi/4.8.4/../../../../arm-none-eabi/lib/armv7-m\libc.a(lib_a-mallocr.o)
                0x2007abe4                __malloc_max_sbrked_mem
 .bss.__malloc_top_pad
                0x2007abe8        0x4 c:/program files (x86)/atmel/atmel toolchain/arm gcc/native/4.8.1443/arm-gnu-toolchain/bin/../lib/gcc/arm-none-eabi/4.8.4/../../../../arm-none-eabi/lib/armv7-m\libc.a(lib_a-mallocr.o)
                0x2007abe8                __malloc_top_pad
 .bss.__malloc_current_mallinfo
                0x2007abec       0x28 c:/program files (x86)/atmel/atmel toolchain/arm gcc/native/4.8.1443/arm-gnu-toolchain/bin/../lib/gcc/arm-none-eabi/4.8.4/../../../../arm-none-eabi/lib/armv7-m\libc.a(lib_a-mallocr.o)
                0x2007abec                __malloc_current_mallinfo
 *(COMMON)
 COMMON         0x2007ac14       0x28 src/pwm_custom.o
                0x2007ac14                pwm_channel_instance
 COMMON         0x2007ac3c        0x4 src/ASF/common/utils/stdio/read.o
                0x2007ac3c                ptr_get
 COMMON         0x2007ac40        0x8 src/ASF/common/utils/stdio/write.o
                0x2007ac40                ptr_put
                0x2007ac44                stdio_base
 COMMON         0x2007ac48        0x4 c:/program files (x86)/atmel/atmel toolchain/arm gcc/native/4.8.1443/arm-gnu-toolchain/bin/../lib/gcc/arm-none-eabi/4.8.4/../../../../arm-none-eabi/lib/armv7-m\libc.a(lib_a-reent.o)
                0x2007ac48                errno
                0x2007ac4c                . = ALIGN (0x4)
                0x2007ac4c                _ebss = .
                0x2007ac4c                _ezero = .

.stack          0x2007ac4c     0x2004 load address 0x0009032c
                0x2007ac50                . = ALIGN (0x8)
 *fill*         0x2007ac4c        0x4 
                0x2007ac50                _sstack = .
                0x2007cc50                . = (. + __stack_size__)
 *fill*         0x2007ac50     0x2000 
                0x2007cc50                . = ALIGN (0x8)
                0x2007cc50                _estack = .
                0x2007cc50                . = ALIGN (0x4)
                0x2007cc50                _end = .
OUTPUT(ExUppgift14.elf elf32-littlearm)

.ARM.attributes
                0x00000000       0x29
 .ARM.attributes
                0x00000000       0x1d c:/program files (x86)/atmel/atmel toolchain/arm gcc/native/4.8.1443/arm-gnu-toolchain/bin/../lib/gcc/arm-none-eabi/4.8.4/armv7-m/crti.o
 .ARM.attributes
                0x0000001d       0x2d c:/program files (x86)/atmel/atmel toolchain/arm gcc/native/4.8.1443/arm-gnu-toolchain/bin/../lib/gcc/arm-none-eabi/4.8.4/armv7-m/crtbegin.o
 .ARM.attributes
                0x0000004a       0x33 src/ASF/sam/drivers/pwm/pwm.o
 .ARM.attributes
                0x0000007d       0x33 src/pwm_custom.o
 .ARM.attributes
                0x000000b0       0x33 src/PIDRegulation.o
 .ARM.attributes
                0x000000e3       0x33 src/adc_custom.o
 .ARM.attributes
                0x00000116       0x33 src/ASF/common/services/clock/sam3x/sysclk.o
 .ARM.attributes
                0x00000149       0x33 src/ASF/common/utils/stdio/read.o
 .ARM.attributes
                0x0000017c       0x33 src/ASF/common/utils/stdio/write.o
 .ARM.attributes
                0x000001af       0x33 src/ASF/sam/boards/arduino_due_x/init.o
 .ARM.attributes
                0x000001e2       0x33 src/ASF/sam/drivers/adc/adc.o
 .ARM.attributes
                0x00000215       0x33 src/ASF/sam/drivers/pio/pio.o
 .ARM.attributes
                0x00000248       0x33 src/ASF/sam/drivers/pio/pio_handler.o
 .ARM.attributes
                0x0000027b       0x33 src/ASF/sam/drivers/pmc/pmc.o
 .ARM.attributes
                0x000002ae       0x33 src/ASF/sam/drivers/uart/uart.o
 .ARM.attributes
                0x000002e1       0x33 src/ASF/sam/drivers/usart/usart.o
 .ARM.attributes
                0x00000314       0x33 src/ASF/sam/utils/cmsis/sam3x/source/templates/exceptions.o
 .ARM.attributes
                0x00000347       0x33 src/ASF/sam/utils/cmsis/sam3x/source/templates/gcc/startup_sam3x.o
 .ARM.attributes
                0x0000037a       0x33 src/ASF/sam/utils/cmsis/sam3x/source/templates/system_sam3x.o
 .ARM.attributes
                0x000003ad       0x33 src/ASF/sam/utils/syscalls/gcc/syscalls.o
 .ARM.attributes
                0x000003e0       0x33 src/ASF/thirdparty/freertos/freertos-7.3.0/source/list.o
 .ARM.attributes
                0x00000413       0x33 src/ASF/thirdparty/freertos/freertos-7.3.0/source/portable/gcc/sam/port.o
 .ARM.attributes
                0x00000446       0x33 src/ASF/thirdparty/freertos/freertos-7.3.0/source/portable/memmang/heap_4.o
 .ARM.attributes
                0x00000479       0x33 src/ASF/thirdparty/freertos/freertos-7.3.0/source/queue.o
 .ARM.attributes
                0x000004ac       0x33 src/ASF/thirdparty/freertos/freertos-7.3.0/source/tasks.o
 .ARM.attributes
                0x000004df       0x33 src/ASF/thirdparty/freertos/freertos-7.3.0/source/timers.o
 .ARM.attributes
                0x00000512       0x33 src/main.o
 .ARM.attributes
                0x00000545       0x2d c:/program files (x86)/atmel/atmel toolchain/arm gcc/native/4.8.1443/arm-gnu-toolchain/bin/../lib/gcc/arm-none-eabi/4.8.4/../../../../arm-none-eabi/lib/armv7-m\libc.a(lib_a-impure.o)
 .ARM.attributes
                0x00000572       0x2d c:/program files (x86)/atmel/atmel toolchain/arm gcc/native/4.8.1443/arm-gnu-toolchain/bin/../lib/gcc/arm-none-eabi/4.8.4/../../../../arm-none-eabi/lib/armv7-m\libc.a(lib_a-init.o)
 .ARM.attributes
                0x0000059f       0x2d c:/program files (x86)/atmel/atmel toolchain/arm gcc/native/4.8.1443/arm-gnu-toolchain/bin/../lib/gcc/arm-none-eabi/4.8.4/../../../../arm-none-eabi/lib/armv7-m\libc.a(lib_a-iprintf.o)
 .ARM.attributes
                0x000005cc       0x1b c:/program files (x86)/atmel/atmel toolchain/arm gcc/native/4.8.1443/arm-gnu-toolchain/bin/../lib/gcc/arm-none-eabi/4.8.4/../../../../arm-none-eabi/lib/armv7-m\libc.a(lib_a-memcpy.o)
 .ARM.attributes
                0x000005e7       0x2d c:/program files (x86)/atmel/atmel toolchain/arm gcc/native/4.8.1443/arm-gnu-toolchain/bin/../lib/gcc/arm-none-eabi/4.8.4/../../../../arm-none-eabi/lib/armv7-m\libc.a(lib_a-memset.o)
 .ARM.attributes
                0x00000614       0x2d c:/program files (x86)/atmel/atmel toolchain/arm gcc/native/4.8.1443/arm-gnu-toolchain/bin/../lib/gcc/arm-none-eabi/4.8.4/../../../../arm-none-eabi/lib/armv7-m\libc.a(lib_a-setbuf.o)
 .ARM.attributes
                0x00000641       0x2d c:/program files (x86)/atmel/atmel toolchain/arm gcc/native/4.8.1443/arm-gnu-toolchain/bin/../lib/gcc/arm-none-eabi/4.8.4/../../../../arm-none-eabi/lib/armv7-m\libc.a(lib_a-setvbuf.o)
 .ARM.attributes
                0x0000066e       0x2d c:/program files (x86)/atmel/atmel toolchain/arm gcc/native/4.8.1443/arm-gnu-toolchain/bin/../lib/gcc/arm-none-eabi/4.8.4/../../../../arm-none-eabi/lib/armv7-m\libc.a(lib_a-strlen.o)
 .ARM.attributes
                0x0000069b       0x2d c:/program files (x86)/atmel/atmel toolchain/arm gcc/native/4.8.1443/arm-gnu-toolchain/bin/../lib/gcc/arm-none-eabi/4.8.4/../../../../arm-none-eabi/lib/armv7-m\libc.a(lib_a-strncpy.o)
 .ARM.attributes
                0x000006c8       0x2d c:/program files (x86)/atmel/atmel toolchain/arm gcc/native/4.8.1443/arm-gnu-toolchain/bin/../lib/gcc/arm-none-eabi/4.8.4/../../../../arm-none-eabi/lib/armv7-m\libc.a(lib_a-vfiprintf.o)
 .ARM.attributes
                0x000006f5       0x2d c:/program files (x86)/atmel/atmel toolchain/arm gcc/native/4.8.1443/arm-gnu-toolchain/bin/../lib/gcc/arm-none-eabi/4.8.4/../../../../arm-none-eabi/lib/armv7-m\libc.a(lib_a-wsetup.o)
 .ARM.attributes
                0x00000722       0x2d c:/program files (x86)/atmel/atmel toolchain/arm gcc/native/4.8.1443/arm-gnu-toolchain/bin/../lib/gcc/arm-none-eabi/4.8.4/../../../../arm-none-eabi/lib/armv7-m\libc.a(lib_a-__call_atexit.o)
 .ARM.attributes
                0x0000074f       0x2d c:/program files (x86)/atmel/atmel toolchain/arm gcc/native/4.8.1443/arm-gnu-toolchain/bin/../lib/gcc/arm-none-eabi/4.8.4/../../../../arm-none-eabi/lib/armv7-m\libc.a(lib_a-atexit.o)
 .ARM.attributes
                0x0000077c       0x2d c:/program files (x86)/atmel/atmel toolchain/arm gcc/native/4.8.1443/arm-gnu-toolchain/bin/../lib/gcc/arm-none-eabi/4.8.4/../../../../arm-none-eabi/lib/armv7-m\libc.a(lib_a-fflush.o)
 .ARM.attributes
                0x000007a9       0x2d c:/program files (x86)/atmel/atmel toolchain/arm gcc/native/4.8.1443/arm-gnu-toolchain/bin/../lib/gcc/arm-none-eabi/4.8.4/../../../../arm-none-eabi/lib/armv7-m\libc.a(lib_a-findfp.o)
 .ARM.attributes
                0x000007d6       0x2d c:/program files (x86)/atmel/atmel toolchain/arm gcc/native/4.8.1443/arm-gnu-toolchain/bin/../lib/gcc/arm-none-eabi/4.8.4/../../../../arm-none-eabi/lib/armv7-m\libc.a(lib_a-fini.o)
 .ARM.attributes
                0x00000803       0x2d c:/program files (x86)/atmel/atmel toolchain/arm gcc/native/4.8.1443/arm-gnu-toolchain/bin/../lib/gcc/arm-none-eabi/4.8.4/../../../../arm-none-eabi/lib/armv7-m\libc.a(lib_a-fputwc.o)
 .ARM.attributes
                0x00000830       0x2d c:/program files (x86)/atmel/atmel toolchain/arm gcc/native/4.8.1443/arm-gnu-toolchain/bin/../lib/gcc/arm-none-eabi/4.8.4/../../../../arm-none-eabi/lib/armv7-m\libc.a(lib_a-freer.o)
 .ARM.attributes
                0x0000085d       0x2d c:/program files (x86)/atmel/atmel toolchain/arm gcc/native/4.8.1443/arm-gnu-toolchain/bin/../lib/gcc/arm-none-eabi/4.8.4/../../../../arm-none-eabi/lib/armv7-m\libc.a(lib_a-fvwrite.o)
 .ARM.attributes
                0x0000088a       0x2d c:/program files (x86)/atmel/atmel toolchain/arm gcc/native/4.8.1443/arm-gnu-toolchain/bin/../lib/gcc/arm-none-eabi/4.8.4/../../../../arm-none-eabi/lib/armv7-m\libc.a(lib_a-fwalk.o)
 .ARM.attributes
                0x000008b7       0x2d c:/program files (x86)/atmel/atmel toolchain/arm gcc/native/4.8.1443/arm-gnu-toolchain/bin/../lib/gcc/arm-none-eabi/4.8.4/../../../../arm-none-eabi/lib/armv7-m\libc.a(lib_a-locale.o)
 .ARM.attributes
                0x000008e4       0x2d c:/program files (x86)/atmel/atmel toolchain/arm gcc/native/4.8.1443/arm-gnu-toolchain/bin/../lib/gcc/arm-none-eabi/4.8.4/../../../../arm-none-eabi/lib/armv7-m\libc.a(lib_a-makebuf.o)
 .ARM.attributes
                0x00000911       0x2d c:/program files (x86)/atmel/atmel toolchain/arm gcc/native/4.8.1443/arm-gnu-toolchain/bin/../lib/gcc/arm-none-eabi/4.8.4/../../../../arm-none-eabi/lib/armv7-m\libc.a(lib_a-malloc.o)
 .ARM.attributes
                0x0000093e       0x2d c:/program files (x86)/atmel/atmel toolchain/arm gcc/native/4.8.1443/arm-gnu-toolchain/bin/../lib/gcc/arm-none-eabi/4.8.4/../../../../arm-none-eabi/lib/armv7-m\libc.a(lib_a-mallocr.o)
 .ARM.attributes
                0x0000096b       0x2d c:/program files (x86)/atmel/atmel toolchain/arm gcc/native/4.8.1443/arm-gnu-toolchain/bin/../lib/gcc/arm-none-eabi/4.8.4/../../../../arm-none-eabi/lib/armv7-m\libc.a(lib_a-memchr-stub.o)
 .ARM.attributes
                0x00000998       0x2d c:/program files (x86)/atmel/atmel toolchain/arm gcc/native/4.8.1443/arm-gnu-toolchain/bin/../lib/gcc/arm-none-eabi/4.8.4/../../../../arm-none-eabi/lib/armv7-m\libc.a(lib_a-memmove.o)
 .ARM.attributes
                0x000009c5       0x2d c:/program files (x86)/atmel/atmel toolchain/arm gcc/native/4.8.1443/arm-gnu-toolchain/bin/../lib/gcc/arm-none-eabi/4.8.4/../../../../arm-none-eabi/lib/armv7-m\libc.a(lib_a-mlock.o)
 .ARM.attributes
                0x000009f2       0x2d c:/program files (x86)/atmel/atmel toolchain/arm gcc/native/4.8.1443/arm-gnu-toolchain/bin/../lib/gcc/arm-none-eabi/4.8.4/../../../../arm-none-eabi/lib/armv7-m\libc.a(lib_a-reallocr.o)
 .ARM.attributes
                0x00000a1f       0x2d c:/program files (x86)/atmel/atmel toolchain/arm gcc/native/4.8.1443/arm-gnu-toolchain/bin/../lib/gcc/arm-none-eabi/4.8.4/../../../../arm-none-eabi/lib/armv7-m\libc.a(lib_a-sbrkr.o)
 .ARM.attributes
                0x00000a4c       0x2d c:/program files (x86)/atmel/atmel toolchain/arm gcc/native/4.8.1443/arm-gnu-toolchain/bin/../lib/gcc/arm-none-eabi/4.8.4/../../../../arm-none-eabi/lib/armv7-m\libc.a(lib_a-stdio.o)
 .ARM.attributes
                0x00000a79       0x2d c:/program files (x86)/atmel/atmel toolchain/arm gcc/native/4.8.1443/arm-gnu-toolchain/bin/../lib/gcc/arm-none-eabi/4.8.4/../../../../arm-none-eabi/lib/armv7-m\libc.a(lib_a-wbuf.o)
 .ARM.attributes
                0x00000aa6       0x2d c:/program files (x86)/atmel/atmel toolchain/arm gcc/native/4.8.1443/arm-gnu-toolchain/bin/../lib/gcc/arm-none-eabi/4.8.4/../../../../arm-none-eabi/lib/armv7-m\libc.a(lib_a-wcrtomb.o)
 .ARM.attributes
                0x00000ad3       0x2d c:/program files (x86)/atmel/atmel toolchain/arm gcc/native/4.8.1443/arm-gnu-toolchain/bin/../lib/gcc/arm-none-eabi/4.8.4/../../../../arm-none-eabi/lib/armv7-m\libc.a(lib_a-wctomb_r.o)
 .ARM.attributes
                0x00000b00       0x2d c:/program files (x86)/atmel/atmel toolchain/arm gcc/native/4.8.1443/arm-gnu-toolchain/bin/../lib/gcc/arm-none-eabi/4.8.4/../../../../arm-none-eabi/lib/armv7-m\libc.a(lib_a-writer.o)
 .ARM.attributes
                0x00000b2d       0x2d c:/program files (x86)/atmel/atmel toolchain/arm gcc/native/4.8.1443/arm-gnu-toolchain/bin/../lib/gcc/arm-none-eabi/4.8.4/../../../../arm-none-eabi/lib/armv7-m\libc.a(lib_a-__atexit.o)
 .ARM.attributes
                0x00000b5a       0x2d c:/program files (x86)/atmel/atmel toolchain/arm gcc/native/4.8.1443/arm-gnu-toolchain/bin/../lib/gcc/arm-none-eabi/4.8.4/../../../../arm-none-eabi/lib/armv7-m\libc.a(lib_a-closer.o)
 .ARM.attributes
                0x00000b87       0x2d c:/program files (x86)/atmel/atmel toolchain/arm gcc/native/4.8.1443/arm-gnu-toolchain/bin/../lib/gcc/arm-none-eabi/4.8.4/../../../../arm-none-eabi/lib/armv7-m\libc.a(lib_a-fclose.o)
 .ARM.attributes
                0x00000bb4       0x2d c:/program files (x86)/atmel/atmel toolchain/arm gcc/native/4.8.1443/arm-gnu-toolchain/bin/../lib/gcc/arm-none-eabi/4.8.4/../../../../arm-none-eabi/lib/armv7-m\libc.a(lib_a-fstatr.o)
 .ARM.attributes
                0x00000be1       0x2d c:/program files (x86)/atmel/atmel toolchain/arm gcc/native/4.8.1443/arm-gnu-toolchain/bin/../lib/gcc/arm-none-eabi/4.8.4/../../../../arm-none-eabi/lib/armv7-m\libc.a(lib_a-isattyr.o)
 .ARM.attributes
                0x00000c0e       0x2d c:/program files (x86)/atmel/atmel toolchain/arm gcc/native/4.8.1443/arm-gnu-toolchain/bin/../lib/gcc/arm-none-eabi/4.8.4/../../../../arm-none-eabi/lib/armv7-m\libc.a(lib_a-lseekr.o)
 .ARM.attributes
                0x00000c3b       0x2d c:/program files (x86)/atmel/atmel toolchain/arm gcc/native/4.8.1443/arm-gnu-toolchain/bin/../lib/gcc/arm-none-eabi/4.8.4/../../../../arm-none-eabi/lib/armv7-m\libc.a(lib_a-readr.o)
 .ARM.attributes
                0x00000c68       0x2d c:/program files (x86)/atmel/atmel toolchain/arm gcc/native/4.8.1443/arm-gnu-toolchain/bin/../lib/gcc/arm-none-eabi/4.8.4/../../../../arm-none-eabi/lib/armv7-m\libc.a(lib_a-reent.o)
 .ARM.attributes
                0x00000c95       0x1d c:/program files (x86)/atmel/atmel toolchain/arm gcc/native/4.8.1443/arm-gnu-toolchain/bin/../lib/gcc/arm-none-eabi/4.8.4/armv7-m\libgcc.a(_aeabi_uldivmod.o)
 .ARM.attributes
                0x00000cb2       0x2d c:/program files (x86)/atmel/atmel toolchain/arm gcc/native/4.8.1443/arm-gnu-toolchain/bin/../lib/gcc/arm-none-eabi/4.8.4/armv7-m\libgcc.a(bpabi.o)
 .ARM.attributes
                0x00000cdf       0x1d c:/program files (x86)/atmel/atmel toolchain/arm gcc/native/4.8.1443/arm-gnu-toolchain/bin/../lib/gcc/arm-none-eabi/4.8.4/armv7-m\libgcc.a(_dvmd_tls.o)
 .ARM.attributes
                0x00000cfc       0x2d c:/program files (x86)/atmel/atmel toolchain/arm gcc/native/4.8.1443/arm-gnu-toolchain/bin/../lib/gcc/arm-none-eabi/4.8.4/armv7-m\libgcc.a(_divdi3.o)
 .ARM.attributes
                0x00000d29       0x2d c:/program files (x86)/atmel/atmel toolchain/arm gcc/native/4.8.1443/arm-gnu-toolchain/bin/../lib/gcc/arm-none-eabi/4.8.4/armv7-m\libgcc.a(_udivdi3.o)
 .ARM.attributes
                0x00000d56       0x1d c:/program files (x86)/atmel/atmel toolchain/arm gcc/native/4.8.1443/arm-gnu-toolchain/bin/../lib/gcc/arm-none-eabi/4.8.4/armv7-m/crtn.o

.comment        0x00000000       0x5b
 .comment       0x00000000       0x5b src/ASF/sam/drivers/pwm/pwm.o
                                 0x5c (size before relaxing)
 .comment       0x00000000       0x5c src/pwm_custom.o
 .comment       0x00000000       0x5c src/PIDRegulation.o
 .comment       0x00000000       0x5c src/adc_custom.o
 .comment       0x00000000       0x5c src/ASF/common/services/clock/sam3x/sysclk.o
 .comment       0x00000000       0x5c src/ASF/common/utils/stdio/read.o
 .comment       0x00000000       0x5c src/ASF/common/utils/stdio/write.o
 .comment       0x00000000       0x5c src/ASF/sam/boards/arduino_due_x/init.o
 .comment       0x00000000       0x5c src/ASF/sam/drivers/adc/adc.o
 .comment       0x00000000       0x5c src/ASF/sam/drivers/pio/pio.o
 .comment       0x00000000       0x5c src/ASF/sam/drivers/pio/pio_handler.o
 .comment       0x00000000       0x5c src/ASF/sam/drivers/pmc/pmc.o
 .comment       0x00000000       0x5c src/ASF/sam/drivers/uart/uart.o
 .comment       0x00000000       0x5c src/ASF/sam/drivers/usart/usart.o
 .comment       0x00000000       0x5c src/ASF/sam/utils/cmsis/sam3x/source/templates/exceptions.o
 .comment       0x00000000       0x5c src/ASF/sam/utils/cmsis/sam3x/source/templates/gcc/startup_sam3x.o
 .comment       0x00000000       0x5c src/ASF/sam/utils/cmsis/sam3x/source/templates/system_sam3x.o
 .comment       0x00000000       0x5c src/ASF/sam/utils/syscalls/gcc/syscalls.o
 .comment       0x00000000       0x5c src/ASF/thirdparty/freertos/freertos-7.3.0/source/list.o
 .comment       0x00000000       0x5c src/ASF/thirdparty/freertos/freertos-7.3.0/source/portable/gcc/sam/port.o
 .comment       0x00000000       0x5c src/ASF/thirdparty/freertos/freertos-7.3.0/source/portable/memmang/heap_4.o
 .comment       0x00000000       0x5c src/ASF/thirdparty/freertos/freertos-7.3.0/source/queue.o
 .comment       0x00000000       0x5c src/ASF/thirdparty/freertos/freertos-7.3.0/source/tasks.o
 .comment       0x00000000       0x5c src/ASF/thirdparty/freertos/freertos-7.3.0/source/timers.o
 .comment       0x00000000       0x5c src/main.o

.debug_info     0x00000000    0x12e90
 .debug_info    0x00000000     0x157e src/ASF/sam/drivers/pwm/pwm.o
 .debug_info    0x0000157e     0x1648 src/pwm_custom.o
 .debug_info    0x00002bc6     0x1674 src/PIDRegulation.o
 .debug_info    0x0000423a      0xec4 src/adc_custom.o
 .debug_info    0x000050fe      0x796 src/ASF/common/services/clock/sam3x/sysclk.o
 .debug_info    0x00005894      0x1bb src/ASF/common/utils/stdio/read.o
 .debug_info    0x00005a4f      0x1c0 src/ASF/common/utils/stdio/write.o
 .debug_info    0x00005c0f      0x776 src/ASF/sam/boards/arduino_due_x/init.o
 .debug_info    0x00006385     0x1196 src/ASF/sam/drivers/adc/adc.o
 .debug_info    0x0000751b     0x1385 src/ASF/sam/drivers/pio/pio.o
 .debug_info    0x000088a0      0xe52 src/ASF/sam/drivers/pio/pio_handler.o
 .debug_info    0x000096f2     0x1080 src/ASF/sam/drivers/pmc/pmc.o
 .debug_info    0x0000a772      0x889 src/ASF/sam/drivers/uart/uart.o
 .debug_info    0x0000affb     0x1bfa src/ASF/sam/drivers/usart/usart.o
 .debug_info    0x0000cbf5      0x124 src/ASF/sam/utils/cmsis/sam3x/source/templates/exceptions.o
 .debug_info    0x0000cd19      0x3bd src/ASF/sam/utils/cmsis/sam3x/source/templates/gcc/startup_sam3x.o
 .debug_info    0x0000d0d6      0x4c6 src/ASF/sam/utils/cmsis/sam3x/source/templates/system_sam3x.o
 .debug_info    0x0000d59c      0x43f src/ASF/sam/utils/syscalls/gcc/syscalls.o
 .debug_info    0x0000d9db      0x2b7 src/ASF/thirdparty/freertos/freertos-7.3.0/source/list.o
 .debug_info    0x0000dc92      0x3a0 src/ASF/thirdparty/freertos/freertos-7.3.0/source/portable/gcc/sam/port.o
 .debug_info    0x0000e032      0x38d src/ASF/thirdparty/freertos/freertos-7.3.0/source/portable/memmang/heap_4.o
 .debug_info    0x0000e3bf      0xea7 src/ASF/thirdparty/freertos/freertos-7.3.0/source/queue.o
 .debug_info    0x0000f266     0x178e src/ASF/thirdparty/freertos/freertos-7.3.0/source/tasks.o
 .debug_info    0x000109f4      0xb44 src/ASF/thirdparty/freertos/freertos-7.3.0/source/timers.o
 .debug_info    0x00011538     0x1958 src/main.o

.debug_abbrev   0x00000000     0x31d5
 .debug_abbrev  0x00000000      0x231 src/ASF/sam/drivers/pwm/pwm.o
 .debug_abbrev  0x00000231      0x220 src/pwm_custom.o
 .debug_abbrev  0x00000451      0x2c2 src/PIDRegulation.o
 .debug_abbrev  0x00000713      0x233 src/adc_custom.o
 .debug_abbrev  0x00000946      0x227 src/ASF/common/services/clock/sam3x/sysclk.o
 .debug_abbrev  0x00000b6d      0x101 src/ASF/common/utils/stdio/read.o
 .debug_abbrev  0x00000c6e       0xf5 src/ASF/common/utils/stdio/write.o
 .debug_abbrev  0x00000d63      0x16f src/ASF/sam/boards/arduino_due_x/init.o
 .debug_abbrev  0x00000ed2      0x235 src/ASF/sam/drivers/adc/adc.o
 .debug_abbrev  0x00001107      0x2d5 src/ASF/sam/drivers/pio/pio.o
 .debug_abbrev  0x000013dc      0x257 src/ASF/sam/drivers/pio/pio_handler.o
 .debug_abbrev  0x00001633      0x268 src/ASF/sam/drivers/pmc/pmc.o
 .debug_abbrev  0x0000189b      0x1bd src/ASF/sam/drivers/uart/uart.o
 .debug_abbrev  0x00001a58      0x325 src/ASF/sam/drivers/usart/usart.o
 .debug_abbrev  0x00001d7d       0x8c src/ASF/sam/utils/cmsis/sam3x/source/templates/exceptions.o
 .debug_abbrev  0x00001e09      0x118 src/ASF/sam/utils/cmsis/sam3x/source/templates/gcc/startup_sam3x.o
 .debug_abbrev  0x00001f21      0x115 src/ASF/sam/utils/cmsis/sam3x/source/templates/system_sam3x.o
 .debug_abbrev  0x00002036      0x14e src/ASF/sam/utils/syscalls/gcc/syscalls.o
 .debug_abbrev  0x00002184       0xfb src/ASF/thirdparty/freertos/freertos-7.3.0/source/list.o
 .debug_abbrev  0x0000227f      0x246 src/ASF/thirdparty/freertos/freertos-7.3.0/source/portable/gcc/sam/port.o
 .debug_abbrev  0x000024c5      0x220 src/ASF/thirdparty/freertos/freertos-7.3.0/source/portable/memmang/heap_4.o
 .debug_abbrev  0x000026e5      0x231 src/ASF/thirdparty/freertos/freertos-7.3.0/source/queue.o
 .debug_abbrev  0x00002916      0x2e0 src/ASF/thirdparty/freertos/freertos-7.3.0/source/tasks.o
 .debug_abbrev  0x00002bf6      0x261 src/ASF/thirdparty/freertos/freertos-7.3.0/source/timers.o
 .debug_abbrev  0x00002e57      0x37e src/main.o

.debug_loc      0x00000000     0x856f
 .debug_loc     0x00000000      0xd48 src/ASF/sam/drivers/pwm/pwm.o
 .debug_loc     0x00000d48       0x2c src/pwm_custom.o
 .debug_loc     0x00000d74       0xd7 src/PIDRegulation.o
 .debug_loc     0x00000e4b       0x20 src/adc_custom.o
 .debug_loc     0x00000e6b      0x12d src/ASF/common/services/clock/sam3x/sysclk.o
 .debug_loc     0x00000f98       0xc5 src/ASF/common/utils/stdio/read.o
 .debug_loc     0x0000105d      0x161 src/ASF/common/utils/stdio/write.o
 .debug_loc     0x000011be       0x20 src/ASF/sam/boards/arduino_due_x/init.o
 .debug_loc     0x000011de      0x980 src/ASF/sam/drivers/adc/adc.o
 .debug_loc     0x00001b5e      0xa83 src/ASF/sam/drivers/pio/pio.o
 .debug_loc     0x000025e1      0x53d src/ASF/sam/drivers/pio/pio_handler.o
 .debug_loc     0x00002b1e      0xc95 src/ASF/sam/drivers/pmc/pmc.o
 .debug_loc     0x000037b3      0x236 src/ASF/sam/drivers/uart/uart.o
 .debug_loc     0x000039e9     0x128d src/ASF/sam/drivers/usart/usart.o
 .debug_loc     0x00004c76       0x7e src/ASF/sam/utils/cmsis/sam3x/source/templates/gcc/startup_sam3x.o
 .debug_loc     0x00004cf4      0x12b src/ASF/sam/utils/syscalls/gcc/syscalls.o
 .debug_loc     0x00004e1f       0x91 src/ASF/thirdparty/freertos/freertos-7.3.0/source/list.o
 .debug_loc     0x00004eb0      0x100 src/ASF/thirdparty/freertos/freertos-7.3.0/source/portable/gcc/sam/port.o
 .debug_loc     0x00004fb0      0x371 src/ASF/thirdparty/freertos/freertos-7.3.0/source/portable/memmang/heap_4.o
 .debug_loc     0x00005321     0x10da src/ASF/thirdparty/freertos/freertos-7.3.0/source/queue.o
 .debug_loc     0x000063fb     0x1545 src/ASF/thirdparty/freertos/freertos-7.3.0/source/tasks.o
 .debug_loc     0x00007940      0x9a4 src/ASF/thirdparty/freertos/freertos-7.3.0/source/timers.o
 .debug_loc     0x000082e4      0x28b src/main.o

.debug_aranges  0x00000000      0xf70
 .debug_aranges
                0x00000000      0x158 src/ASF/sam/drivers/pwm/pwm.o
 .debug_aranges
                0x00000158       0x20 src/pwm_custom.o
 .debug_aranges
                0x00000178       0x38 src/PIDRegulation.o
 .debug_aranges
                0x000001b0       0x20 src/adc_custom.o
 .debug_aranges
                0x000001d0       0x40 src/ASF/common/services/clock/sam3x/sysclk.o
 .debug_aranges
                0x00000210       0x20 src/ASF/common/utils/stdio/read.o
 .debug_aranges
                0x00000230       0x20 src/ASF/common/utils/stdio/write.o
 .debug_aranges
                0x00000250       0x20 src/ASF/sam/boards/arduino_due_x/init.o
 .debug_aranges
                0x00000270      0x178 src/ASF/sam/drivers/adc/adc.o
 .debug_aranges
                0x000003e8      0x148 src/ASF/sam/drivers/pio/pio.o
 .debug_aranges
                0x00000530       0x58 src/ASF/sam/drivers/pio/pio_handler.o
 .debug_aranges
                0x00000588      0x200 src/ASF/sam/drivers/pmc/pmc.o
 .debug_aranges
                0x00000788       0xe8 src/ASF/sam/drivers/uart/uart.o
 .debug_aranges
                0x00000870      0x2a8 src/ASF/sam/drivers/usart/usart.o
 .debug_aranges
                0x00000b18       0x20 src/ASF/sam/utils/cmsis/sam3x/source/templates/exceptions.o
 .debug_aranges
                0x00000b38       0x20 src/ASF/sam/utils/cmsis/sam3x/source/templates/gcc/startup_sam3x.o
 .debug_aranges
                0x00000b58       0x30 src/ASF/sam/utils/cmsis/sam3x/source/templates/system_sam3x.o
 .debug_aranges
                0x00000b88       0x60 src/ASF/sam/utils/syscalls/gcc/syscalls.o
 .debug_aranges
                0x00000be8       0x40 src/ASF/thirdparty/freertos/freertos-7.3.0/source/list.o
 .debug_aranges
                0x00000c28       0x80 src/ASF/thirdparty/freertos/freertos-7.3.0/source/portable/gcc/sam/port.o
 .debug_aranges
                0x00000ca8       0x40 src/ASF/thirdparty/freertos/freertos-7.3.0/source/portable/memmang/heap_4.o
 .debug_aranges
                0x00000ce8       0xc8 src/ASF/thirdparty/freertos/freertos-7.3.0/source/queue.o
 .debug_aranges
                0x00000db0      0x130 src/ASF/thirdparty/freertos/freertos-7.3.0/source/tasks.o
 .debug_aranges
                0x00000ee0       0x60 src/ASF/thirdparty/freertos/freertos-7.3.0/source/timers.o
 .debug_aranges
                0x00000f40       0x30 src/main.o

.debug_ranges   0x00000000      0xe80
 .debug_ranges  0x00000000      0x148 src/ASF/sam/drivers/pwm/pwm.o
 .debug_ranges  0x00000148       0x10 src/pwm_custom.o
 .debug_ranges  0x00000158       0x28 src/PIDRegulation.o
 .debug_ranges  0x00000180       0x10 src/adc_custom.o
 .debug_ranges  0x00000190       0x30 src/ASF/common/services/clock/sam3x/sysclk.o
 .debug_ranges  0x000001c0       0x10 src/ASF/common/utils/stdio/read.o
 .debug_ranges  0x000001d0       0x10 src/ASF/common/utils/stdio/write.o
 .debug_ranges  0x000001e0       0x10 src/ASF/sam/boards/arduino_due_x/init.o
 .debug_ranges  0x000001f0      0x168 src/ASF/sam/drivers/adc/adc.o
 .debug_ranges  0x00000358      0x138 src/ASF/sam/drivers/pio/pio.o
 .debug_ranges  0x00000490       0x48 src/ASF/sam/drivers/pio/pio_handler.o
 .debug_ranges  0x000004d8      0x1f0 src/ASF/sam/drivers/pmc/pmc.o
 .debug_ranges  0x000006c8       0xd8 src/ASF/sam/drivers/uart/uart.o
 .debug_ranges  0x000007a0      0x298 src/ASF/sam/drivers/usart/usart.o
 .debug_ranges  0x00000a38       0x10 src/ASF/sam/utils/cmsis/sam3x/source/templates/exceptions.o
 .debug_ranges  0x00000a48       0x10 src/ASF/sam/utils/cmsis/sam3x/source/templates/gcc/startup_sam3x.o
 .debug_ranges  0x00000a58       0x20 src/ASF/sam/utils/cmsis/sam3x/source/templates/system_sam3x.o
 .debug_ranges  0x00000a78       0x50 src/ASF/sam/utils/syscalls/gcc/syscalls.o
 .debug_ranges  0x00000ac8       0x30 src/ASF/thirdparty/freertos/freertos-7.3.0/source/list.o
 .debug_ranges  0x00000af8       0x70 src/ASF/thirdparty/freertos/freertos-7.3.0/source/portable/gcc/sam/port.o
 .debug_ranges  0x00000b68       0x30 src/ASF/thirdparty/freertos/freertos-7.3.0/source/portable/memmang/heap_4.o
 .debug_ranges  0x00000b98       0xb8 src/ASF/thirdparty/freertos/freertos-7.3.0/source/queue.o
 .debug_ranges  0x00000c50      0x168 src/ASF/thirdparty/freertos/freertos-7.3.0/source/tasks.o
 .debug_ranges  0x00000db8       0xa8 src/ASF/thirdparty/freertos/freertos-7.3.0/source/timers.o
 .debug_ranges  0x00000e60       0x20 src/main.o

.debug_macro    0x00000000    0x1a110
 .debug_macro   0x00000000      0x4dd src/ASF/sam/drivers/pwm/pwm.o
 .debug_macro   0x000004dd      0x87a src/ASF/sam/drivers/pwm/pwm.o
 .debug_macro   0x00000d57      0x166 src/ASF/sam/drivers/pwm/pwm.o
 .debug_macro   0x00000ebd      0x5db src/ASF/sam/drivers/pwm/pwm.o
 .debug_macro   0x00001498       0x76 src/ASF/sam/drivers/pwm/pwm.o
 .debug_macro   0x0000150e       0x16 src/ASF/sam/drivers/pwm/pwm.o
 .debug_macro   0x00001524      0x6e4 src/ASF/sam/drivers/pwm/pwm.o
 .debug_macro   0x00001c08       0x16 src/ASF/sam/drivers/pwm/pwm.o
 .debug_macro   0x00001c1e       0x44 src/ASF/sam/drivers/pwm/pwm.o
 .debug_macro   0x00001c62      0x209 src/ASF/sam/drivers/pwm/pwm.o
 .debug_macro   0x00001e6b       0x20 src/ASF/sam/drivers/pwm/pwm.o
 .debug_macro   0x00001e8b       0x3a src/ASF/sam/drivers/pwm/pwm.o
 .debug_macro   0x00001ec5       0x2d src/ASF/sam/drivers/pwm/pwm.o
 .debug_macro   0x00001ef2      0xbb1 src/ASF/sam/drivers/pwm/pwm.o
 .debug_macro   0x00002aa3      0xab6 src/ASF/sam/drivers/pwm/pwm.o
 .debug_macro   0x00003559      0x569 src/ASF/sam/drivers/pwm/pwm.o
 .debug_macro   0x00003ac2      0x2b5 src/ASF/sam/drivers/pwm/pwm.o
 .debug_macro   0x00003d77      0x31a src/ASF/sam/drivers/pwm/pwm.o
 .debug_macro   0x00004091      0x74f src/ASF/sam/drivers/pwm/pwm.o
 .debug_macro   0x000047e0       0x82 src/ASF/sam/drivers/pwm/pwm.o
 .debug_macro   0x00004862      0x57b src/ASF/sam/drivers/pwm/pwm.o
 .debug_macro   0x00004ddd       0x1c src/ASF/sam/drivers/pwm/pwm.o
 .debug_macro   0x00004df9      0x6b7 src/ASF/sam/drivers/pwm/pwm.o
 .debug_macro   0x000054b0      0x52d src/ASF/sam/drivers/pwm/pwm.o
 .debug_macro   0x000059dd       0xbe src/ASF/sam/drivers/pwm/pwm.o
 .debug_macro   0x00005a9b     0x2342 src/ASF/sam/drivers/pwm/pwm.o
 .debug_macro   0x00007ddd      0x85d src/ASF/sam/drivers/pwm/pwm.o
 .debug_macro   0x0000863a      0xdc9 src/ASF/sam/drivers/pwm/pwm.o
 .debug_macro   0x00009403       0x7c src/ASF/sam/drivers/pwm/pwm.o
 .debug_macro   0x0000947f      0x263 src/ASF/sam/drivers/pwm/pwm.o
 .debug_macro   0x000096e2       0x58 src/ASF/sam/drivers/pwm/pwm.o
 .debug_macro   0x0000973a      0x9a7 src/ASF/sam/drivers/pwm/pwm.o
 .debug_macro   0x0000a0e1      0x248 src/ASF/sam/drivers/pwm/pwm.o
 .debug_macro   0x0000a329      0x4df src/ASF/sam/drivers/pwm/pwm.o
 .debug_macro   0x0000a808      0x6b3 src/ASF/sam/drivers/pwm/pwm.o
 .debug_macro   0x0000aebb      0x59f src/ASF/sam/drivers/pwm/pwm.o
 .debug_macro   0x0000b45a       0x46 src/ASF/sam/drivers/pwm/pwm.o
 .debug_macro   0x0000b4a0      0x34d src/ASF/sam/drivers/pwm/pwm.o
 .debug_macro   0x0000b7ed      0x28c src/ASF/sam/drivers/pwm/pwm.o
 .debug_macro   0x0000ba79     0x14d7 src/ASF/sam/drivers/pwm/pwm.o
 .debug_macro   0x0000cf50      0x7ba src/ASF/sam/drivers/pwm/pwm.o
 .debug_macro   0x0000d70a       0x76 src/ASF/sam/drivers/pwm/pwm.o
 .debug_macro   0x0000d780       0x82 src/ASF/sam/drivers/pwm/pwm.o
 .debug_macro   0x0000d802       0x76 src/ASF/sam/drivers/pwm/pwm.o
 .debug_macro   0x0000d878       0x4c src/ASF/sam/drivers/pwm/pwm.o
 .debug_macro   0x0000d8c4      0x105 src/ASF/sam/drivers/pwm/pwm.o
 .debug_macro   0x0000d9c9      0x105 src/ASF/sam/drivers/pwm/pwm.o
 .debug_macro   0x0000dace      0x105 src/ASF/sam/drivers/pwm/pwm.o
 .debug_macro   0x0000dbd3       0x88 src/ASF/sam/drivers/pwm/pwm.o
 .debug_macro   0x0000dc5b       0x88 src/ASF/sam/drivers/pwm/pwm.o
 .debug_macro   0x0000dce3      0x3b4 src/ASF/sam/drivers/pwm/pwm.o
 .debug_macro   0x0000e097       0xb8 src/ASF/sam/drivers/pwm/pwm.o
 .debug_macro   0x0000e14f       0xb8 src/ASF/sam/drivers/pwm/pwm.o
 .debug_macro   0x0000e207       0xb8 src/ASF/sam/drivers/pwm/pwm.o
 .debug_macro   0x0000e2bf       0xb8 src/ASF/sam/drivers/pwm/pwm.o
 .debug_macro   0x0000e377      0x2b8 src/ASF/sam/drivers/pwm/pwm.o
 .debug_macro   0x0000e62f      0x125 src/ASF/sam/drivers/pwm/pwm.o
 .debug_macro   0x0000e754      0x225 src/ASF/sam/drivers/pwm/pwm.o
 .debug_macro   0x0000e979      0x225 src/ASF/sam/drivers/pwm/pwm.o
 .debug_macro   0x0000eb9e       0x2e src/ASF/sam/drivers/pwm/pwm.o
 .debug_macro   0x0000ebcc       0xac src/ASF/sam/drivers/pwm/pwm.o
 .debug_macro   0x0000ec78      0x14d src/ASF/sam/drivers/pwm/pwm.o
 .debug_macro   0x0000edc5       0x7c src/ASF/sam/drivers/pwm/pwm.o
 .debug_macro   0x0000ee41      0x205 src/ASF/sam/drivers/pwm/pwm.o
 .debug_macro   0x0000f046       0x64 src/ASF/sam/drivers/pwm/pwm.o
 .debug_macro   0x0000f0aa       0xa6 src/ASF/sam/drivers/pwm/pwm.o
 .debug_macro   0x0000f150       0x7c src/ASF/sam/drivers/pwm/pwm.o
 .debug_macro   0x0000f1cc       0x16 src/ASF/sam/drivers/pwm/pwm.o
 .debug_macro   0x0000f1e2       0x22 src/ASF/sam/drivers/pwm/pwm.o
 .debug_macro   0x0000f204       0x22 src/ASF/sam/drivers/pwm/pwm.o
 .debug_macro   0x0000f226      0x115 src/ASF/sam/drivers/pwm/pwm.o
 .debug_macro   0x0000f33b      0x115 src/ASF/sam/drivers/pwm/pwm.o
 .debug_macro   0x0000f450      0x115 src/ASF/sam/drivers/pwm/pwm.o
 .debug_macro   0x0000f565      0x115 src/ASF/sam/drivers/pwm/pwm.o
 .debug_macro   0x0000f67a       0x1c src/ASF/sam/drivers/pwm/pwm.o
 .debug_macro   0x0000f696       0x2e src/ASF/sam/drivers/pwm/pwm.o
 .debug_macro   0x0000f6c4       0x22 src/ASF/sam/drivers/pwm/pwm.o
 .debug_macro   0x0000f6e6       0x1c src/ASF/sam/drivers/pwm/pwm.o
 .debug_macro   0x0000f702       0x58 src/ASF/sam/drivers/pwm/pwm.o
 .debug_macro   0x0000f75a       0x10 src/ASF/sam/drivers/pwm/pwm.o
 .debug_macro   0x0000f76a      0x273 src/ASF/sam/drivers/pwm/pwm.o
 .debug_macro   0x0000f9dd      0xd43 src/ASF/sam/drivers/pwm/pwm.o
 .debug_macro   0x00010720      0x131 src/ASF/sam/drivers/pwm/pwm.o
 .debug_macro   0x00010851       0x58 src/ASF/sam/drivers/pwm/pwm.o
 .debug_macro   0x000108a9       0x35 src/ASF/sam/drivers/pwm/pwm.o
 .debug_macro   0x000108de       0xa3 src/ASF/sam/drivers/pwm/pwm.o
 .debug_macro   0x00010981       0x16 src/ASF/sam/drivers/pwm/pwm.o
 .debug_macro   0x00010997       0x35 src/ASF/sam/drivers/pwm/pwm.o
 .debug_macro   0x000109cc       0x10 src/ASF/sam/drivers/pwm/pwm.o
 .debug_macro   0x000109dc       0x52 src/ASF/sam/drivers/pwm/pwm.o
 .debug_macro   0x00010a2e       0x16 src/ASF/sam/drivers/pwm/pwm.o
 .debug_macro   0x00010a44       0x43 src/ASF/sam/drivers/pwm/pwm.o
 .debug_macro   0x00010a87      0x180 src/ASF/sam/drivers/pwm/pwm.o
 .debug_macro   0x00010c07       0x10 src/ASF/sam/drivers/pwm/pwm.o
 .debug_macro   0x00010c17       0x22 src/ASF/sam/drivers/pwm/pwm.o
 .debug_macro   0x00010c39       0xbd src/ASF/sam/drivers/pwm/pwm.o
 .debug_macro   0x00010cf6       0x16 src/ASF/sam/drivers/pwm/pwm.o
 .debug_macro   0x00010d0c      0x16c src/ASF/sam/drivers/pwm/pwm.o
 .debug_macro   0x00010e78       0x22 src/ASF/sam/drivers/pwm/pwm.o
 .debug_macro   0x00010e9a       0x16 src/ASF/sam/drivers/pwm/pwm.o
 .debug_macro   0x00010eb0       0x16 src/ASF/sam/drivers/pwm/pwm.o
 .debug_macro   0x00010ec6       0x29 src/ASF/sam/drivers/pwm/pwm.o
 .debug_macro   0x00010eef       0x6e src/ASF/sam/drivers/pwm/pwm.o
 .debug_macro   0x00010f5d       0x45 src/ASF/sam/drivers/pwm/pwm.o
 .debug_macro   0x00010fa2      0x3ca src/ASF/sam/drivers/pwm/pwm.o
 .debug_macro   0x0001136c      0x6ff src/pwm_custom.o
 .debug_macro   0x00011a6b       0x1c src/pwm_custom.o
 .debug_macro   0x00011a87       0x16 src/pwm_custom.o
 .debug_macro   0x00011a9d       0x34 src/pwm_custom.o
 .debug_macro   0x00011ad1      0x272 src/pwm_custom.o
 .debug_macro   0x00011d43      0x790 src/pwm_custom.o
 .debug_macro   0x000124d3       0x5e src/pwm_custom.o
 .debug_macro   0x00012531       0x64 src/pwm_custom.o
 .debug_macro   0x00012595       0x5f src/pwm_custom.o
 .debug_macro   0x000125f4       0x90 src/pwm_custom.o
 .debug_macro   0x00012684       0x28 src/pwm_custom.o
 .debug_macro   0x000126ac       0x23 src/pwm_custom.o
 .debug_macro   0x000126cf       0x46 src/pwm_custom.o
 .debug_macro   0x00012715       0xfc src/pwm_custom.o
 .debug_macro   0x00012811       0x99 src/pwm_custom.o
 .debug_macro   0x000128aa       0x12 src/pwm_custom.o
 .debug_macro   0x000128bc       0x1f src/pwm_custom.o
 .debug_macro   0x000128db      0x1e7 src/pwm_custom.o
 .debug_macro   0x00012ac2       0x10 src/pwm_custom.o
 .debug_macro   0x00012ad2       0x16 src/pwm_custom.o
 .debug_macro   0x00012ae8       0x5e src/pwm_custom.o
 .debug_macro   0x00012b46       0x43 src/pwm_custom.o
 .debug_macro   0x00012b89       0x96 src/pwm_custom.o
 .debug_macro   0x00012c1f       0x77 src/pwm_custom.o
 .debug_macro   0x00012c96       0x5d src/pwm_custom.o
 .debug_macro   0x00012cf3       0x5b src/pwm_custom.o
 .debug_macro   0x00012d4e       0x94 src/pwm_custom.o
 .debug_macro   0x00012de2       0x40 src/pwm_custom.o
 .debug_macro   0x00012e22       0x70 src/pwm_custom.o
 .debug_macro   0x00012e92       0x34 src/pwm_custom.o
 .debug_macro   0x00012ec6       0x10 src/pwm_custom.o
 .debug_macro   0x00012ed6       0x1c src/pwm_custom.o
 .debug_macro   0x00012ef2       0x2e src/pwm_custom.o
 .debug_macro   0x00012f20       0x1c src/pwm_custom.o
 .debug_macro   0x00012f3c       0x1c src/pwm_custom.o
 .debug_macro   0x00012f58      0x71e src/PIDRegulation.o
 .debug_macro   0x00013676       0x6a src/PIDRegulation.o
 .debug_macro   0x000136e0       0x10 src/PIDRegulation.o
 .debug_macro   0x000136f0      0x452 src/PIDRegulation.o
 .debug_macro   0x00013b42      0x6e4 src/adc_custom.o
 .debug_macro   0x00014226      0x529 src/ASF/common/services/clock/sam3x/sysclk.o
 .debug_macro   0x0001474f      0x26c src/ASF/common/services/clock/sam3x/sysclk.o
 .debug_macro   0x000149bb      0x4a9 src/ASF/common/utils/stdio/read.o
 .debug_macro   0x00014e64      0x4a9 src/ASF/common/utils/stdio/write.o
 .debug_macro   0x0001530d      0x568 src/ASF/sam/boards/arduino_due_x/init.o
 .debug_macro   0x00015875       0x6a src/ASF/sam/boards/arduino_due_x/init.o
 .debug_macro   0x000158df      0x4c9 src/ASF/sam/drivers/adc/adc.o
 .debug_macro   0x00015da8      0x4c4 src/ASF/sam/drivers/pio/pio.o
 .debug_macro   0x0001626c       0x8e src/ASF/sam/drivers/pio/pio.o
 .debug_macro   0x000162fa      0x4c8 src/ASF/sam/drivers/pio/pio_handler.o
 .debug_macro   0x000167c2      0x4be src/ASF/sam/drivers/pmc/pmc.o
 .debug_macro   0x00016c80       0x58 src/ASF/sam/drivers/pmc/pmc.o
 .debug_macro   0x00016cd8      0x4b8 src/ASF/sam/drivers/uart/uart.o