Archive member included because of file (symbol)

c:/program files (x86)/atmel/atmel toolchain/arm gcc/native/4.8.1443/arm-gnu-toolchain/bin/../lib/gcc/arm-none-eabi/4.8.4/../../../../arm-none-eabi/lib/armv7-m\libc.a(lib_a-exit.o)
                              c:/program files (x86)/atmel/atmel toolchain/arm gcc/native/4.8.1443/arm-gnu-toolchain/bin/../lib/gcc/arm-none-eabi/4.8.4/../../../../arm-none-eabi/lib/armv7-m/crt0.o (exit)
c:/program files (x86)/atmel/atmel toolchain/arm gcc/native/4.8.1443/arm-gnu-toolchain/bin/../lib/gcc/arm-none-eabi/4.8.4/../../../../arm-none-eabi/lib/armv7-m\libc.a(lib_a-impure.o)
                              c:/program files (x86)/atmel/atmel toolchain/arm gcc/native/4.8.1443/arm-gnu-toolchain/bin/../lib/gcc/arm-none-eabi/4.8.4/../../../../arm-none-eabi/lib/armv7-m\libc.a(lib_a-exit.o) (_global_impure_ptr)
c:/program files (x86)/atmel/atmel toolchain/arm gcc/native/4.8.1443/arm-gnu-toolchain/bin/../lib/gcc/arm-none-eabi/4.8.4/../../../../arm-none-eabi/lib/armv7-m\libc.a(lib_a-init.o)
                              c:/program files (x86)/atmel/atmel toolchain/arm gcc/native/4.8.1443/arm-gnu-toolchain/bin/../lib/gcc/arm-none-eabi/4.8.4/../../../../arm-none-eabi/lib/armv7-m/crt0.o (__libc_init_array)
c:/program files (x86)/atmel/atmel toolchain/arm gcc/native/4.8.1443/arm-gnu-toolchain/bin/../lib/gcc/arm-none-eabi/4.8.4/../../../../arm-none-eabi/lib/armv7-m\libc.a(lib_a-iprintf.o)
                              src/ASF/sam/drivers/adc/adc.o (iprintf)
c:/program files (x86)/atmel/atmel toolchain/arm gcc/native/4.8.1443/arm-gnu-toolchain/bin/../lib/gcc/arm-none-eabi/4.8.4/../../../../arm-none-eabi/lib/armv7-m\libc.a(lib_a-memcpy.o)
                              src/ASF/thirdparty/freertos/freertos-7.3.0/source/queue.o (memcpy)
c:/program files (x86)/atmel/atmel toolchain/arm gcc/native/4.8.1443/arm-gnu-toolchain/bin/../lib/gcc/arm-none-eabi/4.8.4/../../../../arm-none-eabi/lib/armv7-m\libc.a(lib_a-memset.o)
                              c:/program files (x86)/atmel/atmel toolchain/arm gcc/native/4.8.1443/arm-gnu-toolchain/bin/../lib/gcc/arm-none-eabi/4.8.4/../../../../arm-none-eabi/lib/armv7-m/crt0.o (memset)
c:/program files (x86)/atmel/atmel toolchain/arm gcc/native/4.8.1443/arm-gnu-toolchain/bin/../lib/gcc/arm-none-eabi/4.8.4/../../../../arm-none-eabi/lib/armv7-m\libc.a(lib_a-puts.o)
                              src/ASF/sam/drivers/adc/adc.o (puts)
c:/program files (x86)/atmel/atmel toolchain/arm gcc/native/4.8.1443/arm-gnu-toolchain/bin/../lib/gcc/arm-none-eabi/4.8.4/../../../../arm-none-eabi/lib/armv7-m\libc.a(lib_a-setbuf.o)
                              src/main.o (setbuf)
c:/program files (x86)/atmel/atmel toolchain/arm gcc/native/4.8.1443/arm-gnu-toolchain/bin/../lib/gcc/arm-none-eabi/4.8.4/../../../../arm-none-eabi/lib/armv7-m\libc.a(lib_a-setvbuf.o)
                              c:/program files (x86)/atmel/atmel toolchain/arm gcc/native/4.8.1443/arm-gnu-toolchain/bin/../lib/gcc/arm-none-eabi/4.8.4/../../../../arm-none-eabi/lib/armv7-m\libc.a(lib_a-setbuf.o) (setvbuf)
c:/program files (x86)/atmel/atmel toolchain/arm gcc/native/4.8.1443/arm-gnu-toolchain/bin/../lib/gcc/arm-none-eabi/4.8.4/../../../../arm-none-eabi/lib/armv7-m\libc.a(lib_a-sprintf.o)
                              src/ASF/thirdparty/freertos/freertos-7.3.0/source/tasks.o (sprintf)
c:/program files (x86)/atmel/atmel toolchain/arm gcc/native/4.8.1443/arm-gnu-toolchain/bin/../lib/gcc/arm-none-eabi/4.8.4/../../../../arm-none-eabi/lib/armv7-m\libc.a(lib_a-strcat.o)
                              src/ASF/thirdparty/freertos/freertos-7.3.0/source/tasks.o (strcat)
c:/program files (x86)/atmel/atmel toolchain/arm gcc/native/4.8.1443/arm-gnu-toolchain/bin/../lib/gcc/arm-none-eabi/4.8.4/../../../../arm-none-eabi/lib/armv7-m\libc.a(lib_a-strcpy.o)
                              c:/program files (x86)/atmel/atmel toolchain/arm gcc/native/4.8.1443/arm-gnu-toolchain/bin/../lib/gcc/arm-none-eabi/4.8.4/../../../../arm-none-eabi/lib/armv7-m\libc.a(lib_a-strcat.o) (strcpy)
c:/program files (x86)/atmel/atmel toolchain/arm gcc/native/4.8.1443/arm-gnu-toolchain/bin/../lib/gcc/arm-none-eabi/4.8.4/../../../../arm-none-eabi/lib/armv7-m\libc.a(lib_a-strlen.o)
                              src/ASF/thirdparty/freertos/freertos-7.3.0/source/FreeRTOS_CLI.o (strlen)
c:/program files (x86)/atmel/atmel toolchain/arm gcc/native/4.8.1443/arm-gnu-toolchain/bin/../lib/gcc/arm-none-eabi/4.8.4/../../../../arm-none-eabi/lib/armv7-m\libc.a(lib_a-strncmp.o)
                              src/ASF/thirdparty/freertos/freertos-7.3.0/source/FreeRTOS_CLI.o (strncmp)
c:/program files (x86)/atmel/atmel toolchain/arm gcc/native/4.8.1443/arm-gnu-toolchain/bin/../lib/gcc/arm-none-eabi/4.8.4/../../../../arm-none-eabi/lib/armv7-m\libc.a(lib_a-strncpy.o)
                              src/ASF/thirdparty/freertos/freertos-7.3.0/source/FreeRTOS_CLI.o (strncpy)
[...]
Memory Configuration

Name             Origin             Length             Attributes
rom              0x00080000         0x00080000         xr
sram0            0x20000000         0x00010000         xrw
sram1            0x20080000         0x00008000         xrw
ram              0x20070000         0x00018000         xrw
*default*        0x00000000         0xffffffff

Linker script and memory map

LOAD c:/program files (x86)/atmel/atmel toolchain/arm gcc/native/4.8.1443/arm-gnu-toolchain/bin/../lib/gcc/arm-none-eabi/4.8.4/armv7-m/crti.o
LOAD c:/program files (x86)/atmel/atmel toolchain/arm gcc/native/4.8.1443/arm-gnu-toolchain/bin/../lib/gcc/arm-none-eabi/4.8.4/armv7-m/crtbegin.o
LOAD c:/program files (x86)/atmel/atmel toolchain/arm gcc/native/4.8.1443/arm-gnu-toolchain/bin/../lib/gcc/arm-none-eabi/4.8.4/../../../../arm-none-eabi/lib/armv7-m/crt0.o
LOAD src/ASF/sam/drivers/pwm/pwm.o
LOAD src/PIDRegulation.o
LOAD src/adc_custom.o
LOAD src/ASF/common/services/clock/sam3x/sysclk.o
LOAD src/ASF/common/services/delay/sam/cycle_counter.o
LOAD src/ASF/common/services/serial/usart_serial.o
LOAD src/ASF/common/utils/interrupt/interrupt_sam_nvic.o
LOAD src/ASF/common/utils/stdio/read.o
LOAD src/ASF/common/utils/stdio/write.o
LOAD src/ASF/sam/boards/arduino_due_x/init.o
LOAD src/ASF/sam/drivers/adc/adc.o
LOAD src/ASF/sam/drivers/adc/adc_sam3u.o
LOAD src/ASF/sam/drivers/dacc/dacc.o
LOAD src/ASF/sam/drivers/pio/pio.o
LOAD src/ASF/sam/drivers/pio/pio_handler.o
LOAD src/ASF/sam/drivers/pmc/pmc.o
LOAD src/ASF/sam/drivers/pmc/sleep.o
LOAD src/ASF/sam/drivers/tc/tc.o
LOAD src/ASF/sam/drivers/uart/uart.o
LOAD src/ASF/sam/drivers/usart/usart.o
LOAD src/ASF/sam/utils/cmsis/sam3x/source/templates/exceptions.o
LOAD src/ASF/sam/utils/cmsis/sam3x/source/templates/gcc/startup_sam3x.o
LOAD src/ASF/sam/utils/cmsis/sam3x/source/templates/system_sam3x.o
LOAD src/ASF/sam/utils/syscalls/gcc/syscalls.o
LOAD src/ASF/thirdparty/freertos/freertos-7.3.0/source/FreeRTOS_CLI.o
LOAD src/ASF/thirdparty/freertos/freertos-7.3.0/source/list.o
LOAD src/ASF/thirdparty/freertos/freertos-7.3.0/source/portable/gcc/sam/port.o
LOAD src/ASF/thirdparty/freertos/freertos-7.3.0/source/portable/memmang/heap_4.o
LOAD src/ASF/thirdparty/freertos/freertos-7.3.0/source/queue.o
LOAD src/ASF/thirdparty/freertos/freertos-7.3.0/source/tasks.o
LOAD src/ASF/thirdparty/freertos/freertos-7.3.0/source/timers.o
LOAD src/dac_custom.o
LOAD src/main.o
START GROUP
LOAD ../src/ASF/thirdparty/CMSIS/Lib/GCC\libarm_cortexM3l_math.a
LOAD c:/program files (x86)/atmel/atmel toolchain/arm gcc/native/4.8.1443/arm-gnu-toolchain/bin/../lib/gcc/arm-none-eabi/4.8.4/../../../../arm-none-eabi/lib/armv7-m\libm.a
END GROUP
START GROUP
LOAD c:/program files (x86)/atmel/atmel toolchain/arm gcc/native/4.8.1443/arm-gnu-toolchain/bin/../lib/gcc/arm-none-eabi/4.8.4/armv7-m\libgcc.a
LOAD c:/program files (x86)/atmel/atmel toolchain/arm gcc/native/4.8.1443/arm-gnu-toolchain/bin/../lib/gcc/arm-none-eabi/4.8.4/../../../../arm-none-eabi/lib/armv7-m\libc.a
END GROUP
LOAD c:/program files (x86)/atmel/atmel toolchain/arm gcc/native/4.8.1443/arm-gnu-toolchain/bin/../lib/gcc/arm-none-eabi/4.8.4/armv7-m/crtend.o
LOAD c:/program files (x86)/atmel/atmel toolchain/arm gcc/native/4.8.1443/arm-gnu-toolchain/bin/../lib/gcc/arm-none-eabi/4.8.4/armv7-m/crtn.o
                0x00002000                __stack_size__ = DEFINED (__stack_size__)?__stack_size__:0x2000
                0x20087ffc                __ram_end__ = ((ORIGIN (ram) + 0x18000) - 0x4)

.text           0x00080000     0x5498
                0x00080000                . = ALIGN (0x4)
                0x00080000                _sfixed = .
 *(.vectors .vectors.*)
 .vectors       0x00080000       0xf4 src/ASF/sam/utils/cmsis/sam3x/source/templates/gcc/startup_sam3x.o
                0x00080000                exception_table
 *(.text .text.* .gnu.linkonce.t.*)
 .text          0x000800f4       0x54 c:/program files (x86)/atmel/atmel toolchain/arm gcc/native/4.8.1443/arm-gnu-toolchain/bin/../lib/gcc/arm-none-eabi/4.8.4/armv7-m/crtbegin.o
 .text.PIDRegulationTask
                0x00080148       0x38 src/PIDRegulation.o
                0x00080148                PIDRegulationTask
 .text.adc_distanceSensor_setup
                0x00080180       0x64 src/adc_custom.o
                0x00080180                adc_distanceSensor_setup
 .text.sysclk_init
                0x000801e4       0x64 src/ASF/common/services/clock/sam3x/sysclk.o
                0x000801e4                sysclk_init
 .text._read    0x00080248       0x40 src/ASF/common/utils/stdio/read.o
                0x00080248                _read
 .text._write   0x00080288       0x54 src/ASF/common/utils/stdio/write.o
                0x00080288                _write
 .text.board_init
                0x000802dc       0x80 src/ASF/sam/boards/arduino_due_x/init.o
                0x000802dc                board_init
 .text.adc_init
                0x0008035c       0x34 src/ASF/sam/drivers/adc/adc.o
                0x0008035c                adc_init
 .text.adc_set_resolution
                0x00080390       0x10 src/ASF/sam/drivers/adc/adc.o
                0x00080390                adc_set_resolution
 .text.adc_configure_trigger
                0x000803a0       0x10 src/ASF/sam/drivers/adc/adc.o
                0x000803a0                adc_configure_trigger
 .text.adc_configure_timing
                0x000803b0       0x20 src/ASF/sam/drivers/adc/adc.o
                0x000803b0                adc_configure_timing
 .text.adc_enable_channel
                0x000803d0        0xc src/ASF/sam/drivers/adc/adc.o
                0x000803d0                adc_enable_channel
 .text.dacc_reset
                0x000803dc        0x8 src/ASF/sam/drivers/dacc/dacc.o
                0x000803dc                dacc_reset
 .text.dacc_set_transfer_mode
                0x000803e4       0x18 src/ASF/sam/drivers/dacc/dacc.o
                0x000803e4                dacc_set_transfer_mode
 .text.dacc_write_conversion_data
                0x000803fc        0x4 src/ASF/sam/drivers/dacc/dacc.o
                0x000803fc                dacc_write_conversion_data
 .text.dacc_set_channel_selection
                0x00080400       0x18 src/ASF/sam/drivers/dacc/dacc.o
                0x00080400                dacc_set_channel_selection
 .text.dacc_set_timing
                0x00080418       0x30 src/ASF/sam/drivers/dacc/dacc.o
                0x00080418                dacc_set_timing
 .text.dacc_enable_channel
                0x00080448       0x14 src/ASF/sam/drivers/dacc/dacc.o
                0x00080448                dacc_enable_channel
 .text.pio_set_peripheral
                0x0008045c       0x40 src/ASF/sam/drivers/pio/pio.o
                0x0008045c                pio_set_peripheral
 .text.pio_set_input
                0x0008049c       0x34 src/ASF/sam/drivers/pio/pio.o
                0x0008049c                pio_set_input
 .text.pio_set_output
                0x000804d0       0x28 src/ASF/sam/drivers/pio/pio.o
                0x000804d0                pio_set_output
 .text.pio_get_interrupt_status
                0x000804f8        0x4 src/ASF/sam/drivers/pio/pio.o
                0x000804f8                pio_get_interrupt_status
 .text.pio_get_interrupt_mask
                0x000804fc        0x4 src/ASF/sam/drivers/pio/pio.o
                0x000804fc                pio_get_interrupt_mask
 .text.pio_configure_pin
                0x00080500       0xd4 src/ASF/sam/drivers/pio/pio.o
                0x00080500                pio_configure_pin
 .text.pio_configure_pin_group
                0x000805d4       0xa0 src/ASF/sam/drivers/pio/pio.o
                0x000805d4                pio_configure_pin_group
 .text.pio_handler_process
                0x00080674       0x58 src/ASF/sam/drivers/pio/pio_handler.o
                0x00080674                pio_handler_process
 .text.PIOA_Handler
                0x000806cc       0x14 src/ASF/sam/drivers/pio/pio_handler.o
                0x000806cc                PIOA_Handler
 .text.PIOB_Handler
                0x000806e0       0x14 src/ASF/sam/drivers/pio/pio_handler.o
                0x000806e0                PIOB_Handler
 .text.PIOC_Handler
                0x000806f4       0x14 src/ASF/sam/drivers/pio/pio_handler.o
                0x000806f4                PIOC_Handler
 .text.PIOD_Handler
                0x00080708       0x14 src/ASF/sam/drivers/pio/pio_handler.o
                0x00080708                PIOD_Handler
 .text.pmc_switch_mck_to_pllack
                0x0008071c       0x64 src/ASF/sam/drivers/pmc/pmc.o
                0x0008071c                pmc_switch_mck_to_pllack
 .text.pmc_switch_mainck_to_xtal
                0x00080780       0x54 src/ASF/sam/drivers/pmc/pmc.o
                0x00080780                pmc_switch_mainck_to_xtal
 .text.pmc_osc_is_ready_mainck
                0x000807d4       0x10 src/ASF/sam/drivers/pmc/pmc.o
                0x000807d4                pmc_osc_is_ready_mainck
 .text.pmc_disable_pllack
                0x000807e4       0x10 src/ASF/sam/drivers/pmc/pmc.o
                0x000807e4                pmc_disable_pllack
 .text.pmc_is_locked_pllack
                0x000807f4       0x10 src/ASF/sam/drivers/pmc/pmc.o
                0x000807f4                pmc_is_locked_pllack
 .text.pmc_enable_periph_clk
                0x00080804       0x58 src/ASF/sam/drivers/pmc/pmc.o
                0x00080804                pmc_enable_periph_clk
 .text.uart_init
                0x0008085c       0x38 src/ASF/sam/drivers/uart/uart.o
                0x0008085c                uart_init
 .text.uart_write
                0x00080894       0x10 src/ASF/sam/drivers/uart/uart.o
                0x00080894                uart_write
 .text.uart_read
                0x000808a4       0x14 src/ASF/sam/drivers/uart/uart.o
                0x000808a4                uart_read
 .text.usart_write
                0x000808b8       0x14 src/ASF/sam/drivers/usart/usart.o
                0x000808b8                usart_write
 .text.usart_read
                0x000808cc       0x18 src/ASF/sam/drivers/usart/usart.o
                0x000808cc                usart_read
 .text.Dummy_Handler
                0x000808e4        0x4 src/ASF/sam/utils/cmsis/sam3x/source/templates/exceptions.o
                0x000808e4                DACC_Handler
                0x000808e4                DebugMon_Handler
                0x000808e4                DMAC_Handler
                0x000808e4                TRNG_Handler
                0x000808e4                HardFault_Handler
                0x000808e4                TC2_Handler
                0x000808e4                USART3_Handler
                0x000808e4                TWI1_Handler
                0x000808e4                NMI_Handler
                0x000808e4                TC7_Handler
                0x000808e4                ADC_Handler
                0x000808e4                SMC_Handler
                0x000808e4                USART0_Handler
                0x000808e4                RTT_Handler
                0x000808e4                EFC1_Handler
                0x000808e4                RTC_Handler
                0x000808e4                UsageFault_Handler
                0x000808e4                TC6_Handler
                0x000808e4                WDT_Handler
                0x000808e4                CAN0_Handler
                0x000808e4                TC4_Handler
                0x000808e4                TC1_Handler
                0x000808e4                HSMCI_Handler
                0x000808e4                TC3_Handler
                0x000808e4                Dummy_Handler
                0x000808e4                TWI0_Handler
                0x000808e4                USART1_Handler
                0x000808e4                SSC_Handler
                0x000808e4                EFC0_Handler
                0x000808e4                PMC_Handler
                0x000808e4                PWM_Handler
                0x000808e4                CAN1_Handler
                0x000808e4                MemManage_Handler
                0x000808e4                SUPC_Handler
                0x000808e4                TC8_Handler
                0x000808e4                USART2_Handler
                0x000808e4                EMAC_Handler
                0x000808e4                UART_Handler
                0x000808e4                BusFault_Handler
                0x000808e4                RSTC_Handler
                0x000808e4                TC0_Handler
                0x000808e4                TC5_Handler
                0x000808e4                UOTGHS_Handler
                0x000808e4                SPI0_Handler
 .text.Reset_Handler
                0x000808e8       0xb0 src/ASF/sam/utils/cmsis/sam3x/source/templates/gcc/startup_sam3x.o
                0x000808e8                Reset_Handler
 .text.SystemCoreClockUpdate
                0x00080998      0x11c src/ASF/sam/utils/cmsis/sam3x/source/templates/system_sam3x.o
                0x00080998                SystemCoreClockUpdate
 .text._sbrk    0x00080ab4       0x34 src/ASF/sam/utils/syscalls/gcc/syscalls.o
                0x00080ab4                _sbrk
 .text._close   0x00080ae8        0x8 src/ASF/sam/utils/syscalls/gcc/syscalls.o
                0x00080ae8                _close
 .text._fstat   0x00080af0        0xc src/ASF/sam/utils/syscalls/gcc/syscalls.o
                0x00080af0                _fstat
 .text._isatty  0x00080afc        0x4 src/ASF/sam/utils/syscalls/gcc/syscalls.o
                0x00080afc                _isatty
 .text._lseek   0x00080b00        0x4 src/ASF/sam/utils/syscalls/gcc/syscalls.o
                0x00080b00                _lseek
 .text.vListInitialise
                0x00080b04       0x18 src/ASF/thirdparty/freertos/freertos-7.3.0/source/list.o
                0x00080b04                vListInitialise
 .text.vListInitialiseItem
                0x00080b1c        0x8 src/ASF/thirdparty/freertos/freertos-7.3.0/source/list.o
                0x00080b1c                vListInitialiseItem
 .text.vListInsertEnd
                0x00080b24       0x1c src/ASF/thirdparty/freertos/freertos-7.3.0/source/list.o
                0x00080b24                vListInsertEnd
 .text.vListInsert
                0x00080b40       0x44 src/ASF/thirdparty/freertos/freertos-7.3.0/source/list.o
                0x00080b40                vListInsert
 .text.uxListRemove
                0x00080b84       0x28 src/ASF/thirdparty/freertos/freertos-7.3.0/source/list.o
                0x00080b84                uxListRemove
 .text.prvPortStartFirstTask
                0x00080bac       0x14 src/ASF/thirdparty/freertos/freertos-7.3.0/source/portable/gcc/sam/port.o
 .text.pxPortInitialiseStack
                0x00080bc0       0x1c src/ASF/thirdparty/freertos/freertos-7.3.0/source/portable/gcc/sam/port.o
                0x00080bc0                pxPortInitialiseStack
 .text.SVC_Handler
                0x00080bdc       0x20 src/ASF/thirdparty/freertos/freertos-7.3.0/source/portable/gcc/sam/port.o
                0x00080bdc                SVC_Handler
 .text.vPortYieldFromISR
                0x00080bfc       0x10 src/ASF/thirdparty/freertos/freertos-7.3.0/source/portable/gcc/sam/port.o
                0x00080bfc                vPortYieldFromISR
 .text.ulPortSetInterruptMask
                0x00080c0c       0x10 src/ASF/thirdparty/freertos/freertos-7.3.0/source/portable/gcc/sam/port.o
                0x00080c0c                ulPortSetInterruptMask
 .text.vPortEnterCritical
                0x00080c1c       0x18 src/ASF/thirdparty/freertos/freertos-7.3.0/source/portable/gcc/sam/port.o
                0x00080c1c                vPortEnterCritical
 .text.vPortClearInterruptMask
                0x00080c34        0x8 src/ASF/thirdparty/freertos/freertos-7.3.0/source/portable/gcc/sam/port.o
                0x00080c34                vPortClearInterruptMask
 .text.vPortExitCritical
                0x00080c3c       0x1c src/ASF/thirdparty/freertos/freertos-7.3.0/source/portable/gcc/sam/port.o
                0x00080c3c                vPortExitCritical
 .text.PendSV_Handler
                0x00080c58       0x3c src/ASF/thirdparty/freertos/freertos-7.3.0/source/portable/gcc/sam/port.o
                0x00080c58                PendSV_Handler
 .text.SysTick_Handler
                0x00080c94       0x2c src/ASF/thirdparty/freertos/freertos-7.3.0/source/portable/gcc/sam/port.o
                0x00080c94                SysTick_Handler
 .text.vPortSetupTimerInterrupt
                0x00080cc0       0x18 src/ASF/thirdparty/freertos/freertos-7.3.0/source/portable/gcc/sam/port.o
                0x00080cc0                vPortSetupTimerInterrupt
 .text.xPortStartScheduler
                0x00080cd8       0x38 src/ASF/thirdparty/freertos/freertos-7.3.0/source/portable/gcc/sam/port.o
                0x00080cd8                xPortStartScheduler
 .text.prvInsertBlockIntoFreeList
                0x00080d10       0x58 src/ASF/thirdparty/freertos/freertos-7.3.0/source/portable/memmang/heap_4.o
 .text.pvPortMalloc
                0x00080d68       0xc4 src/ASF/thirdparty/freertos/freertos-7.3.0/source/portable/memmang/heap_4.o
                0x00080d68                pvPortMalloc
 .text.vPortFree
                0x00080e2c       0x34 src/ASF/thirdparty/freertos/freertos-7.3.0/source/portable/memmang/heap_4.o
                0x00080e2c                vPortFree
 .text.prvCopyDataToQueue
                0x00080e60       0x64 src/ASF/thirdparty/freertos/freertos-7.3.0/source/queue.o
 .text.prvCopyDataFromQueue
                0x00080ec4       0x28 src/ASF/thirdparty/freertos/freertos-7.3.0/source/queue.o
 .text.prvUnlockQueue
                0x00080eec       0x8c src/ASF/thirdparty/freertos/freertos-7.3.0/source/queue.o
 .text.xQueueGenericReset
                0x00080f78       0x7c src/ASF/thirdparty/freertos/freertos-7.3.0/source/queue.o
                0x00080f78                xQueueGenericReset
 .text.xQueueGenericCreate
                0x00080ff4       0x58 src/ASF/thirdparty/freertos/freertos-7.3.0/source/queue.o
                0x00080ff4                xQueueGenericCreate
 .text.xQueueGenericSend
                0x0008104c      0x124 src/ASF/thirdparty/freertos/freertos-7.3.0/source/queue.o
                0x0008104c                xQueueGenericSend
 .text.xQueueGenericSendFromISR
                0x00081170       0x90 src/ASF/thirdparty/freertos/freertos-7.3.0/source/queue.o
                0x00081170                xQueueGenericSendFromISR
 .text.xQueueGenericReceive
                0x00081200      0x164 src/ASF/thirdparty/freertos/freertos-7.3.0/source/queue.o
                0x00081200                xQueueGenericReceive
 .text.vQueueWaitForMessageRestricted
                0x00081364       0x4c src/ASF/thirdparty/freertos/freertos-7.3.0/source/queue.o
                0x00081364                vQueueWaitForMessageRestricted
 .text.prvAddCurrentTaskToDelayedList
                0x000813b0       0x5c src/ASF/thirdparty/freertos/freertos-7.3.0/source/tasks.o
 .text.xTaskGenericCreate
                0x0008140c      0x208 src/ASF/thirdparty/freertos/freertos-7.3.0/source/tasks.o
                0x0008140c                xTaskGenericCreate
 .text.vTaskStartScheduler
                0x00081614       0x6c src/ASF/thirdparty/freertos/freertos-7.3.0/source/tasks.o
                0x00081614                vTaskStartScheduler
 .text.vTaskSuspendAll
                0x00081680       0x10 src/ASF/thirdparty/freertos/freertos-7.3.0/source/tasks.o
                0x00081680                vTaskSuspendAll
 .text.xTaskGetTickCount
                0x00081690       0x20 src/ASF/thirdparty/freertos/freertos-7.3.0/source/tasks.o
                0x00081690                xTaskGetTickCount
 .text.vTaskIncrementTick
                0x000816b0      0x12c src/ASF/thirdparty/freertos/freertos-7.3.0/source/tasks.o
                0x000816b0                vTaskIncrementTick
 .text.xTaskResumeAll
                0x000817dc      0x108 src/ASF/thirdparty/freertos/freertos-7.3.0/source/tasks.o
                0x000817dc                xTaskResumeAll
 .text.vTaskDelayUntil
                0x000818e4       0x98 src/ASF/thirdparty/freertos/freertos-7.3.0/source/tasks.o
                0x000818e4                vTaskDelayUntil
 .text.prvIdleTask
                0x0008197c       0x84 src/ASF/thirdparty/freertos/freertos-7.3.0/source/tasks.o
 .text.vTaskSwitchContext
                0x00081a00       0x90 src/ASF/thirdparty/freertos/freertos-7.3.0/source/tasks.o
                0x00081a00                vTaskSwitchContext
 .text.vTaskPlaceOnEventList
                0x00081a90       0x64 src/ASF/thirdparty/freertos/freertos-7.3.0/source/tasks.o
                0x00081a90                vTaskPlaceOnEventList
 .text.vTaskPlaceOnEventListRestricted
                0x00081af4       0x48 src/ASF/thirdparty/freertos/freertos-7.3.0/source/tasks.o
                0x00081af4                vTaskPlaceOnEventListRestricted
 .text.xTaskRemoveFromEventList
                0x00081b3c       0x84 src/ASF/thirdparty/freertos/freertos-7.3.0/source/tasks.o
                0x00081b3c                xTaskRemoveFromEventList
 .text.vTaskSetTimeOutState
                0x00081bc0       0x28 src/ASF/thirdparty/freertos/freertos-7.3.0/source/tasks.o
                0x00081bc0                vTaskSetTimeOutState
 .text.xTaskCheckForTimeOut
                0x00081be8       0x8c src/ASF/thirdparty/freertos/freertos-7.3.0/source/tasks.o
                0x00081be8                xTaskCheckForTimeOut
 .text.vTaskMissedYield
                0x00081c74        0xc src/ASF/thirdparty/freertos/freertos-7.3.0/source/tasks.o
                0x00081c74                vTaskMissedYield
 .text.xTaskGetCurrentTaskHandle
                0x00081c80        0xc src/ASF/thirdparty/freertos/freertos-7.3.0/source/tasks.o
                0x00081c80                xTaskGetCurrentTaskHandle
 .text.xTaskGetSchedulerState
                0x00081c8c       0x20 src/ASF/thirdparty/freertos/freertos-7.3.0/source/tasks.o
                0x00081c8c                xTaskGetSchedulerState
 .text.vTaskPriorityInherit
                0x00081cac       0x7c src/ASF/thirdparty/freertos/freertos-7.3.0/source/tasks.o
                0x00081cac                vTaskPriorityInherit
 .text.vTaskPriorityDisinherit
                0x00081d28       0x50 src/ASF/thirdparty/freertos/freertos-7.3.0/source/tasks.o
                0x00081d28                vTaskPriorityDisinherit
 .text.prvInsertTimerInActiveList
                0x00081d78       0x50 src/ASF/thirdparty/freertos/freertos-7.3.0/source/timers.o
 .text.prvCheckForValidListAndQueue
                0x00081dc8       0x5c src/ASF/thirdparty/freertos/freertos-7.3.0/source/timers.o
 .text.xTimerCreateTimerTask
                0x00081e24       0x4c src/ASF/thirdparty/freertos/freertos-7.3.0/source/timers.o
                0x00081e24                xTimerCreateTimerTask
 .text.xTimerGenericCommand
                0x00081e70       0x58 src/ASF/thirdparty/freertos/freertos-7.3.0/source/timers.o
                0x00081e70                xTimerGenericCommand
 .text.prvSampleTimeNow
                0x00081ec8       0xbc src/ASF/thirdparty/freertos/freertos-7.3.0/source/timers.o
 .text.prvTimerTask
                0x00081f84      0x180 src/ASF/thirdparty/freertos/freertos-7.3.0/source/timers.o
 .text.dac_setup
                0x00082104       0x54 src/dac_custom.o
                0x00082104                dac_setup
 .text.usart_serial_getchar
                0x00082158       0xa8 src/main.o
 .text.usart_serial_putchar
                0x00082200       0xa8 src/main.o
 .text.main     0x000822a8      0x110 src/main.o
                0x000822a8                main
 .text.__libc_init_array
                0x000823b8       0x50 c:/program files (x86)/atmel/atmel toolchain/arm gcc/native/4.8.1443/arm-gnu-toolchain/bin/../lib/gcc/arm-none-eabi/4.8.4/../../../../arm-none-eabi/lib/armv7-m\libc.a(lib_a-init.o)
                0x000823b8                __libc_init_array
 .text.iprintf  0x00082408       0x28 c:/program files (x86)/atmel/atmel toolchain/arm gcc/native/4.8.1443/arm-gnu-toolchain/bin/../lib/gcc/arm-none-eabi/4.8.4/../../../../arm-none-eabi/lib/armv7-m\libc.a(lib_a-iprintf.o)
                0x00082408                iprintf
 .text          0x00082430       0xec c:/program files (x86)/atmel/atmel toolchain/arm gcc/native/4.8.1443/arm-gnu-toolchain/bin/../lib/gcc/arm-none-eabi/4.8.4/../../../../arm-none-eabi/lib/armv7-m\libc.a(lib_a-memcpy.o)
                0x00082430                memcpy
 .text.memset   0x0008251c       0x94 c:/program files (x86)/atmel/atmel toolchain/arm gcc/native/4.8.1443/arm-gnu-toolchain/bin/../lib/gcc/arm-none-eabi/4.8.4/../../../../arm-none-eabi/lib/armv7-m\libc.a(lib_a-memset.o)
                0x0008251c                memset
 .text.setbuf   0x000825b0       0x10 c:/program files (x86)/atmel/atmel toolchain/arm gcc/native/4.8.1443/arm-gnu-toolchain/bin/../lib/gcc/arm-none-eabi/4.8.4/../../../../arm-none-eabi/lib/armv7-m\libc.a(lib_a-setbuf.o)
                0x000825b0                setbuf
 .text.setvbuf  0x000825c0      0x100 c:/program files (x86)/atmel/atmel toolchain/arm gcc/native/4.8.1443/arm-gnu-toolchain/bin/../lib/gcc/arm-none-eabi/4.8.4/../../../../arm-none-eabi/lib/armv7-m\libc.a(lib_a-setvbuf.o)
                0x000825c0                setvbuf
 .text.strlen   0x000826c0       0x60 c:/program files (x86)/atmel/atmel toolchain/arm gcc/native/4.8.1443/arm-gnu-toolchain/bin/../lib/gcc/arm-none-eabi/4.8.4/../../../../arm-none-eabi/lib/armv7-m\libc.a(lib_a-strlen.o)
                0x000826c0                strlen
 .text.strncpy  0x00082720       0x64 c:/program files (x86)/atmel/atmel toolchain/arm gcc/native/4.8.1443/arm-gnu-toolchain/bin/../lib/gcc/arm-none-eabi/4.8.4/../../../../arm-none-eabi/lib/armv7-m\libc.a(lib_a-strncpy.o)
                0x00082720                strncpy
 .text.__sprint_r.part.0
                0x00082784       0x78 c:/program files (x86)/atmel/atmel toolchain/arm gcc/native/4.8.1443/arm-gnu-toolchain/bin/../lib/gcc/arm-none-eabi/4.8.4/../../../../arm-none-eabi/lib/armv7-m\libc.a(lib_a-vfiprintf.o)
 .text._vfiprintf_r
                0x000827fc      0xc54 c:/program files (x86)/atmel/atmel toolchain/arm gcc/native/4.8.1443/arm-gnu-toolchain/bin/../lib/gcc/arm-none-eabi/4.8.4/../../../../arm-none-eabi/lib/armv7-m\libc.a(lib_a-vfiprintf.o)
                0x000827fc                _vfiprintf_r
 .text.__sbprintf
                0x00083450       0x7c c:/program files (x86)/atmel/atmel toolchain/arm gcc/native/4.8.1443/arm-gnu-toolchain/bin/../lib/gcc/arm-none-eabi/4.8.4/../../../../arm-none-eabi/lib/armv7-m\libc.a(lib_a-vfiprintf.o)
 .text.__swsetup_r
                0x000834cc       0xc4 c:/program files (x86)/atmel/atmel toolchain/arm gcc/native/4.8.1443/arm-gnu-toolchain/bin/../lib/gcc/arm-none-eabi/4.8.4/../../../../arm-none-eabi/lib/armv7-m\libc.a(lib_a-wsetup.o)
                0x000834cc                __swsetup_r
 .text.startup.register_fini
                0x00083590       0x14 c:/program files (x86)/atmel/atmel toolchain/arm gcc/native/4.8.1443/arm-gnu-toolchain/bin/../lib/gcc/arm-none-eabi/4.8.4/../../../../arm-none-eabi/lib/armv7-m\libc.a(lib_a-__call_atexit.o)
 .text.atexit   0x000835a4        0xc c:/program files (x86)/atmel/atmel toolchain/arm gcc/native/4.8.1443/arm-gnu-toolchain/bin/../lib/gcc/arm-none-eabi/4.8.4/../../../../arm-none-eabi/lib/armv7-m\libc.a(lib_a-atexit.o)
                0x000835a4                atexit
 .text.__sflush_r
                0x000835b0      0x148 c:/program files (x86)/atmel/atmel toolchain/arm gcc/native/4.8.1443/arm-gnu-toolchain/bin/../lib/gcc/arm-none-eabi/4.8.4/../../../../arm-none-eabi/lib/armv7-m\libc.a(lib_a-fflush.o)
                0x000835b0                __sflush_r
 .text._fflush_r
                0x000836f8       0x2c c:/program files (x86)/atmel/atmel toolchain/arm gcc/native/4.8.1443/arm-gnu-toolchain/bin/../lib/gcc/arm-none-eabi/4.8.4/../../../../arm-none-eabi/lib/armv7-m\libc.a(lib_a-fflush.o)
                0x000836f8                _fflush_r
 .text._cleanup_r
                0x00083724        0xc c:/program files (x86)/atmel/atmel toolchain/arm gcc/native/4.8.1443/arm-gnu-toolchain/bin/../lib/gcc/arm-none-eabi/4.8.4/../../../../arm-none-eabi/lib/armv7-m\libc.a(lib_a-findfp.o)
                0x00083724                _cleanup_r
 .text.__sinit  0x00083730       0xf4 c:/program files (x86)/atmel/atmel toolchain/arm gcc/native/4.8.1443/arm-gnu-toolchain/bin/../lib/gcc/arm-none-eabi/4.8.4/../../../../arm-none-eabi/lib/armv7-m\libc.a(lib_a-findfp.o)
                0x00083730                __sinit
 .text.__sfp_lock_acquire
                0x00083824        0x4 c:/program files (x86)/atmel/atmel toolchain/arm gcc/native/4.8.1443/arm-gnu-toolchain/bin/../lib/gcc/arm-none-eabi/4.8.4/../../../../arm-none-eabi/lib/armv7-m\libc.a(lib_a-findfp.o)
                0x00083824                __sfp_lock_acquire
 .text.__sfp_lock_release
                0x00083828        0x4 c:/program files (x86)/atmel/atmel toolchain/arm gcc/native/4.8.1443/arm-gnu-toolchain/bin/../lib/gcc/arm-none-eabi/4.8.4/../../../../arm-none-eabi/lib/armv7-m\libc.a(lib_a-findfp.o)
                0x00083828                __sfp_lock_release
 .text.__libc_fini_array
                0x0008382c       0x30 c:/program files (x86)/atmel/atmel toolchain/arm gcc/native/4.8.1443/arm-gnu-toolchain/bin/../lib/gcc/arm-none-eabi/4.8.4/../../../../arm-none-eabi/lib/armv7-m\libc.a(lib_a-fini.o)
                0x0008382c                __libc_fini_array
 .text._fputwc_r
                0x0008385c       0xc0 c:/program files (x86)/atmel/atmel toolchain/arm gcc/native/4.8.1443/arm-gnu-toolchain/bin/../lib/gcc/arm-none-eabi/4.8.4/../../../../arm-none-eabi/lib/armv7-m\libc.a(lib_a-fputwc.o)
                0x0008385c                _fputwc_r
 .text._malloc_trim_r
                0x0008391c       0x9c c:/program files (x86)/atmel/atmel toolchain/arm gcc/native/4.8.1443/arm-gnu-toolchain/bin/../lib/gcc/arm-none-eabi/4.8.4/../../../../arm-none-eabi/lib/armv7-m\libc.a(lib_a-freer.o)
                0x0008391c                _malloc_trim_r
 .text._free_r  0x000839b8      0x198 c:/program files (x86)/atmel/atmel toolchain/arm gcc/native/4.8.1443/arm-gnu-toolchain/bin/../lib/gcc/arm-none-eabi/4.8.4/../../../../arm-none-eabi/lib/armv7-m\libc.a(lib_a-freer.o)
                0x000839b8                _free_r
 .text.__sfvwrite_r
                0x00083b50      0x318 c:/program files (x86)/atmel/atmel toolchain/arm gcc/native/4.8.1443/arm-gnu-toolchain/bin/../lib/gcc/arm-none-eabi/4.8.4/../../../../arm-none-eabi/lib/armv7-m\libc.a(lib_a-fvwrite.o)
                0x00083b50                __sfvwrite_r
 .text._fwalk   0x00083e68       0x48 c:/program files (x86)/atmel/atmel toolchain/arm gcc/native/4.8.1443/arm-gnu-toolchain/bin/../lib/gcc/arm-none-eabi/4.8.4/../../../../arm-none-eabi/lib/armv7-m\libc.a(lib_a-fwalk.o)
                0x00083e68                _fwalk
 .text.__locale_charset
                0x00083eb0        0x8 c:/program files (x86)/atmel/atmel toolchain/arm gcc/native/4.8.1443/arm-gnu-toolchain/bin/../lib/gcc/arm-none-eabi/4.8.4/../../../../arm-none-eabi/lib/armv7-m\libc.a(lib_a-locale.o)
                0x00083eb0                __locale_charset
 .text.__locale_mb_cur_max
                0x00083eb8        0xc c:/program files (x86)/atmel/atmel toolchain/arm gcc/native/4.8.1443/arm-gnu-toolchain/bin/../lib/gcc/arm-none-eabi/4.8.4/../../../../arm-none-eabi/lib/armv7-m\libc.a(lib_a-locale.o)
                0x00083eb8                __locale_mb_cur_max
 .text.__smakebuf_r
                0x00083ec4       0xe0 c:/program files (x86)/atmel/atmel toolchain/arm gcc/native/4.8.1443/arm-gnu-toolchain/bin/../lib/gcc/arm-none-eabi/4.8.4/../../../../arm-none-eabi/lib/armv7-m\libc.a(lib_a-makebuf.o)
                0x00083ec4                __smakebuf_r
 .text.malloc   0x00083fa4       0x10 c:/program files (x86)/atmel/atmel toolchain/arm gcc/native/4.8.1443/arm-gnu-toolchain/bin/../lib/gcc/arm-none-eabi/4.8.4/../../../../arm-none-eabi/lib/armv7-m\libc.a(lib_a-malloc.o)
                0x00083fa4                malloc
 .text._malloc_r
                0x00083fb4      0x538 c:/program files (x86)/atmel/atmel toolchain/arm gcc/native/4.8.1443/arm-gnu-toolchain/bin/../lib/gcc/arm-none-eabi/4.8.4/../../../../arm-none-eabi/lib/armv7-m\libc.a(lib_a-mallocr.o)
                0x00083fb4                _malloc_r
 .text.memchr   0x000844ec       0x94 c:/program files (x86)/atmel/atmel toolchain/arm gcc/native/4.8.1443/arm-gnu-toolchain/bin/../lib/gcc/arm-none-eabi/4.8.4/../../../../arm-none-eabi/lib/armv7-m\libc.a(lib_a-memchr-stub.o)
                0x000844ec                memchr
 .text.memmove  0x00084580       0xcc c:/program files (x86)/atmel/atmel toolchain/arm gcc/native/4.8.1443/arm-gnu-toolchain/bin/../lib/gcc/arm-none-eabi/4.8.4/../../../../arm-none-eabi/lib/armv7-m\libc.a(lib_a-memmove.o)
                0x00084580                memmove
 .text.__malloc_lock
                0x0008464c        0x4 c:/program files (x86)/atmel/atmel toolchain/arm gcc/native/4.8.1443/arm-gnu-toolchain/bin/../lib/gcc/arm-none-eabi/4.8.4/../../../../arm-none-eabi/lib/armv7-m\libc.a(lib_a-mlock.o)
                0x0008464c                __malloc_lock
 .text.__malloc_unlock
                0x00084650        0x4 c:/program files (x86)/atmel/atmel toolchain/arm gcc/native/4.8.1443/arm-gnu-toolchain/bin/../lib/gcc/arm-none-eabi/4.8.4/../../../../arm-none-eabi/lib/armv7-m\libc.a(lib_a-mlock.o)
                0x00084650                __malloc_unlock
 .text._realloc_r
                0x00084654      0x3c0 c:/program files (x86)/atmel/atmel toolchain/arm gcc/native/4.8.1443/arm-gnu-toolchain/bin/../lib/gcc/arm-none-eabi/4.8.4/../../../../arm-none-eabi/lib/armv7-m\libc.a(lib_a-reallocr.o)
                0x00084654                _realloc_r
 .text._sbrk_r  0x00084a14       0x24 c:/program files (x86)/atmel/atmel toolchain/arm gcc/native/4.8.1443/arm-gnu-toolchain/bin/../lib/gcc/arm-none-eabi/4.8.4/../../../../arm-none-eabi/lib/armv7-m\libc.a(lib_a-sbrkr.o)
                0x00084a14                _sbrk_r
 .text.__sread  0x00084a38       0x24 c:/program files (x86)/atmel/atmel toolchain/arm gcc/native/4.8.1443/arm-gnu-toolchain/bin/../lib/gcc/arm-none-eabi/4.8.4/../../../../arm-none-eabi/lib/armv7-m\libc.a(lib_a-stdio.o)
                0x00084a38                __sread
 .text.__swrite
                0x00084a5c       0x38 c:/program files (x86)/atmel/atmel toolchain/arm gcc/native/4.8.1443/arm-gnu-toolchain/bin/../lib/gcc/arm-none-eabi/4.8.4/../../../../arm-none-eabi/lib/armv7-m\libc.a(lib_a-stdio.o)
                0x00084a5c                __swrite
 .text.__sseek  0x00084a94       0x20 c:/program files (x86)/atmel/atmel toolchain/arm gcc/native/4.8.1443/arm-gnu-toolchain/bin/../lib/gcc/arm-none-eabi/4.8.4/../../../../arm-none-eabi/lib/armv7-m\libc.a(lib_a-stdio.o)
                0x00084a94                __sseek
 .text.__sclose
                0x00084ab4        0x8 c:/program files (x86)/atmel/atmel toolchain/arm gcc/native/4.8.1443/arm-gnu-toolchain/bin/../lib/gcc/arm-none-eabi/4.8.4/../../../../arm-none-eabi/lib/armv7-m\libc.a(lib_a-stdio.o)
                0x00084ab4                __sclose
 .text.__swbuf_r
                0x00084abc       0xa8 c:/program files (x86)/atmel/atmel toolchain/arm gcc/native/4.8.1443/arm-gnu-toolchain/bin/../lib/gcc/arm-none-eabi/4.8.4/../../../../arm-none-eabi/lib/armv7-m\libc.a(lib_a-wbuf.o)
                0x00084abc                __swbuf_r
 .text._wcrtomb_r
                0x00084b64       0x50 c:/program files (x86)/atmel/atmel toolchain/arm gcc/native/4.8.1443/arm-gnu-toolchain/bin/../lib/gcc/arm-none-eabi/4.8.4/../../../../arm-none-eabi/lib/armv7-m\libc.a(lib_a-wcrtomb.o)
                0x00084b64                _wcrtomb_r
 .text.__ascii_wctomb
                0x00084bb4       0x1c c:/program files (x86)/atmel/atmel toolchain/arm gcc/native/4.8.1443/arm-gnu-toolchain/bin/../lib/gcc/arm-none-eabi/4.8.4/../../../../arm-none-eabi/lib/armv7-m\libc.a(lib_a-wctomb_r.o)
                0x00084bb4                __ascii_wctomb
 .text._write_r
                0x00084bd0       0x28 c:/program files (x86)/atmel/atmel toolchain/arm gcc/native/4.8.1443/arm-gnu-toolchain/bin/../lib/gcc/arm-none-eabi/4.8.4/../../../../arm-none-eabi/lib/armv7-m\libc.a(lib_a-writer.o)
                0x00084bd0                _write_r
 .text.__register_exitproc
                0x00084bf8       0xa8 c:/program files (x86)/atmel/atmel toolchain/arm gcc/native/4.8.1443/arm-gnu-toolchain/bin/../lib/gcc/arm-none-eabi/4.8.4/../../../../arm-none-eabi/lib/armv7-m\libc.a(lib_a-__atexit.o)
                0x00084bf8                __register_exitproc
 .text._close_r
                0x00084ca0       0x24 c:/program files (x86)/atmel/atmel toolchain/arm gcc/native/4.8.1443/arm-gnu-toolchain/bin/../lib/gcc/arm-none-eabi/4.8.4/../../../../arm-none-eabi/lib/armv7-m\libc.a(lib_a-closer.o)
                0x00084ca0                _close_r
 .text._fclose_r
                0x00084cc4       0x80 c:/program files (x86)/atmel/atmel toolchain/arm gcc/native/4.8.1443/arm-gnu-toolchain/bin/../lib/gcc/arm-none-eabi/4.8.4/../../../../arm-none-eabi/lib/armv7-m\libc.a(lib_a-fclose.o)
                0x00084cc4                _fclose_r
 .text.fclose   0x00084d44       0x10 c:/program files (x86)/atmel/atmel toolchain/arm gcc/native/4.8.1443/arm-gnu-toolchain/bin/../lib/gcc/arm-none-eabi/4.8.4/../../../../arm-none-eabi/lib/armv7-m\libc.a(lib_a-fclose.o)
                0x00084d44                fclose
 .text._fstat_r
                0x00084d54       0x28 c:/program files (x86)/atmel/atmel toolchain/arm gcc/native/4.8.1443/arm-gnu-toolchain/bin/../lib/gcc/arm-none-eabi/4.8.4/../../../../arm-none-eabi/lib/armv7-m\libc.a(lib_a-fstatr.o)
                0x00084d54                _fstat_r
 .text._isatty_r
                0x00084d7c       0x24 c:/program files (x86)/atmel/atmel toolchain/arm gcc/native/4.8.1443/arm-gnu-toolchain/bin/../lib/gcc/arm-none-eabi/4.8.4/../../../../arm-none-eabi/lib/armv7-m\libc.a(lib_a-isattyr.o)
                0x00084d7c                _isatty_r
 .text._lseek_r
                0x00084da0       0x28 c:/program files (x86)/atmel/atmel toolchain/arm gcc/native/4.8.1443/arm-gnu-toolchain/bin/../lib/gcc/arm-none-eabi/4.8.4/../../../../arm-none-eabi/lib/armv7-m\libc.a(lib_a-lseekr.o)
                0x00084da0                _lseek_r
 .text._read_r  0x00084dc8       0x28 c:/program files (x86)/atmel/atmel toolchain/arm gcc/native/4.8.1443/arm-gnu-toolchain/bin/../lib/gcc/arm-none-eabi/4.8.4/../../../../arm-none-eabi/lib/armv7-m\libc.a(lib_a-readr.o)
                0x00084dc8                _read_r
 .text          0x00084df0       0x2c c:/program files (x86)/atmel/atmel toolchain/arm gcc/native/4.8.1443/arm-gnu-toolchain/bin/../lib/gcc/arm-none-eabi/4.8.4/armv7-m\libgcc.a(_aeabi_uldivmod.o)
                0x00084df0                __aeabi_uldivmod
 .text          0x00084e1c       0x60 c:/program files (x86)/atmel/atmel toolchain/arm gcc/native/4.8.1443/arm-gnu-toolchain/bin/../lib/gcc/arm-none-eabi/4.8.4/armv7-m\libgcc.a(bpabi.o)
                0x00084e1c                __gnu_ldivmod_helper
                0x00084e4c                __gnu_uldivmod_helper
 .text          0x00084e7c        0x4 c:/program files (x86)/atmel/atmel toolchain/arm gcc/native/4.8.1443/arm-gnu-toolchain/bin/../lib/gcc/arm-none-eabi/4.8.4/armv7-m\libgcc.a(_dvmd_tls.o)
                0x00084e7c                __aeabi_idiv0
                0x00084e7c                __aeabi_ldiv0
 .text          0x00084e80      0x2a0 c:/program files (x86)/atmel/atmel toolchain/arm gcc/native/4.8.1443/arm-gnu-toolchain/bin/../lib/gcc/arm-none-eabi/4.8.4/armv7-m\libgcc.a(_divdi3.o)
                0x00084e80                __divdi3
 .text          0x00085120      0x290 c:/program files (x86)/atmel/atmel toolchain/arm gcc/native/4.8.1443/arm-gnu-toolchain/bin/../lib/gcc/arm-none-eabi/4.8.4/armv7-m\libgcc.a(_udivdi3.o)
                0x00085120                __udivdi3
 *(.glue_7t)
 .glue_7t       0x00000000        0x0 linker stubs
 *(.glue_7)
 .glue_7        0x00000000        0x0 linker stubs
 *(.rodata .rodata* .gnu.linkonce.r.*)
 .rodata.str1.4
                0x000853b0       0x1f src/ASF/thirdparty/freertos/freertos-7.3.0/source/tasks.o
                                 0x20 (size before relaxing)
 *fill*         0x000853cf        0x1 
 .rodata.str1.4
                0x000853d0        0x8 src/ASF/thirdparty/freertos/freertos-7.3.0/source/timers.o
 .rodata.str1.4
                0x000853d8       0x41 src/main.o
                                 0x44 (size before relaxing)
 *fill*         0x00085419        0x3 
 .rodata.str1.4
                0x0008541c        0x2 c:/program files (x86)/atmel/atmel toolchain/arm gcc/native/4.8.1443/arm-gnu-toolchain/bin/../lib/gcc/arm-none-eabi/4.8.4/../../../../arm-none-eabi/lib/armv7-m\libc.a(lib_a-impure.o)
                                  0x4 (size before relaxing)
 *fill*         0x0008541e        0x2 
 .rodata._global_impure_ptr
                0x00085420        0x4 c:/program files (x86)/atmel/atmel toolchain/arm gcc/native/4.8.1443/arm-gnu-toolchain/bin/../lib/gcc/arm-none-eabi/4.8.4/../../../../arm-none-eabi/lib/armv7-m\libc.a(lib_a-impure.o)
                0x00085420                _global_impure_ptr
 .rodata.str1.4
                0x00085424       0x30 c:/program files (x86)/atmel/atmel toolchain/arm gcc/native/4.8.1443/arm-gnu-toolchain/bin/../lib/gcc/arm-none-eabi/4.8.4/../../../../arm-none-eabi/lib/armv7-m\libc.a(lib_a-vfiprintf.o)
 .rodata.zeroes.6721
                0x00085454       0x10 c:/program files (x86)/atmel/atmel toolchain/arm gcc/native/4.8.1443/arm-gnu-toolchain/bin/../lib/gcc/arm-none-eabi/4.8.4/../../../../arm-none-eabi/lib/armv7-m\libc.a(lib_a-vfiprintf.o)
 .rodata.blanks.6720
                0x00085464       0x10 c:/program files (x86)/atmel/atmel toolchain/arm gcc/native/4.8.1443/arm-gnu-toolchain/bin/../lib/gcc/arm-none-eabi/4.8.4/../../../../arm-none-eabi/lib/armv7-m\libc.a(lib_a-vfiprintf.o)
 *(.ARM.extab* .gnu.linkonce.armextab.*)
                0x00085474                . = ALIGN (0x4)
 *(.init)
 .init          0x00085474        0x4 c:/program files (x86)/atmel/atmel toolchain/arm gcc/native/4.8.1443/arm-gnu-toolchain/bin/../lib/gcc/arm-none-eabi/4.8.4/armv7-m/crti.o
                0x00085474                _init
 .init          0x00085478        0x8 c:/program files (x86)/atmel/atmel toolchain/arm gcc/native/4.8.1443/arm-gnu-toolchain/bin/../lib/gcc/arm-none-eabi/4.8.4/armv7-m/crtn.o
                0x00085480                . = ALIGN (0x4)
                0x00085480                __preinit_array_start = .
 *(.preinit_array)
                0x00085480                __preinit_array_end = .
                0x00085480                . = ALIGN (0x4)
                0x00085480                __init_array_start = .
 *(SORT(.init_array.*))
 .init_array.00000
                0x00085480        0x4 c:/program files (x86)/atmel/atmel toolchain/arm gcc/native/4.8.1443/arm-gnu-toolchain/bin/../lib/gcc/arm-none-eabi/4.8.4/../../../../arm-none-eabi/lib/armv7-m\libc.a(lib_a-__call_atexit.o)
 *(.init_array)
 .init_array    0x00085484        0x4 c:/program files (x86)/atmel/atmel toolchain/arm gcc/native/4.8.1443/arm-gnu-toolchain/bin/../lib/gcc/arm-none-eabi/4.8.4/armv7-m/crtbegin.o
                0x00085488                __init_array_end = .
                0x00085488                . = ALIGN (0x4)
 *crtbegin.o(.ctors)
 *(EXCLUDE_FILE(*crtend.o) .ctors)
 *(SORT(.ctors.*))
 *crtend.o(.ctors)
                0x00085488                . = ALIGN (0x4)
 *(.fini)
 .fini          0x00085488        0x4 c:/program files (x86)/atmel/atmel toolchain/arm gcc/native/4.8.1443/arm-gnu-toolchain/bin/../lib/gcc/arm-none-eabi/4.8.4/armv7-m/crti.o
                0x00085488                _fini
 .fini          0x0008548c        0x8 c:/program files (x86)/atmel/atmel toolchain/arm gcc/native/4.8.1443/arm-gnu-toolchain/bin/../lib/gcc/arm-none-eabi/4.8.4/armv7-m/crtn.o
                0x00085494                . = ALIGN (0x4)
                0x00085494                __fini_array_start = .
 *(.fini_array)
 .fini_array    0x00085494        0x4 c:/program files (x86)/atmel/atmel toolchain/arm gcc/native/4.8.1443/arm-gnu-toolchain/bin/../lib/gcc/arm-none-eabi/4.8.4/armv7-m/crtbegin.o
 *(SORT(.fini_array.*))
                0x00085498                __fini_array_end = .
 *crtbegin.o(.dtors)
 *(EXCLUDE_FILE(*crtend.o) .dtors)
 *(SORT(.dtors.*))
 *crtend.o(.dtors)
                0x00085498                . = ALIGN (0x4)
                0x00085498                _efixed = .
                0x00085498                PROVIDE (__exidx_start, .)

.vfp11_veneer   0x00085498        0x0
 .vfp11_veneer  0x00000000        0x0 linker stubs

.v4_bx          0x00085498        0x0
 .v4_bx         0x00000000        0x0 linker stubs

.iplt           0x00085498        0x0
 .iplt          0x00000000        0x0 c:/program files (x86)/atmel/atmel toolchain/arm gcc/native/4.8.1443/arm-gnu-toolchain/bin/../lib/gcc/arm-none-eabi/4.8.4/armv7-m/crtbegin.o

.ARM.exidx      0x00085498        0x8
 *(.ARM.exidx* .gnu.linkonce.armexidx.*)
 .ARM.exidx     0x00085498        0x8 c:/program files (x86)/atmel/atmel toolchain/arm gcc/native/4.8.1443/arm-gnu-toolchain/bin/../lib/gcc/arm-none-eabi/4.8.4/armv7-m\libgcc.a(_divdi3.o)
 .ARM.exidx     0x000854a0        0x0 c:/program files (x86)/atmel/atmel toolchain/arm gcc/native/4.8.1443/arm-gnu-toolchain/bin/../lib/gcc/arm-none-eabi/4.8.4/armv7-m\libgcc.a(_udivdi3.o)
                                  0x8 (size before relaxing)
                0x000854a0                PROVIDE (__exidx_end, .)

.eh_frame       0x000854a0        0x0
 .eh_frame      0x000854a0        0x0 c:/program files (x86)/atmel/atmel toolchain/arm gcc/native/4.8.1443/arm-gnu-toolchain/bin/../lib/gcc/arm-none-eabi/4.8.4/armv7-m/crtbegin.o

.rel.dyn        0x000854a0        0x0
 .rel.iplt      0x00000000        0x0 c:/program files (x86)/atmel/atmel toolchain/arm gcc/native/4.8.1443/arm-gnu-toolchain/bin/../lib/gcc/arm-none-eabi/4.8.4/armv7-m/crtbegin.o

.jcr            0x000854a0        0x0
 .jcr           0x000854a0        0x0 c:/program files (x86)/atmel/atmel toolchain/arm gcc/native/4.8.1443/arm-gnu-toolchain/bin/../lib/gcc/arm-none-eabi/4.8.4/armv7-m/crtbegin.o

.igot.plt       0x000854a0        0x0
 .igot.plt      0x00000000        0x0 c:/program files (x86)/atmel/atmel toolchain/arm gcc/native/4.8.1443/arm-gnu-toolchain/bin/../lib/gcc/arm-none-eabi/4.8.4/armv7-m/crtbegin.o
                0x000854a0                . = ALIGN (0x4)
                0x000854a0                _etext = .

.relocate       0x20070000      0x9a4 load address 0x000854a0
                0x20070000                . = ALIGN (0x4)
                0x20070000                _srelocate = .
 *(.ramfunc .ramfunc.*)
 .ramfunc       0x20070000      0x12c src/ASF/sam/utils/cmsis/sam3x/source/templates/system_sam3x.o
                0x20070000                SystemInit
                0x200700a4                system_init_flash
 *(.data .data.*)
 .data.SystemCoreClock
                0x2007012c        0x4 src/ASF/sam/utils/cmsis/sam3x/source/templates/system_sam3x.o
                0x2007012c                SystemCoreClock
 .data.uxCriticalNesting
                0x20070130        0x4 src/ASF/thirdparty/freertos/freertos-7.3.0/source/portable/gcc/sam/port.o
 .data.xFreeBytesRemaining
                0x20070134        0x4 src/ASF/thirdparty/freertos/freertos-7.3.0/source/portable/memmang/heap_4.o
 .data.xNextTaskUnblockTime
                0x20070138        0x2 src/ASF/thirdparty/freertos/freertos-7.3.0/source/tasks.o
 *fill*         0x2007013a        0x6 
 .data.impure_data
                0x20070140      0x428 c:/program files (x86)/atmel/atmel toolchain/arm gcc/native/4.8.1443/arm-gnu-toolchain/bin/../lib/gcc/arm-none-eabi/4.8.4/../../../../arm-none-eabi/lib/armv7-m\libc.a(lib_a-impure.o)
 .data._impure_ptr
                0x20070568        0x4 c:/program files (x86)/atmel/atmel toolchain/arm gcc/native/4.8.1443/arm-gnu-toolchain/bin/../lib/gcc/arm-none-eabi/4.8.4/../../../../arm-none-eabi/lib/armv7-m\libc.a(lib_a-impure.o)
                0x20070568                _impure_ptr
 .data.lc_ctype_charset
                0x2007056c       0x20 c:/program files (x86)/atmel/atmel toolchain/arm gcc/native/4.8.1443/arm-gnu-toolchain/bin/../lib/gcc/arm-none-eabi/4.8.4/../../../../arm-none-eabi/lib/armv7-m\libc.a(lib_a-locale.o)
 .data.__mb_cur_max
                0x2007058c        0x4 c:/program files (x86)/atmel/atmel toolchain/arm gcc/native/4.8.1443/arm-gnu-toolchain/bin/../lib/gcc/arm-none-eabi/4.8.4/../../../../arm-none-eabi/lib/armv7-m\libc.a(lib_a-locale.o)
                0x2007058c                __mb_cur_max
 .data.__malloc_av_
                0x20070590      0x408 c:/program files (x86)/atmel/atmel toolchain/arm gcc/native/4.8.1443/arm-gnu-toolchain/bin/../lib/gcc/arm-none-eabi/4.8.4/../../../../arm-none-eabi/lib/armv7-m\libc.a(lib_a-mallocr.o)
                0x20070590                __malloc_av_
 .data.__malloc_trim_threshold
                0x20070998        0x4 c:/program files (x86)/atmel/atmel toolchain/arm gcc/native/4.8.1443/arm-gnu-toolchain/bin/../lib/gcc/arm-none-eabi/4.8.4/../../../../arm-none-eabi/lib/armv7-m\libc.a(lib_a-mallocr.o)
                0x20070998                __malloc_trim_threshold
 .data.__malloc_sbrk_base
                0x2007099c        0x4 c:/program files (x86)/atmel/atmel toolchain/arm gcc/native/4.8.1443/arm-gnu-toolchain/bin/../lib/gcc/arm-none-eabi/4.8.4/../../../../arm-none-eabi/lib/armv7-m\libc.a(lib_a-mallocr.o)
                0x2007099c                __malloc_sbrk_base
 .data.__wctomb
                0x200709a0        0x4 c:/program files (x86)/atmel/atmel toolchain/arm gcc/native/4.8.1443/arm-gnu-toolchain/bin/../lib/gcc/arm-none-eabi/4.8.4/../../../../arm-none-eabi/lib/armv7-m\libc.a(lib_a-wctomb_r.o)
                0x200709a0                __wctomb
                0x200709a4                . = ALIGN (0x4)
                0x200709a4                _erelocate = .

.bss            0x200709a8     0xa27c load address 0x00085e48
                0x200709a8                . = ALIGN (0x4)
                0x200709a8                _sbss = .
                0x200709a8                _szero = .
 *(.bss .bss.*)
 .bss           0x200709a8       0x1c c:/program files (x86)/atmel/atmel toolchain/arm gcc/native/4.8.1443/arm-gnu-toolchain/bin/../lib/gcc/arm-none-eabi/4.8.4/armv7-m/crtbegin.o
 .bss.gs_interrupt_sources
                0x200709c4       0x70 src/ASF/sam/drivers/pio/pio_handler.o
 .bss.heap.5098
                0x20070a34        0x4 src/ASF/sam/utils/syscalls/gcc/syscalls.o
 .bss.xHeap     0x20070a38     0xa000 src/ASF/thirdparty/freertos/freertos-7.3.0/source/portable/memmang/heap_4.o
 .bss.pxEnd     0x2007aa38        0x4 src/ASF/thirdparty/freertos/freertos-7.3.0/source/portable/memmang/heap_4.o
 .bss.xStart    0x2007aa3c        0x8 src/ASF/thirdparty/freertos/freertos-7.3.0/source/portable/memmang/heap_4.o
 .bss.uxMissedTicks
                0x2007aa44        0x4 src/ASF/thirdparty/freertos/freertos-7.3.0/source/tasks.o
 .bss.xSuspendedTaskList
                0x2007aa48       0x14 src/ASF/thirdparty/freertos/freertos-7.3.0/source/tasks.o
 .bss.pxDelayedTaskList
                0x2007aa5c        0x4 src/ASF/thirdparty/freertos/freertos-7.3.0/source/tasks.o
 .bss.xSchedulerRunning
                0x2007aa60        0x4 src/ASF/thirdparty/freertos/freertos-7.3.0/source/tasks.o
 .bss.uxTasksDeleted
                0x2007aa64        0x4 src/ASF/thirdparty/freertos/freertos-7.3.0/source/tasks.o
 .bss.xTasksWaitingTermination
                0x2007aa68       0x14 src/ASF/thirdparty/freertos/freertos-7.3.0/source/tasks.o
 .bss.xDelayedTaskList2
                0x2007aa7c       0x14 src/ASF/thirdparty/freertos/freertos-7.3.0/source/tasks.o
 .bss.uxTopReadyPriority
                0x2007aa90        0x4 src/ASF/thirdparty/freertos/freertos-7.3.0/source/tasks.o
 .bss.pxReadyTasksLists
                0x2007aa94       0xc8 src/ASF/thirdparty/freertos/freertos-7.3.0/source/tasks.o
 .bss.uxSchedulerSuspended
                0x2007ab5c        0x4 src/ASF/thirdparty/freertos/freertos-7.3.0/source/tasks.o
 .bss.pxCurrentTCB
                0x2007ab60        0x4 src/ASF/thirdparty/freertos/freertos-7.3.0/source/tasks.o
                0x2007ab60                pxCurrentTCB
 .bss.xPendingReadyList
                0x2007ab64       0x14 src/ASF/thirdparty/freertos/freertos-7.3.0/source/tasks.o
 .bss.xNumOfOverflows
                0x2007ab78        0x4 src/ASF/thirdparty/freertos/freertos-7.3.0/source/tasks.o
 .bss.xTickCount
                0x2007ab7c        0x2 src/ASF/thirdparty/freertos/freertos-7.3.0/source/tasks.o
 *fill*         0x2007ab7e        0x2 
 .bss.pxOverflowDelayedTaskList
                0x2007ab80        0x4 src/ASF/thirdparty/freertos/freertos-7.3.0/source/tasks.o
 .bss.uxTaskNumber
                0x2007ab84        0x4 src/ASF/thirdparty/freertos/freertos-7.3.0/source/tasks.o
 .bss.xDelayedTaskList1
                0x2007ab88       0x14 src/ASF/thirdparty/freertos/freertos-7.3.0/source/tasks.o
 .bss.xMissedYield
                0x2007ab9c        0x4 src/ASF/thirdparty/freertos/freertos-7.3.0/source/tasks.o
 .bss.uxCurrentNumberOfTasks
                0x2007aba0        0x4 src/ASF/thirdparty/freertos/freertos-7.3.0/source/tasks.o
 .bss.uxTopUsedPriority
                0x2007aba4        0x4 src/ASF/thirdparty/freertos/freertos-7.3.0/source/tasks.o
 .bss.pxCurrentTimerList
                0x2007aba8        0x4 src/ASF/thirdparty/freertos/freertos-7.3.0/source/timers.o
 .bss.xActiveTimerList1
                0x2007abac       0x14 src/ASF/thirdparty/freertos/freertos-7.3.0/source/timers.o
 .bss.xActiveTimerList2
                0x2007abc0       0x14 src/ASF/thirdparty/freertos/freertos-7.3.0/source/timers.o
 .bss.xLastTime.4484
                0x2007abd4        0x2 src/ASF/thirdparty/freertos/freertos-7.3.0/source/timers.o
 *fill*         0x2007abd6        0x2 
 .bss.xTimerQueue
                0x2007abd8        0x4 src/ASF/thirdparty/freertos/freertos-7.3.0/source/timers.o
 .bss.pxOverflowTimerList
                0x2007abdc        0x4 src/ASF/thirdparty/freertos/freertos-7.3.0/source/timers.o
 .bss.__malloc_max_total_mem
                0x2007abe0        0x4 c:/program files (x86)/atmel/atmel toolchain/arm gcc/native/4.8.1443/arm-gnu-toolchain/bin/../lib/gcc/arm-none-eabi/4.8.4/../../../../arm-none-eabi/lib/armv7-m\libc.a(lib_a-mallocr.o)
                0x2007abe0                __malloc_max_total_mem
 .bss.__malloc_max_sbrked_mem
                0x2007abe4        0x4 c:/program files (x86)/atmel/atmel toolchain/arm gcc/native/4.8.1443/arm-gnu-toolchain/bin/../lib/gcc/arm-none-eabi/4.8.4/../../../../arm-none-eabi/lib/armv7-m\libc.a(lib_a-mallocr.o)
                0x2007abe4                __malloc_max_sbrked_mem
 .bss.__malloc_top_pad
                0x2007abe8        0x4 c:/program files (x86)/atmel/atmel toolchain/arm gcc/native/4.8.1443/arm-gnu-toolchain/bin/../lib/gcc/arm-none-eabi/4.8.4/../../../../arm-none-eabi/lib/armv7-m\libc.a(lib_a-mallocr.o)
                0x2007abe8                __malloc_top_pad
 .bss.__malloc_current_mallinfo
                0x2007abec       0x28 c:/program files (x86)/atmel/atmel toolchain/arm gcc/native/4.8.1443/arm-gnu-toolchain/bin/../lib/gcc/arm-none-eabi/4.8.4/../../../../arm-none-eabi/lib/armv7-m\libc.a(lib_a-mallocr.o)
                0x2007abec                __malloc_current_mallinfo
 *(COMMON)
 COMMON         0x2007ac14        0x4 src/ASF/common/utils/stdio/read.o
                0x2007ac14                ptr_get
 COMMON         0x2007ac18        0x8 src/ASF/common/utils/stdio/write.o
                0x2007ac18                ptr_put
                0x2007ac1c                stdio_base
 COMMON         0x2007ac20        0x4 c:/program files (x86)/atmel/atmel toolchain/arm gcc/native/4.8.1443/arm-gnu-toolchain/bin/../lib/gcc/arm-none-eabi/4.8.4/../../../../arm-none-eabi/lib/armv7-m\libc.a(lib_a-reent.o)
                0x2007ac20                errno
                0x2007ac24                . = ALIGN (0x4)
                0x2007ac24                _ebss = .
                0x2007ac24                _ezero = .

.stack          0x2007ac24     0x2004 load address 0x000900c4
                0x2007ac28                . = ALIGN (0x8)
 *fill*         0x2007ac24        0x4 
                0x2007ac28                _sstack = .
                0x2007cc28                . = (. + __stack_size__)
 *fill*         0x2007ac28     0x2000 
                0x2007cc28                . = ALIGN (0x8)
                0x2007cc28                _estack = .
                0x2007cc28                . = ALIGN (0x4)
                0x2007cc28                _end = .
OUTPUT(ExUppgift14.elf elf32-littlearm)

.ARM.attributes
                0x00000000       0x29
 .ARM.attributes
                0x00000000       0x1d c:/program files (x86)/atmel/atmel toolchain/arm gcc/native/4.8.1443/arm-gnu-toolchain/bin/../lib/gcc/arm-none-eabi/4.8.4/armv7-m/crti.o
 .ARM.attributes
                0x0000001d       0x2d c:/program files (x86)/atmel/atmel toolchain/arm gcc/native/4.8.1443/arm-gnu-toolchain/bin/../lib/gcc/arm-none-eabi/4.8.4/armv7-m/crtbegin.o
 .ARM.attributes
                0x0000004a       0x33 src/PIDRegulation.o
 .ARM.attributes
                0x0000007d       0x33 src/adc_custom.o
 .ARM.attributes
                0x000000b0       0x33 src/ASF/common/services/clock/sam3x/sysclk.o
 .ARM.attributes
                0x000000e3       0x33 src/ASF/common/utils/stdio/read.o
 .ARM.attributes
                0x00000116       0x33 src/ASF/common/utils/stdio/write.o
 .ARM.attributes
                0x00000149       0x33 src/ASF/sam/boards/arduino_due_x/init.o
 .ARM.attributes
                0x0000017c       0x33 src/ASF/sam/drivers/adc/adc.o
 .ARM.attributes
                0x000001af       0x33 src/ASF/sam/drivers/dacc/dacc.o
 .ARM.attributes
                0x000001e2       0x33 src/ASF/sam/drivers/pio/pio.o
 .ARM.attributes
                0x00000215       0x33 src/ASF/sam/drivers/pio/pio_handler.o
 .ARM.attributes
                0x00000248       0x33 src/ASF/sam/drivers/pmc/pmc.o
 .ARM.attributes
                0x0000027b       0x33 src/ASF/sam/drivers/uart/uart.o
 .ARM.attributes
                0x000002ae       0x33 src/ASF/sam/drivers/usart/usart.o
 .ARM.attributes
                0x000002e1       0x33 src/ASF/sam/utils/cmsis/sam3x/source/templates/exceptions.o
 .ARM.attributes
                0x00000314       0x33 src/ASF/sam/utils/cmsis/sam3x/source/templates/gcc/startup_sam3x.o
 .ARM.attributes
                0x00000347       0x33 src/ASF/sam/utils/cmsis/sam3x/source/templates/system_sam3x.o
 .ARM.attributes
                0x0000037a       0x33 src/ASF/sam/utils/syscalls/gcc/syscalls.o
 .ARM.attributes
                0x000003ad       0x33 src/ASF/thirdparty/freertos/freertos-7.3.0/source/list.o
 .ARM.attributes
                0x000003e0       0x33 src/ASF/thirdparty/freertos/freertos-7.3.0/source/portable/gcc/sam/port.o
 .ARM.attributes
                0x00000413       0x33 src/ASF/thirdparty/freertos/freertos-7.3.0/source/portable/memmang/heap_4.o
 .ARM.attributes
                0x00000446       0x33 src/ASF/thirdparty/freertos/freertos-7.3.0/source/queue.o
 .ARM.attributes
                0x00000479       0x33 src/ASF/thirdparty/freertos/freertos-7.3.0/source/tasks.o
 .ARM.attributes
                0x000004ac       0x33 src/ASF/thirdparty/freertos/freertos-7.3.0/source/timers.o
 .ARM.attributes
                0x000004df       0x33 src/dac_custom.o
 .ARM.attributes
                0x00000512       0x33 src/main.o
 .ARM.attributes
                0x00000545       0x2d c:/program files (x86)/atmel/atmel toolchain/arm gcc/native/4.8.1443/arm-gnu-toolchain/bin/../lib/gcc/arm-none-eabi/4.8.4/../../../../arm-none-eabi/lib/armv7-m\libc.a(lib_a-impure.o)
 .ARM.attributes
                0x00000572       0x2d c:/program files (x86)/atmel/atmel toolchain/arm gcc/native/4.8.1443/arm-gnu-toolchain/bin/../lib/gcc/arm-none-eabi/4.8.4/../../../../arm-none-eabi/lib/armv7-m\libc.a(lib_a-init.o)
 .ARM.attributes
                0x0000059f       0x2d c:/program files (x86)/atmel/atmel toolchain/arm gcc/native/4.8.1443/arm-gnu-toolchain/bin/../lib/gcc/arm-none-eabi/4.8.4/../../../../arm-none-eabi/lib/armv7-m\libc.a(lib_a-iprintf.o)
 .ARM.attributes
                0x000005cc       0x1b c:/program files (x86)/atmel/atmel toolchain/arm gcc/native/4.8.1443/arm-gnu-toolchain/bin/../lib/gcc/arm-none-eabi/4.8.4/../../../../arm-none-eabi/lib/armv7-m\libc.a(lib_a-memcpy.o)
 .ARM.attributes
                0x000005e7       0x2d c:/program files (x86)/atmel/atmel toolchain/arm gcc/native/4.8.1443/arm-gnu-toolchain/bin/../lib/gcc/arm-none-eabi/4.8.4/../../../../arm-none-eabi/lib/armv7-m\libc.a(lib_a-memset.o)
 .ARM.attributes
                0x00000614       0x2d c:/program files (x86)/atmel/atmel toolchain/arm gcc/native/4.8.1443/arm-gnu-toolchain/bin/../lib/gcc/arm-none-eabi/4.8.4/../../../../arm-none-eabi/lib/armv7-m\libc.a(lib_a-setbuf.o)
 .ARM.attributes
                0x00000641       0x2d c:/program files (x86)/atmel/atmel toolchain/arm gcc/native/4.8.1443/arm-gnu-toolchain/bin/../lib/gcc/arm-none-eabi/4.8.4/../../../../arm-none-eabi/lib/armv7-m\libc.a(lib_a-setvbuf.o)
 .ARM.attributes
                0x0000066e       0x2d c:/program files (x86)/atmel/atmel toolchain/arm gcc/native/4.8.1443/arm-gnu-toolchain/bin/../lib/gcc/arm-none-eabi/4.8.4/../../../../arm-none-eabi/lib/armv7-m\libc.a(lib_a-strlen.o)
 .ARM.attributes
                0x0000069b       0x2d c:/program files (x86)/atmel/atmel toolchain/arm gcc/native/4.8.1443/arm-gnu-toolchain/bin/../lib/gcc/arm-none-eabi/4.8.4/../../../../arm-none-eabi/lib/armv7-m\libc.a(lib_a-strncpy.o)
 .ARM.attributes
                0x000006c8       0x2d c:/program files (x86)/atmel/atmel toolchain/arm gcc/native/4.8.1443/arm-gnu-toolchain/bin/../lib/gcc/arm-none-eabi/4.8.4/../../../../arm-none-eabi/lib/armv7-m\libc.a(lib_a-vfiprintf.o)
 .ARM.attributes
                0x000006f5       0x2d c:/program files (x86)/atmel/atmel toolchain/arm gcc/native/4.8.1443/arm-gnu-toolchain/bin/../lib/gcc/arm-none-eabi/4.8.4/../../../../arm-none-eabi/lib/armv7-m\libc.a(lib_a-wsetup.o)
 .ARM.attributes
                0x00000722       0x2d c:/program files (x86)/atmel/atmel toolchain/arm gcc/native/4.8.1443/arm-gnu-toolchain/bin/../lib/gcc/arm-none-eabi/4.8.4/../../../../arm-none-eabi/lib/armv7-m\libc.a(lib_a-__call_atexit.o)
 .ARM.attributes
                0x0000074f       0x2d c:/program files (x86)/atmel/atmel toolchain/arm gcc/native/4.8.1443/arm-gnu-toolchain/bin/../lib/gcc/arm-none-eabi/4.8.4/../../../../arm-none-eabi/lib/armv7-m\libc.a(lib_a-atexit.o)
 .ARM.attributes
                0x0000077c       0x2d c:/program files (x86)/atmel/atmel toolchain/arm gcc/native/4.8.1443/arm-gnu-toolchain/bin/../lib/gcc/arm-none-eabi/4.8.4/../../../../arm-none-eabi/lib/armv7-m\libc.a(lib_a-fflush.o)
 .ARM.attributes
                0x000007a9       0x2d c:/program files (x86)/atmel/atmel toolchain/arm gcc/native/4.8.1443/arm-gnu-toolchain/bin/../lib/gcc/arm-none-eabi/4.8.4/../../../../arm-none-eabi/lib/armv7-m\libc.a(lib_a-findfp.o)
 .ARM.attributes
                0x000007d6       0x2d c:/program files (x86)/atmel/atmel toolchain/arm gcc/native/4.8.1443/arm-gnu-toolchain/bin/../lib/gcc/arm-none-eabi/4.8.4/../../../../arm-none-eabi/lib/armv7-m\libc.a(lib_a-fini.o)
 .ARM.attributes
                0x00000803       0x2d c:/program files (x86)/atmel/atmel toolchain/arm gcc/native/4.8.1443/arm-gnu-toolchain/bin/../lib/gcc/arm-none-eabi/4.8.4/../../../../arm-none-eabi/lib/armv7-m\libc.a(lib_a-fputwc.o)
 .ARM.attributes
                0x00000830       0x2d c:/program files (x86)/atmel/atmel toolchain/arm gcc/native/4.8.1443/arm-gnu-toolchain/bin/../lib/gcc/arm-none-eabi/4.8.4/../../../../arm-none-eabi/lib/armv7-m\libc.a(lib_a-freer.o)
 .ARM.attributes
                0x0000085d       0x2d c:/program files (x86)/atmel/atmel toolchain/arm gcc/native/4.8.1443/arm-gnu-toolchain/bin/../lib/gcc/arm-none-eabi/4.8.4/../../../../arm-none-eabi/lib/armv7-m\libc.a(lib_a-fvwrite.o)
 .ARM.attributes
                0x0000088a       0x2d c:/program files (x86)/atmel/atmel toolchain/arm gcc/native/4.8.1443/arm-gnu-toolchain/bin/../lib/gcc/arm-none-eabi/4.8.4/../../../../arm-none-eabi/lib/armv7-m\libc.a(lib_a-fwalk.o)
 .ARM.attributes
                0x000008b7       0x2d c:/program files (x86)/atmel/atmel toolchain/arm gcc/native/4.8.1443/arm-gnu-toolchain/bin/../lib/gcc/arm-none-eabi/4.8.4/../../../../arm-none-eabi/lib/armv7-m\libc.a(lib_a-locale.o)
 .ARM.attributes
                0x000008e4       0x2d c:/program files (x86)/atmel/atmel toolchain/arm gcc/native/4.8.1443/arm-gnu-toolchain/bin/../lib/gcc/arm-none-eabi/4.8.4/../../../../arm-none-eabi/lib/armv7-m\libc.a(lib_a-makebuf.o)
 .ARM.attributes
                0x00000911       0x2d c:/program files (x86)/atmel/atmel toolchain/arm gcc/native/4.8.1443/arm-gnu-toolchain/bin/../lib/gcc/arm-none-eabi/4.8.4/../../../../arm-none-eabi/lib/armv7-m\libc.a(lib_a-malloc.o)
 .ARM.attributes
                0x0000093e       0x2d c:/program files (x86)/atmel/atmel toolchain/arm gcc/native/4.8.1443/arm-gnu-toolchain/bin/../lib/gcc/arm-none-eabi/4.8.4/../../../../arm-none-eabi/lib/armv7-m\libc.a(lib_a-mallocr.o)
 .ARM.attributes
                0x0000096b       0x2d c:/program files (x86)/atmel/atmel toolchain/arm gcc/native/4.8.1443/arm-gnu-toolchain/bin/../lib/gcc/arm-none-eabi/4.8.4/../../../../arm-none-eabi/lib/armv7-m\libc.a(lib_a-memchr-stub.o)
 .ARM.attributes
                0x00000998       0x2d c:/program files (x86)/atmel/atmel toolchain/arm gcc/native/4.8.1443/arm-gnu-toolchain/bin/../lib/gcc/arm-none-eabi/4.8.4/../../../../arm-none-eabi/lib/armv7-m\libc.a(lib_a-memmove.o)
 .ARM.attributes
                0x000009c5       0x2d c:/program files (x86)/atmel/atmel toolchain/arm gcc/native/4.8.1443/arm-gnu-toolchain/bin/../lib/gcc/arm-none-eabi/4.8.4/../../../../arm-none-eabi/lib/armv7-m\libc.a(lib_a-mlock.o)
 .ARM.attributes
                0x000009f2       0x2d c:/program files (x86)/atmel/atmel toolchain/arm gcc/native/4.8.1443/arm-gnu-toolchain/bin/../lib/gcc/arm-none-eabi/4.8.4/../../../../arm-none-eabi/lib/armv7-m\libc.a(lib_a-reallocr.o)
 .ARM.attributes
                0x00000a1f       0x2d c:/program files (x86)/atmel/atmel toolchain/arm gcc/native/4.8.1443/arm-gnu-toolchain/bin/../lib/gcc/arm-none-eabi/4.8.4/../../../../arm-none-eabi/lib/armv7-m\libc.a(lib_a-sbrkr.o)
 .ARM.attributes
                0x00000a4c       0x2d c:/program files (x86)/atmel/atmel toolchain/arm gcc/native/4.8.1443/arm-gnu-toolchain/bin/../lib/gcc/arm-none-eabi/4.8.4/../../../../arm-none-eabi/lib/armv7-m\libc.a(lib_a-stdio.o)
 .ARM.attributes
                0x00000a79       0x2d c:/program files (x86)/atmel/atmel toolchain/arm gcc/native/4.8.1443/arm-gnu-toolchain/bin/../lib/gcc/arm-none-eabi/4.8.4/../../../../arm-none-eabi/lib/armv7-m\libc.a(lib_a-wbuf.o)
 .ARM.attributes
                0x00000aa6       0x2d c:/program files (x86)/atmel/atmel toolchain/arm gcc/native/4.8.1443/arm-gnu-toolchain/bin/../lib/gcc/arm-none-eabi/4.8.4/../../../../arm-none-eabi/lib/armv7-m\libc.a(lib_a-wcrtomb.o)
 .ARM.attributes
                0x00000ad3       0x2d c:/program files (x86)/atmel/atmel toolchain/arm gcc/native/4.8.1443/arm-gnu-toolchain/bin/../lib/gcc/arm-none-eabi/4.8.4/../../../../arm-none-eabi/lib/armv7-m\libc.a(lib_a-wctomb_r.o)
 .ARM.attributes
                0x00000b00       0x2d c:/program files (x86)/atmel/atmel toolchain/arm gcc/native/4.8.1443/arm-gnu-toolchain/bin/../lib/gcc/arm-none-eabi/4.8.4/../../../../arm-none-eabi/lib/armv7-m\libc.a(lib_a-writer.o)
 .ARM.attributes
                0x00000b2d       0x2d c:/program files (x86)/atmel/atmel toolchain/arm gcc/native/4.8.1443/arm-gnu-toolchain/bin/../lib/gcc/arm-none-eabi/4.8.4/../../../../arm-none-eabi/lib/armv7-m\libc.a(lib_a-__atexit.o)
 .ARM.attributes
                0x00000b5a       0x2d c:/program files (x86)/atmel/atmel toolchain/arm gcc/native/4.8.1443/arm-gnu-toolchain/bin/../lib/gcc/arm-none-eabi/4.8.4/../../../../arm-none-eabi/lib/armv7-m\libc.a(lib_a-closer.o)
 .ARM.attributes
                0x00000b87       0x2d c:/program files (x86)/atmel/atmel toolchain/arm gcc/native/4.8.1443/arm-gnu-toolchain/bin/../lib/gcc/arm-none-eabi/4.8.4/../../../../arm-none-eabi/lib/armv7-m\libc.a(lib_a-fclose.o)
 .ARM.attributes
                0x00000bb4       0x2d c:/program files (x86)/atmel/atmel toolchain/arm gcc/native/4.8.1443/arm-gnu-toolchain/bin/../lib/gcc/arm-none-eabi/4.8.4/../../../../arm-none-eabi/lib/armv7-m\libc.a(lib_a-fstatr.o)
 .ARM.attributes
                0x00000be1       0x2d c:/program files (x86)/atmel/atmel toolchain/arm gcc/native/4.8.1443/arm-gnu-toolchain/bin/../lib/gcc/arm-none-eabi/4.8.4/../../../../arm-none-eabi/lib/armv7-m\libc.a(lib_a-isattyr.o)
 .ARM.attributes
                0x00000c0e       0x2d c:/program files (x86)/atmel/atmel toolchain/arm gcc/native/4.8.1443/arm-gnu-toolchain/bin/../lib/gcc/arm-none-eabi/4.8.4/../../../../arm-none-eabi/lib/armv7-m\libc.a(lib_a-lseekr.o)
 .ARM.attributes
                0x00000c3b       0x2d c:/program files (x86)/atmel/atmel toolchain/arm gcc/native/4.8.1443/arm-gnu-toolchain/bin/../lib/gcc/arm-none-eabi/4.8.4/../../../../arm-none-eabi/lib/armv7-m\libc.a(lib_a-readr.o)
 .ARM.attributes
                0x00000c68       0x2d c:/program files (x86)/atmel/atmel toolchain/arm gcc/native/4.8.1443/arm-gnu-toolchain/bin/../lib/gcc/arm-none-eabi/4.8.4/../../../../arm-none-eabi/lib/armv7-m\libc.a(lib_a-reent.o)
 .ARM.attributes
                0x00000c95       0x1d c:/program files (x86)/atmel/atmel toolchain/arm gcc/native/4.8.1443/arm-gnu-toolchain/bin/../lib/gcc/arm-none-eabi/4.8.4/armv7-m\libgcc.a(_aeabi_uldivmod.o)
 .ARM.attributes
                0x00000cb2       0x2d c:/program files (x86)/atmel/atmel toolchain/arm gcc/native/4.8.1443/arm-gnu-toolchain/bin/../lib/gcc/arm-none-eabi/4.8.4/armv7-m\libgcc.a(bpabi.o)
 .ARM.attributes
                0x00000cdf       0x1d c:/program files (x86)/atmel/atmel toolchain/arm gcc/native/4.8.1443/arm-gnu-toolchain/bin/../lib/gcc/arm-none-eabi/4.8.4/armv7-m\libgcc.a(_dvmd_tls.o)
 .ARM.attributes
                0x00000cfc       0x2d c:/program files (x86)/atmel/atmel toolchain/arm gcc/native/4.8.1443/arm-gnu-toolchain/bin/../lib/gcc/arm-none-eabi/4.8.4/armv7-m\libgcc.a(_divdi3.o)
 .ARM.attributes
                0x00000d29       0x2d c:/program files (x86)/atmel/atmel toolchain/arm gcc/native/4.8.1443/arm-gnu-toolchain/bin/../lib/gcc/arm-none-eabi/4.8.4/armv7-m\libgcc.a(_udivdi3.o)
 .ARM.attributes
                0x00000d56       0x1d c:/program files (x86)/atmel/atmel toolchain/arm gcc/native/4.8.1443/arm-gnu-toolchain/bin/../lib/gcc/arm-none-eabi/4.8.4/armv7-m/crtn.o

.comment        0x00000000       0x5b
 .comment       0x00000000       0x5b src/PIDRegulation.o
                                 0x5c (size before relaxing)
 .comment       0x00000000       0x5c src/adc_custom.o
 .comment       0x00000000       0x5c src/ASF/common/services/clock/sam3x/sysclk.o
 .comment       0x00000000       0x5c src/ASF/common/utils/stdio/read.o
 .comment       0x00000000       0x5c src/ASF/common/utils/stdio/write.o
 .comment       0x00000000       0x5c src/ASF/sam/boards/arduino_due_x/init.o
 .comment       0x00000000       0x5c src/ASF/sam/drivers/adc/adc.o
 .comment       0x00000000       0x5c src/ASF/sam/drivers/dacc/dacc.o
 .comment       0x00000000       0x5c src/ASF/sam/drivers/pio/pio.o
 .comment       0x00000000       0x5c src/ASF/sam/drivers/pio/pio_handler.o
 .comment       0x00000000       0x5c src/ASF/sam/drivers/pmc/pmc.o
 .comment       0x00000000       0x5c src/ASF/sam/drivers/uart/uart.o
 .comment       0x00000000       0x5c src/ASF/sam/drivers/usart/usart.o
 .comment       0x00000000       0x5c src/ASF/sam/utils/cmsis/sam3x/source/templates/exceptions.o
 .comment       0x00000000       0x5c src/ASF/sam/utils/cmsis/sam3x/source/templates/gcc/startup_sam3x.o
 .comment       0x00000000       0x5c src/ASF/sam/utils/cmsis/sam3x/source/templates/system_sam3x.o
 .comment       0x00000000       0x5c src/ASF/sam/utils/syscalls/gcc/syscalls.o
 .comment       0x00000000       0x5c src/ASF/thirdparty/freertos/freertos-7.3.0/source/list.o
 .comment       0x00000000       0x5c src/ASF/thirdparty/freertos/freertos-7.3.0/source/portable/gcc/sam/port.o
 .comment       0x00000000       0x5c src/ASF/thirdparty/freertos/freertos-7.3.0/source/portable/memmang/heap_4.o
 .comment       0x00000000       0x5c src/ASF/thirdparty/freertos/freertos-7.3.0/source/queue.o
 .comment       0x00000000       0x5c src/ASF/thirdparty/freertos/freertos-7.3.0/source/tasks.o
 .comment       0x00000000       0x5c src/ASF/thirdparty/freertos/freertos-7.3.0/source/timers.o
 .comment       0x00000000       0x5c src/dac_custom.o
 .comment       0x00000000       0x5c src/main.o

.debug_info     0x00000000    0x10f02
 .debug_info    0x00000000      0xcfe src/PIDRegulation.o
 .debug_info    0x00000cfe      0xec4 src/adc_custom.o
 .debug_info    0x00001bc2      0x796 src/ASF/common/services/clock/sam3x/sysclk.o
 .debug_info    0x00002358      0x1bb src/ASF/common/utils/stdio/read.o
 .debug_info    0x00002513      0x1c0 src/ASF/common/utils/stdio/write.o
 .debug_info    0x000026d3      0x75c src/ASF/sam/boards/arduino_due_x/init.o
 .debug_info    0x00002e2f     0x1196 src/ASF/sam/drivers/adc/adc.o
 .debug_info    0x00003fc5      0x8b6 src/ASF/sam/drivers/dacc/dacc.o
 .debug_info    0x0000487b     0x1385 src/ASF/sam/drivers/pio/pio.o
 .debug_info    0x00005c00      0xe52 src/ASF/sam/drivers/pio/pio_handler.o
 .debug_info    0x00006a52     0x1080 src/ASF/sam/drivers/pmc/pmc.o
 .debug_info    0x00007ad2      0x889 src/ASF/sam/drivers/uart/uart.o
 .debug_info    0x0000835b     0x1bfa src/ASF/sam/drivers/usart/usart.o
 .debug_info    0x00009f55      0x124 src/ASF/sam/utils/cmsis/sam3x/source/templates/exceptions.o
 .debug_info    0x0000a079      0x3bd src/ASF/sam/utils/cmsis/sam3x/source/templates/gcc/startup_sam3x.o
 .debug_info    0x0000a436      0x4c6 src/ASF/sam/utils/cmsis/sam3x/source/templates/system_sam3x.o
 .debug_info    0x0000a8fc      0x43f src/ASF/sam/utils/syscalls/gcc/syscalls.o
 .debug_info    0x0000ad3b      0x2b7 src/ASF/thirdparty/freertos/freertos-7.3.0/source/list.o
 .debug_info    0x0000aff2      0x3a0 src/ASF/thirdparty/freertos/freertos-7.3.0/source/portable/gcc/sam/port.o
 .debug_info    0x0000b392      0x38d src/ASF/thirdparty/freertos/freertos-7.3.0/source/portable/memmang/heap_4.o
 .debug_info    0x0000b71f      0xea7 src/ASF/thirdparty/freertos/freertos-7.3.0/source/queue.o
 .debug_info    0x0000c5c6     0x178e src/ASF/thirdparty/freertos/freertos-7.3.0/source/tasks.o
 .debug_info    0x0000dd54      0xb44 src/ASF/thirdparty/freertos/freertos-7.3.0/source/timers.o
 .debug_info    0x0000e898      0xd12 src/dac_custom.o
 .debug_info    0x0000f5aa     0x1958 src/main.o

.debug_abbrev   0x00000000     0x305b
 .debug_abbrev  0x00000000      0x1f6 src/PIDRegulation.o
 .debug_abbrev  0x000001f6      0x233 src/adc_custom.o
 .debug_abbrev  0x00000429      0x227 src/ASF/common/services/clock/sam3x/sysclk.o
 .debug_abbrev  0x00000650      0x101 src/ASF/common/utils/stdio/read.o
 .debug_abbrev  0x00000751       0xf5 src/ASF/common/utils/stdio/write.o
 .debug_abbrev  0x00000846      0x16f src/ASF/sam/boards/arduino_due_x/init.o
 .debug_abbrev  0x000009b5      0x235 src/ASF/sam/drivers/adc/adc.o
 .debug_abbrev  0x00000bea      0x1c6 src/ASF/sam/drivers/dacc/dacc.o
 .debug_abbrev  0x00000db0      0x2d5 src/ASF/sam/drivers/pio/pio.o
 .debug_abbrev  0x00001085      0x257 src/ASF/sam/drivers/pio/pio_handler.o
 .debug_abbrev  0x000012dc      0x268 src/ASF/sam/drivers/pmc/pmc.o
 .debug_abbrev  0x00001544      0x1bd src/ASF/sam/drivers/uart/uart.o
 .debug_abbrev  0x00001701      0x325 src/ASF/sam/drivers/usart/usart.o
 .debug_abbrev  0x00001a26       0x8c src/ASF/sam/utils/cmsis/sam3x/source/templates/exceptions.o
 .debug_abbrev  0x00001ab2      0x118 src/ASF/sam/utils/cmsis/sam3x/source/templates/gcc/startup_sam3x.o
 .debug_abbrev  0x00001bca      0x115 src/ASF/sam/utils/cmsis/sam3x/source/templates/system_sam3x.o
 .debug_abbrev  0x00001cdf      0x14e src/ASF/sam/utils/syscalls/gcc/syscalls.o
 .debug_abbrev  0x00001e2d       0xfb src/ASF/thirdparty/freertos/freertos-7.3.0/source/list.o
 .debug_abbrev  0x00001f28      0x246 src/ASF/thirdparty/freertos/freertos-7.3.0/source/portable/gcc/sam/port.o
 .debug_abbrev  0x0000216e      0x220 src/ASF/thirdparty/freertos/freertos-7.3.0/source/portable/memmang/heap_4.o
 .debug_abbrev  0x0000238e      0x231 src/ASF/thirdparty/freertos/freertos-7.3.0/source/queue.o
 .debug_abbrev  0x000025bf      0x2e0 src/ASF/thirdparty/freertos/freertos-7.3.0/source/tasks.o
 .debug_abbrev  0x0000289f      0x261 src/ASF/thirdparty/freertos/freertos-7.3.0/source/timers.o
 .debug_abbrev  0x00002b00      0x1dd src/dac_custom.o
 .debug_abbrev  0x00002cdd      0x37e src/main.o

.debug_loc      0x00000000     0x7b38
 .debug_loc     0x00000000       0x4d src/PIDRegulation.o
 .debug_loc     0x0000004d       0x20 src/adc_custom.o
 .debug_loc     0x0000006d      0x12d src/ASF/common/services/clock/sam3x/sysclk.o
 .debug_loc     0x0000019a       0xc5 src/ASF/common/utils/stdio/read.o
 .debug_loc     0x0000025f      0x161 src/ASF/common/utils/stdio/write.o
 .debug_loc     0x000003c0       0x20 src/ASF/sam/boards/arduino_due_x/init.o
 .debug_loc     0x000003e0      0x980 src/ASF/sam/drivers/adc/adc.o
 .debug_loc     0x00000d60      0x3a7 src/ASF/sam/drivers/dacc/dacc.o
 .debug_loc     0x00001107      0xa83 src/ASF/sam/drivers/pio/pio.o
 .debug_loc     0x00001b8a      0x53d src/ASF/sam/drivers/pio/pio_handler.o
 .debug_loc     0x000020c7      0xc95 src/ASF/sam/drivers/pmc/pmc.o
 .debug_loc     0x00002d5c      0x236 src/ASF/sam/drivers/uart/uart.o
 .debug_loc     0x00002f92     0x128d src/ASF/sam/drivers/usart/usart.o
 .debug_loc     0x0000421f       0x7e src/ASF/sam/utils/cmsis/sam3x/source/templates/gcc/startup_sam3x.o
 .debug_loc     0x0000429d      0x12b src/ASF/sam/utils/syscalls/gcc/syscalls.o
 .debug_loc     0x000043c8       0x91 src/ASF/thirdparty/freertos/freertos-7.3.0/source/list.o
 .debug_loc     0x00004459      0x100 src/ASF/thirdparty/freertos/freertos-7.3.0/source/portable/gcc/sam/port.o
 .debug_loc     0x00004559      0x371 src/ASF/thirdparty/freertos/freertos-7.3.0/source/portable/memmang/heap_4.o
 .debug_loc     0x000048ca     0x10da src/ASF/thirdparty/freertos/freertos-7.3.0/source/queue.o
 .debug_loc     0x000059a4     0x1545 src/ASF/thirdparty/freertos/freertos-7.3.0/source/tasks.o
 .debug_loc     0x00006ee9      0x9a4 src/ASF/thirdparty/freertos/freertos-7.3.0/source/timers.o
 .debug_loc     0x0000788d       0x20 src/dac_custom.o
 .debug_loc     0x000078ad      0x28b src/main.o

.debug_aranges  0x00000000      0xec0
 .debug_aranges
                0x00000000       0x20 src/PIDRegulation.o
 .debug_aranges
                0x00000020       0x20 src/adc_custom.o
 .debug_aranges
                0x00000040       0x40 src/ASF/common/services/clock/sam3x/sysclk.o
 .debug_aranges
                0x00000080       0x20 src/ASF/common/utils/stdio/read.o
 .debug_aranges
                0x000000a0       0x20 src/ASF/common/utils/stdio/write.o
 .debug_aranges
                0x000000c0       0x20 src/ASF/sam/boards/arduino_due_x/init.o
 .debug_aranges
                0x000000e0      0x178 src/ASF/sam/drivers/adc/adc.o
 .debug_aranges
                0x00000258       0xc0 src/ASF/sam/drivers/dacc/dacc.o
 .debug_aranges
                0x00000318      0x148 src/ASF/sam/drivers/pio/pio.o
 .debug_aranges
                0x00000460       0x58 src/ASF/sam/drivers/pio/pio_handler.o
 .debug_aranges
                0x000004b8      0x200 src/ASF/sam/drivers/pmc/pmc.o
 .debug_aranges
                0x000006b8       0xe8 src/ASF/sam/drivers/uart/uart.o
 .debug_aranges
                0x000007a0      0x2a8 src/ASF/sam/drivers/usart/usart.o
 .debug_aranges
                0x00000a48       0x20 src/ASF/sam/utils/cmsis/sam3x/source/templates/exceptions.o
 .debug_aranges
                0x00000a68       0x20 src/ASF/sam/utils/cmsis/sam3x/source/templates/gcc/startup_sam3x.o
 .debug_aranges
                0x00000a88       0x30 src/ASF/sam/utils/cmsis/sam3x/source/templates/system_sam3x.o
 .debug_aranges
                0x00000ab8       0x60 src/ASF/sam/utils/syscalls/gcc/syscalls.o
 .debug_aranges
                0x00000b18       0x40 src/ASF/thirdparty/freertos/freertos-7.3.0/source/list.o
 .debug_aranges
                0x00000b58       0x80 src/ASF/thirdparty/freertos/freertos-7.3.0/source/portable/gcc/sam/port.o
 .debug_aranges
                0x00000bd8       0x40 src/ASF/thirdparty/freertos/freertos-7.3.0/source/portable/memmang/heap_4.o
 .debug_aranges
                0x00000c18       0xc8 src/ASF/thirdparty/freertos/freertos-7.3.0/source/queue.o
 .debug_aranges
                0x00000ce0      0x130 src/ASF/thirdparty/freertos/freertos-7.3.0/source/tasks.o
 .debug_aranges
                0x00000e10       0x60 src/ASF/thirdparty/freertos/freertos-7.3.0/source/timers.o
 .debug_aranges
                0x00000e70       0x20 src/dac_custom.o
 .debug_aranges
                0x00000e90       0x30 src/main.o

.debug_ranges   0x00000000      0xdd0
 .debug_ranges  0x00000000       0x10 src/PIDRegulation.o
 .debug_ranges  0x00000010       0x10 src/adc_custom.o
 .debug_ranges  0x00000020       0x30 src/ASF/common/services/clock/sam3x/sysclk.o
 .debug_ranges  0x00000050       0x10 src/ASF/common/utils/stdio/read.o
 .debug_ranges  0x00000060       0x10 src/ASF/common/utils/stdio/write.o
 .debug_ranges  0x00000070       0x10 src/ASF/sam/boards/arduino_due_x/init.o
 .debug_ranges  0x00000080      0x168 src/ASF/sam/drivers/adc/adc.o
 .debug_ranges  0x000001e8       0xb0 src/ASF/sam/drivers/dacc/dacc.o
 .debug_ranges  0x00000298      0x138 src/ASF/sam/drivers/pio/pio.o
 .debug_ranges  0x000003d0       0x48 src/ASF/sam/drivers/pio/pio_handler.o
 .debug_ranges  0x00000418      0x1f0 src/ASF/sam/drivers/pmc/pmc.o
 .debug_ranges  0x00000608       0xd8 src/ASF/sam/drivers/uart/uart.o
 .debug_ranges  0x000006e0      0x298 src/ASF/sam/drivers/usart/usart.o
 .debug_ranges  0x00000978       0x10 src/ASF/sam/utils/cmsis/sam3x/source/templates/exceptions.o
 .debug_ranges  0x00000988       0x10 src/ASF/sam/utils/cmsis/sam3x/source/templates/gcc/startup_sam3x.o
 .debug_ranges  0x00000998       0x20 src/ASF/sam/utils/cmsis/sam3x/source/templates/system_sam3x.o
 .debug_ranges  0x000009b8       0x50 src/ASF/sam/utils/syscalls/gcc/syscalls.o
 .debug_ranges  0x00000a08       0x30 src/ASF/thirdparty/freertos/freertos-7.3.0/source/list.o
 .debug_ranges  0x00000a38       0x70 src/ASF/thirdparty/freertos/freertos-7.3.0/source/portable/gcc/sam/port.o
 .debug_ranges  0x00000aa8       0x30 src/ASF/thirdparty/freertos/freertos-7.3.0/source/portable/memmang/heap_4.o
 .debug_ranges  0x00000ad8       0xb8 src/ASF/thirdparty/freertos/freertos-7.3.0/source/queue.o
 .debug_ranges  0x00000b90      0x168 src/ASF/thirdparty/freertos/freertos-7.3.0/source/tasks.o
 .debug_ranges  0x00000cf8       0xa8 src/ASF/thirdparty/freertos/freertos-7.3.0/source/timers.o
 .debug_ranges  0x00000da0       0x10 src/dac_custom.o
 .debug_ranges  0x00000db0       0x20 src/main.o

.debug_macro    0x00000000     0x91ee
 .debug_macro   0x00000000      0x712 src/PIDRegulation.o
 .debug_macro   0x00000712       0x1c src/PIDRegulation.o
 .debug_macro   0x0000072e       0x16 src/PIDRegulation.o
 .debug_macro   0x00000744       0x34 src/PIDRegulation.o
 .debug_macro   0x00000778      0x272 src/PIDRegulation.o
 .debug_macro   0x000009ea      0x790 src/PIDRegulation.o
 .debug_macro   0x0000117a       0x5e src/PIDRegulation.o
 .debug_macro   0x000011d8       0x64 src/PIDRegulation.o
 .debug_macro   0x0000123c       0x5f src/PIDRegulation.o
 .debug_macro   0x0000129b       0x90 src/PIDRegulation.o
 .debug_macro   0x0000132b       0x28 src/PIDRegulation.o
 .debug_macro   0x00001353       0x23 src/PIDRegulation.o
 .debug_macro   0x00001376       0x46 src/PIDRegulation.o
 .debug_macro   0x000013bc       0xfc src/PIDRegulation.o
 .debug_macro   0x000014b8       0x99 src/PIDRegulation.o
 .debug_macro   0x00001551       0x12 src/PIDRegulation.o
 .debug_macro   0x00001563       0x1f src/PIDRegulation.o
 .debug_macro   0x00001582      0x1e7 src/PIDRegulation.o
 .debug_macro   0x00001769       0x10 src/PIDRegulation.o
 .debug_macro   0x00001779       0x16 src/PIDRegulation.o
 .debug_macro   0x0000178f       0x5e src/PIDRegulation.o
 .debug_macro   0x000017ed       0x43 src/PIDRegulation.o
 .debug_macro   0x00001830       0x96 src/PIDRegulation.o
 .debug_macro   0x000018c6       0x77 src/PIDRegulation.o
 .debug_macro   0x0000193d       0x5d src/PIDRegulation.o
 .debug_macro   0x0000199a       0x5b src/PIDRegulation.o
 .debug_macro   0x000019f5       0x94 src/PIDRegulation.o
 .debug_macro   0x00001a89       0x40 src/PIDRegulation.o
 .debug_macro   0x00001ac9       0x70 src/PIDRegulation.o
 .debug_macro   0x00001b39       0x34 src/PIDRegulation.o
 .debug_macro   0x00001b6d       0x10 src/PIDRegulation.o
 .debug_macro   0x00001b7d       0x1c src/PIDRegulation.o
 .debug_macro   0x00001b99       0x2e src/PIDRegulation.o
 .debug_macro   0x00001bc7       0x1c src/PIDRegulation.o
 .debug_macro   0x00001be3       0x16 src/PIDRegulation.o
 .debug_macro   0x00001bf9       0x10 src/PIDRegulation.o
 .debug_macro   0x00001c09      0x452 src/PIDRegulation.o
 .debug_macro   0x0000205b      0x6e4 src/adc_custom.o
 .debug_macro   0x0000273f      0x529 src/ASF/common/services/clock/sam3x/sysclk.o
 .debug_macro   0x00002c68      0x26c src/ASF/common/services/clock/sam3x/sysclk.o
 .debug_macro   0x00002ed4      0x4a9 src/ASF/common/utils/stdio/read.o
 .debug_macro   0x0000337d      0x4a9 src/ASF/common/utils/stdio/write.o
 .debug_macro   0x00003826      0x568 src/ASF/sam/boards/arduino_due_x/init.o
 .debug_macro   0x00003d8e       0x16 src/ASF/sam/boards/arduino_due_x/init.o
 .debug_macro   0x00003da4       0x6a src/ASF/sam/boards/arduino_due_x/init.o
 .debug_macro   0x00003e0e      0x4c9 src/ASF/sam/drivers/adc/adc.o
 .debug_macro   0x000042d7      0x4ca src/ASF/sam/drivers/dacc/dacc.o
 .debug_macro   0x000047a1       0x10 src/ASF/sam/drivers/dacc/dacc.o
 .debug_macro   0x000047b1      0x4c4 src/ASF/sam/drivers/pio/pio.o
 .debug_macro   0x00004c75       0x8e src/ASF/sam/drivers/pio/pio.o
 .debug_macro   0x00004d03      0x4c8 src/ASF/sam/drivers/pio/pio_handler.o
 .debug_macro   0x000051cb      0x4be src/ASF/sam/drivers/pmc/pmc.o
 .debug_macro   0x00005689       0x58 src/ASF/sam/drivers/pmc/pmc.o
 .debug_macro   0x000056e1      0x4b8 src/ASF/sam/drivers/uart/uart.o
 .debug_macro   0x00005b99       0x16 src/ASF/sam/drivers/uart/uart.o
 .debug_macro   0x00005baf      0x4f4 src/ASF/sam/drivers/usart/usart.o
 .debug_macro   0x000060a3       0x28 src/ASF/sam/drivers/usart/usart.o
 .debug_macro   0x000060cb      0x4bd src/ASF/sam/utils/cmsis/sam3x/source/templates/exceptions.o
 .debug_macro   0x00006588      0x4cb src/ASF/sam/utils/cmsis/sam3x/source/templates/gcc/startup_sam3x.o
 .debug_macro   0x00006a53      0x4cb src/ASF/sam/utils/cmsis/sam3x/source/templates/system_sam3x.o
 .debug_macro   0x00006f1e       0x26 src/ASF/sam/utils/cmsis/sam3x/source/templates/system_sam3x.o
 .debug_macro   0x00006f44      0x129 src/ASF/sam/utils/syscalls/gcc/syscalls.o
 .debug_macro   0x0000706d       0x97 src/ASF/sam/utils/syscalls/gcc/syscalls.o
 .debug_macro   0x00007104       0xef src/ASF/sam/utils/syscalls/gcc/syscalls.o
 .debug_macro   0x000071f3       0x52 src/ASF/sam/utils/syscalls/gcc/syscalls.o
 .debug_macro   0x00007245       0x16 src/ASF/sam/utils/syscalls/gcc/syscalls.o
 .debug_macro   0x0000725b       0x10 src/ASF/sam/utils/syscalls/gcc/syscalls.o
 .debug_macro   0x0000726b       0x41 src/ASF/sam/utils/syscalls/gcc/syscalls.o
 .debug_macro   0x000072ac      0x120 src/ASF/sam/utils/syscalls/gcc/syscalls.o
 .debug_macro   0x000073cc      0x13f src/ASF/thirdparty/freertos/freertos-7.3.0/source/list.o
 .debug_macro   0x0000750b      0x10e src/ASF/thirdparty/freertos/freertos-7.3.0/source/list.o
 .debug_macro   0x00007619       0x7f src/ASF/thirdparty/freertos/freertos-7.3.0/source/list.o
 .debug_macro   0x00007698       0xf6 src/ASF/thirdparty/freertos/freertos-7.3.0/source/list.o
 .debug_macro   0x0000778e      0x5ef src/ASF/thirdparty/freertos/freertos-7.3.0/source/portable/gcc/sam/port.o
 .debug_macro   0x00007d7d      0x160 src/ASF/thirdparty/freertos/freertos-7.3.0/source/portable/memmang/heap_4.o
 .debug_macro   0x00007edd      0x1fc src/ASF/thirdparty/freertos/freertos-7.3.0/source/queue.o
 .debug_macro   0x000080d9      0x255 src/ASF/thirdparty/freertos/freertos-7.3.0/source/tasks.o
 .debug_macro   0x0000832e       0xe1 src/ASF/thirdparty/freertos/freertos-7.3.0/source/timers.o
 .debug_macro   0x0000840f      0x6e4 src/dac_custom.o
 .debug_macro   0x00008af3      0x6fb src/main.o

.debug_line     0x00000000    0x126cf
 .debug_line    0x00000000     0x1098 src/PIDRegulation.o
 .debug_line    0x00001098     0x105b src/adc_custom.o
 .debug_line    0x000020f3      0xc48 src/ASF/common/services/clock/sam3x/sysclk.o
 .debug_line    0x00002d3b      0xad9 src/ASF/common/utils/stdio/read.o
 .debug_line    0x00003814      0xacf src/ASF/common/utils/stdio/write.o
 .debug_line    0x000042e3      0xcdf src/ASF/sam/boards/arduino_due_x/init.o
 .debug_line    0x00004fc2      0xe60 src/ASF/sam/drivers/adc/adc.o
 .debug_line    0x00005e22      0xc49 src/ASF/sam/drivers/dacc/dacc.o
 .debug_line    0x00006a6b      0xe42 src/ASF/sam/drivers/pio/pio.o
 .debug_line    0x000078ad      0xb8d src/ASF/sam/drivers/pio/pio_handler.o
 .debug_line    0x0000843a     0x1047 src/ASF/sam/drivers/pmc/pmc.o
 .debug_line    0x00009481      0xc8f src/ASF/sam/drivers/uart/uart.o
 .debug_line    0x0000a110     0x11a9 src/ASF/sam/drivers/usart/usart.o
 .debug_line    0x0000b2b9      0xab5 src/ASF/sam/utils/cmsis/sam3x/source/templates/exceptions.o
 .debug_line    0x0000bd6e      0xb05 src/ASF/sam/utils/cmsis/sam3x/source/templates/gcc/startup_sam3x.o
 .debug_line    0x0000c873      0xb22 src/ASF/sam/utils/cmsis/sam3x/source/templates/system_sam3x.o
 .debug_line    0x0000d395      0x39b src/ASF/sam/utils/syscalls/gcc/syscalls.o
 .debug_line    0x0000d730      0x467 src/ASF/thirdparty/freertos/freertos-7.3.0/source/list.o
 .debug_line    0x0000db97      0xdcd src/ASF/thirdparty/freertos/freertos-7.3.0/source/portable/gcc/sam/port.o
 .debug_line    0x0000e964      0x4c2 src/ASF/thirdparty/freertos/freertos-7.3.0/source/portable/memmang/heap_4.o
 .debug_line    0x0000ee26      0x7de src/ASF/thirdparty/freertos/freertos-7.3.0/source/queue.o
 .debug_line    0x0000f604      0xa28 src/ASF/thirdparty/freertos/freertos-7.3.0/source/tasks.o
 .debug_line    0x0001002c      0x4ee src/ASF/thirdparty/freertos/freertos-7.3.0/source/timers.o
 .debug_line    0x0001051a     0x105b src/dac_custom.o
 .debug_line    0x00011575     0x115a src/main.o

.debug_str      0x00000000    0x69eae
 .debug_str     0x00000000    0x6322d src/PIDRegulation.o
                              0x635bc (size before relaxing)
 .debug_str     0x0006322d      0x343 src/adc_custom.o
                              0x62997 (size before relaxing)
 .debug_str     0x00063570      0x256 src/ASF/common/services/clock/sam3x/sysclk.o
                              0x5decb (size before relaxing)
 .debug_str     0x000637c6       0x2c src/ASF/common/utils/stdio/read.o
                              0x5a05c (size before relaxing)
 .debug_str     0x000637f2       0x26 src/ASF/common/utils/stdio/write.o
                              0x5a05e (size before relaxing)
 .debug_str     0x00063818      0x280 src/ASF/sam/boards/arduino_due_x/init.o
                              0x5e685 (size before relaxing)
 .debug_str     0x00063a98      0x785 src/ASF/sam/drivers/adc/adc.o
                              0x5ab2f (size before relaxing)
 .debug_str     0x0006421d      0x2f7 src/ASF/sam/drivers/dacc/dacc.o
                              0x5a4ee (size before relaxing)
 .debug_str     0x00064514      0x428 src/ASF/sam/drivers/pio/pio.o
                              0x5aa01 (size before relaxing)
 .debug_str     0x0006493c      0x44e src/ASF/sam/drivers/pio/pio_handler.o
                              0x5aa49 (size before relaxing)
 .debug_str     0x00064d8a      0x687 src/ASF/sam/drivers/pmc/pmc.o
                              0x5aa77 (size before relaxing)
 .debug_str     0x00065411      0x2df src/ASF/sam/drivers/uart/uart.o
                              0x5a422 (size before relaxing)
 .debug_str     0x000656f0      0xafb src/ASF/sam/drivers/usart/usart.o
                              0x5acd3 (size before relaxing)
 .debug_str     0x000661eb       0x4d src/ASF/sam/utils/cmsis/sam3x/source/templates/exceptions.o
                              0x5a076 (size before relaxing)
 .debug_str     0x00066238       0xb2 src/ASF/sam/utils/cmsis/sam3x/source/templates/gcc/startup_sam3x.o
                              0x5a14b (size before relaxing)
 .debug_str     0x000662ea      0x1cd src/ASF/sam/utils/cmsis/sam3x/source/templates/system_sam3x.o
                              0x5a35e (size before relaxing)
 .debug_str     0x000664b7      0x733 src/ASF/sam/utils/syscalls/gcc/syscalls.o
                               0x4f26 (size before relaxing)
 .debug_str     0x00066bea      0x165 src/ASF/thirdparty/freertos/freertos-7.3.0/source/list.o
                               0x61c2 (size before relaxing)
 .debug_str     0x00066d4f      0x539 src/ASF/thirdparty/freertos/freertos-7.3.0/source/portable/gcc/sam/port.o
                              0x5fef1 (size before relaxing)
 .debug_str     0x00067288      0x240 src/ASF/thirdparty/freertos/freertos-7.3.0/source/portable/memmang/heap_4.o
                               0x65d6 (size before relaxing)
 .debug_str     0x000674c8     0x160e src/ASF/thirdparty/freertos/freertos-7.3.0/source/queue.o
                               0x7b9d (size before relaxing)
 .debug_str     0x00068ad6      0xe46 src/ASF/thirdparty/freertos/freertos-7.3.0/source/tasks.o
                               0x93b2 (size before relaxing)
 .debug_str     0x0006991c      0x383 src/ASF/thirdparty/freertos/freertos-7.3.0/source/timers.o
                               0x6278 (size before relaxing)
 .debug_str     0x00069c9f       0x1e src/dac_custom.o