Archive member included because of file (symbol)

c:/program files (x86)/atmel/studio/7.0/toolchain/arm/arm-gnu-toolchain/bin/../lib/gcc/arm-none-eabi/4.9.3/../../../../arm-none-eabi/lib/armv7-m\libc.a(lib_a-exit.o)
                              c:/program files (x86)/atmel/studio/7.0/toolchain/arm/arm-gnu-toolchain/bin/../lib/gcc/arm-none-eabi/4.9.3/../../../../arm-none-eabi/lib/armv7-m/crt0.o (exit)
c:/program files (x86)/atmel/studio/7.0/toolchain/arm/arm-gnu-toolchain/bin/../lib/gcc/arm-none-eabi/4.9.3/../../../../arm-none-eabi/lib/armv7-m\libc.a(lib_a-impure.o)
                              c:/program files (x86)/atmel/studio/7.0/toolchain/arm/arm-gnu-toolchain/bin/../lib/gcc/arm-none-eabi/4.9.3/../../../../arm-none-eabi/lib/armv7-m\libc.a(lib_a-exit.o) (_global_impure_ptr)
c:/program files (x86)/atmel/studio/7.0/toolchain/arm/arm-gnu-toolchain/bin/../lib/gcc/arm-none-eabi/4.9.3/../../../../arm-none-eabi/lib/armv7-m\libc.a(lib_a-init.o)
                              c:/program files (x86)/atmel/studio/7.0/toolchain/arm/arm-gnu-toolchain/bin/../lib/gcc/arm-none-eabi/4.9.3/../../../../arm-none-eabi/lib/armv7-m/crt0.o (__libc_init_array)
c:/program files (x86)/atmel/studio/7.0/toolchain/arm/arm-gnu-toolchain/bin/../lib/gcc/arm-none-eabi/4.9.3/../../../../arm-none-eabi/lib/armv7-m\libc.a(lib_a-iprintf.o)
                              src/ASF/sam/drivers/adc/adc.o (iprintf)
c:/program files (x86)/atmel/studio/7.0/toolchain/arm/arm-gnu-toolchain/bin/../lib/gcc/arm-none-eabi/4.9.3/../../../../arm-none-eabi/lib/armv7-m\libc.a(lib_a-memcpy.o)
                              src/ASF/thirdparty/freertos/freertos-7.3.0/source/queue.o (memcpy)
c:/program files (x86)/atmel/studio/7.0/toolchain/arm/arm-gnu-toolchain/bin/../lib/gcc/arm-none-eabi/4.9.3/../../../../arm-none-eabi/lib/armv7-m\libc.a(lib_a-memset.o)
                              c:/program files (x86)/atmel/studio/7.0/toolchain/arm/arm-gnu-toolchain/bin/../lib/gcc/arm-none-eabi/4.9.3/../../../../arm-none-eabi/lib/armv7-m/crt0.o (memset)
c:/program files (x86)/atmel/studio/7.0/toolchain/arm/arm-gnu-toolchain/bin/../lib/gcc/arm-none-eabi/4.9.3/../../../../arm-none-eabi/lib/armv7-m\libc.a(lib_a-puts.o)
                              src/ASF/sam/drivers/adc/adc.o (puts)
c:/program files (x86)/atmel/studio/7.0/toolchain/arm/arm-gnu-toolchain/bin/../lib/gcc/arm-none-eabi/4.9.3/../../../../arm-none-eabi/lib/armv7-m\libc.a(lib_a-setbuf.o)
                              src/UARTFunctions.o (setbuf)
c:/program files (x86)/atmel/studio/7.0/toolchain/arm/arm-gnu-toolchain/bin/../lib/gcc/arm-none-eabi/4.9.3/../../../../arm-none-eabi/lib/armv7-m\libc.a(lib_a-setvbuf.o)
                              c:/program files (x86)/atmel/studio/7.0/toolchain/arm/arm-gnu-toolchain/bin/../lib/gcc/arm-none-eabi/4.9.3/../../../../arm-none-eabi/lib/armv7-m\libc.a(lib_a-setbuf.o) (setvbuf)
c:/program files (x86)/atmel/studio/7.0/toolchain/arm/arm-gnu-toolchain/bin/../lib/gcc/arm-none-eabi/4.9.3/../../../../arm-none-eabi/lib/armv7-m\libc.a(lib_a-sprintf.o)
                              src/ASF/thirdparty/freertos/freertos-7.3.0/source/tasks.o (sprintf)
c:/program files (x86)/atmel/studio/7.0/toolchain/arm/arm-gnu-toolchain/bin/../lib/gcc/arm-none-eabi/4.9.3/../../../../arm-none-eabi/lib/armv7-m\libc.a(lib_a-strcat.o)
                              src/ASF/thirdparty/freertos/freertos-7.3.0/source/tasks.o (strcat)
c:/program files (x86)/atmel/studio/7.0/toolchain/arm/arm-gnu-toolchain/bin/../lib/gcc/arm-none-eabi/4.9.3/../../../../arm-none-eabi/lib/armv7-m\libc.a(lib_a-strcpy.o)
                              c:/program files (x86)/atmel/studio/7.0/toolchain/arm/arm-gnu-toolchain/bin/../lib/gcc/arm-none-eabi/4.9.3/../../../../arm-none-eabi/lib/armv7-m\libc.a(lib_a-strcat.o) (strcpy)
c:/program files (x86)/atmel/studio/7.0/toolchain/arm/arm-gnu-toolchain/bin/../lib/gcc/arm-none-eabi/4.9.3/../../../../arm-none-eabi/lib/armv7-m\libc.a(lib_a-strlen.o)
                              src/ASF/thirdparty/freertos/freertos-7.3.0/source/FreeRTOS_CLI.o (strlen)
c:/program files (x86)/atmel/studio/7.0/toolchain/arm/arm-gnu-toolchain/bin/../lib/gcc/arm-none-eabi/4.9.3/../../../../arm-none-eabi/lib/armv7-m\libc.a(lib_a-strncmp.o)
                              src/ASF/thirdparty/freertos/freertos-7.3.0/source/FreeRTOS_CLI.o (strncmp)
c:/program files (x86)/atmel/studio/7.0/toolchain/arm/arm-gnu-toolchain/bin/../lib/gcc/arm-none-eabi/4.9.3/../../../../arm-none-eabi/lib/armv7-m\libc.a(lib_a-strncpy.o)
                              src/ASF/thirdparty/freertos/freertos-7.3.0/source/FreeRTOS_CLI.o (strncpy)
c:/program files (x86)/atmel/studio/7.0/toolchain/arm/arm-gnu-toolchain/bin/../lib/gcc/arm-none-eabi/4.9.3/../../../../arm-none-eabi/lib/armv7-m\libc.a(lib_a-svfprintf.o)
                              c:/program files (x86)/atmel/studio/7.0/toolchain/arm/arm-gnu-toolchain/bin/../lib/gcc/arm-none-eabi/4.9.3/../../../../arm-none-eabi/lib/armv7-m\libc.a(lib_a-sprintf.o) (_svfprintf_r)
[...]
Memory Configuration

Name             Origin             Length             Attributes
rom              0x00080000         0x00080000         xr
sram0            0x20000000         0x00010000         xrw
sram1            0x20080000         0x00008000         xrw
ram              0x20070000         0x00018000         xrw
*default*        0x00000000         0xffffffff

Linker script and memory map

LOAD c:/program files (x86)/atmel/studio/7.0/toolchain/arm/arm-gnu-toolchain/bin/../lib/gcc/arm-none-eabi/4.9.3/armv7-m/crti.o
LOAD c:/program files (x86)/atmel/studio/7.0/toolchain/arm/arm-gnu-toolchain/bin/../lib/gcc/arm-none-eabi/4.9.3/armv7-m/crtbegin.o
LOAD c:/program files (x86)/atmel/studio/7.0/toolchain/arm/arm-gnu-toolchain/bin/../lib/gcc/arm-none-eabi/4.9.3/../../../../arm-none-eabi/lib/armv7-m/crt0.o
LOAD src/ADCCustom.o
LOAD src/ASF/common/utils/stdio/read.o
LOAD src/ASF/sam/drivers/usart/usart.o
LOAD src/ASF/common/utils/stdio/write.o
LOAD src/ASF/common/services/serial/usart_serial.o
LOAD src/ASF/sam/drivers/adc/adc.o
LOAD src/ASF/thirdparty/freertos/freertos-7.3.0/source/FreeRTOS_CLI.o
LOAD src/ASF/thirdparty/freertos/freertos-7.3.0/source/list.o
LOAD src/ASF/thirdparty/freertos/freertos-7.3.0/source/portable/gcc/sam/port.o
LOAD src/ASF/thirdparty/freertos/freertos-7.3.0/source/portable/memmang/heap_4.o
LOAD src/ASF/thirdparty/freertos/freertos-7.3.0/source/queue.o
LOAD src/ASF/thirdparty/freertos/freertos-7.3.0/source/tasks.o
LOAD src/ASF/thirdparty/freertos/freertos-7.3.0/source/timers.o
LOAD src/ASF/sam/drivers/adc/adc_sam3u.o
LOAD src/ASF/common/services/delay/sam/cycle_counter.o
LOAD src/ASF/sam/drivers/pwm/pwm.o
LOAD src/ASF/sam/drivers/uart/uart.o
LOAD src/PIDRegulation.o
LOAD src/PWMCustom.o
LOAD src/SerialComTask.o
LOAD src/testFunctions.o
LOAD src/UARTFunctions.o
LOAD src/ASF/common/services/clock/sam3x/sysclk.o
LOAD src/ASF/common/utils/interrupt/interrupt_sam_nvic.o
LOAD src/ASF/sam/boards/arduino_due_x/init.o
LOAD src/ASF/sam/drivers/pio/pio.o
LOAD src/ASF/sam/drivers/pio/pio_handler.o
LOAD src/ASF/sam/drivers/pmc/pmc.o
LOAD src/ASF/sam/drivers/pmc/sleep.o
LOAD src/ASF/sam/utils/cmsis/sam3x/source/templates/exceptions.o
LOAD src/ASF/sam/utils/cmsis/sam3x/source/templates/gcc/startup_sam3x.o
LOAD src/ASF/sam/utils/cmsis/sam3x/source/templates/system_sam3x.o
LOAD src/ASF/sam/utils/syscalls/gcc/syscalls.o
LOAD src/main.o
START GROUP
LOAD ../src/ASF/thirdparty/CMSIS/Lib/GCC\libarm_cortexM3l_math.a
LOAD c:/program files (x86)/atmel/studio/7.0/toolchain/arm/arm-gnu-toolchain/bin/../lib/gcc/arm-none-eabi/4.9.3/../../../../arm-none-eabi/lib/armv7-m\libm.a
END GROUP
START GROUP
LOAD c:/program files (x86)/atmel/studio/7.0/toolchain/arm/arm-gnu-toolchain/bin/../lib/gcc/arm-none-eabi/4.9.3/armv7-m\libgcc.a
LOAD c:/program files (x86)/atmel/studio/7.0/toolchain/arm/arm-gnu-toolchain/bin/../lib/gcc/arm-none-eabi/4.9.3/../../../../arm-none-eabi/lib/armv7-m\libc.a
END GROUP
LOAD c:/program files (x86)/atmel/studio/7.0/toolchain/arm/arm-gnu-toolchain/bin/../lib/gcc/arm-none-eabi/4.9.3/armv7-m/crtend.o
LOAD c:/program files (x86)/atmel/studio/7.0/toolchain/arm/arm-gnu-toolchain/bin/../lib/gcc/arm-none-eabi/4.9.3/armv7-m/crtn.o
                0x00002000                __stack_size__ = DEFINED (__stack_size__)?__stack_size__:0x2000
                0x20087ffc                __ram_end__ = ((ORIGIN (ram) + 0x18000) - 0x4)

.text           0x00080000     0x3f64
                0x00080000                . = ALIGN (0x4)
                0x00080000                _sfixed = .
 *(.vectors .vectors.*)
 .vectors       0x00080000       0xf4 src/ASF/sam/utils/cmsis/sam3x/source/templates/gcc/startup_sam3x.o
                0x00080000                exception_table
 *(.text .text.* .gnu.linkonce.t.*)
 .text          0x000800f4       0x5c c:/program files (x86)/atmel/studio/7.0/toolchain/arm/arm-gnu-toolchain/bin/../lib/gcc/arm-none-eabi/4.9.3/armv7-m/crtbegin.o
 .text.ADCSetup
                0x00080150       0x64 src/ADCCustom.o
                0x00080150                ADCSetup
 .text._read    0x000801b4       0x3c src/ASF/common/utils/stdio/read.o
                0x000801b4                _read
 .text.usart_write
                0x000801f0       0x14 src/ASF/sam/drivers/usart/usart.o
                0x000801f0                usart_write
 .text.usart_read
                0x00080204       0x18 src/ASF/sam/drivers/usart/usart.o
                0x00080204                usart_read
 .text._write   0x0008021c       0x50 src/ASF/common/utils/stdio/write.o
                0x0008021c                _write
 .text.adc_init
                0x0008026c       0x34 src/ASF/sam/drivers/adc/adc.o
                0x0008026c                adc_init
 .text.adc_set_resolution
                0x000802a0       0x10 src/ASF/sam/drivers/adc/adc.o
                0x000802a0                adc_set_resolution
 .text.adc_configure_trigger
                0x000802b0       0x10 src/ASF/sam/drivers/adc/adc.o
                0x000802b0                adc_configure_trigger
 .text.adc_configure_timing
                0x000802c0       0x20 src/ASF/sam/drivers/adc/adc.o
                0x000802c0                adc_configure_timing
 .text.adc_enable_channel
                0x000802e0        0x8 src/ASF/sam/drivers/adc/adc.o
                0x000802e0                adc_enable_channel
 .text.vListInsertEnd
                0x000802e8       0x1c src/ASF/thirdparty/freertos/freertos-7.3.0/source/list.o
                0x000802e8                vListInsertEnd
 .text.uxListRemove
                0x00080304       0x28 src/ASF/thirdparty/freertos/freertos-7.3.0/source/list.o
                0x00080304                uxListRemove
 .text.SVC_Handler
                0x0008032c       0x20 src/ASF/thirdparty/freertos/freertos-7.3.0/source/portable/gcc/sam/port.o
                0x0008032c                SVC_Handler
 .text.ulPortSetInterruptMask
                0x0008034c       0x10 src/ASF/thirdparty/freertos/freertos-7.3.0/source/portable/gcc/sam/port.o
                0x0008034c                ulPortSetInterruptMask
 .text.vPortClearInterruptMask
                0x0008035c        0x8 src/ASF/thirdparty/freertos/freertos-7.3.0/source/portable/gcc/sam/port.o
                0x0008035c                vPortClearInterruptMask
 .text.PendSV_Handler
                0x00080364       0x3c src/ASF/thirdparty/freertos/freertos-7.3.0/source/portable/gcc/sam/port.o
                0x00080364                PendSV_Handler
 .text.SysTick_Handler
                0x000803a0       0x2c src/ASF/thirdparty/freertos/freertos-7.3.0/source/portable/gcc/sam/port.o
                0x000803a0                SysTick_Handler
 .text.vTaskIncrementTick
                0x000803cc      0x120 src/ASF/thirdparty/freertos/freertos-7.3.0/source/tasks.o
                0x000803cc                vTaskIncrementTick
 .text.vTaskSwitchContext
                0x000804ec       0xa4 src/ASF/thirdparty/freertos/freertos-7.3.0/source/tasks.o
                0x000804ec                vTaskSwitchContext
 .text.uart_init
                0x00080590       0x38 src/ASF/sam/drivers/uart/uart.o
                0x00080590                uart_init
 .text.uart_is_rx_ready
                0x000805c8        0x8 src/ASF/sam/drivers/uart/uart.o
                0x000805c8                uart_is_rx_ready
 .text.uart_write
                0x000805d0       0x10 src/ASF/sam/drivers/uart/uart.o
                0x000805d0                uart_write
 .text.uart_read
                0x000805e0       0x14 src/ASF/sam/drivers/uart/uart.o
                0x000805e0                uart_read
 .text.usart_serial_getchar
                0x000805f4       0xa8 src/UARTFunctions.o
 .text.usart_serial_putchar
                0x0008069c       0x9c src/UARTFunctions.o
 .text.configure_console
                0x00080738       0x98 src/UARTFunctions.o
                0x00080738                configure_console
 .text.sysclk_init
                0x000807d0       0x64 src/ASF/common/services/clock/sam3x/sysclk.o
                0x000807d0                sysclk_init
 .text.board_init
                0x00080834       0x80 src/ASF/sam/boards/arduino_due_x/init.o
                0x00080834                board_init
 .text.pio_set_peripheral
                0x000808b4       0x40 src/ASF/sam/drivers/pio/pio.o
                0x000808b4                pio_set_peripheral
 .text.pio_set_input
                0x000808f4       0x34 src/ASF/sam/drivers/pio/pio.o
                0x000808f4                pio_set_input
 .text.pio_set_output
                0x00080928       0x28 src/ASF/sam/drivers/pio/pio.o
                0x00080928                pio_set_output
 .text.pio_get_interrupt_status
                0x00080950        0x4 src/ASF/sam/drivers/pio/pio.o
                0x00080950                pio_get_interrupt_status
 .text.pio_get_interrupt_mask
                0x00080954        0x4 src/ASF/sam/drivers/pio/pio.o
                0x00080954                pio_get_interrupt_mask
 .text.pio_configure_pin
                0x00080958       0xd4 src/ASF/sam/drivers/pio/pio.o
                0x00080958                pio_configure_pin
 .text.pio_configure_pin_group
                0x00080a2c       0xa0 src/ASF/sam/drivers/pio/pio.o
                0x00080a2c                pio_configure_pin_group
 .text.pio_handler_process
                0x00080acc       0x50 src/ASF/sam/drivers/pio/pio_handler.o
                0x00080acc                pio_handler_process
 .text.PIOA_Handler
                0x00080b1c       0x14 src/ASF/sam/drivers/pio/pio_handler.o
                0x00080b1c                PIOA_Handler
 .text.PIOB_Handler
                0x00080b30       0x14 src/ASF/sam/drivers/pio/pio_handler.o
                0x00080b30                PIOB_Handler
 .text.PIOC_Handler
                0x00080b44       0x14 src/ASF/sam/drivers/pio/pio_handler.o
                0x00080b44                PIOC_Handler
 .text.PIOD_Handler
                0x00080b58       0x14 src/ASF/sam/drivers/pio/pio_handler.o
                0x00080b58                PIOD_Handler
 .text.pmc_switch_mck_to_pllack
                0x00080b6c       0x68 src/ASF/sam/drivers/pmc/pmc.o
                0x00080b6c                pmc_switch_mck_to_pllack
 .text.pmc_switch_mainck_to_xtal
                0x00080bd4       0x54 src/ASF/sam/drivers/pmc/pmc.o
                0x00080bd4                pmc_switch_mainck_to_xtal
 .text.pmc_osc_is_ready_mainck
                0x00080c28       0x10 src/ASF/sam/drivers/pmc/pmc.o
                0x00080c28                pmc_osc_is_ready_mainck
 .text.pmc_disable_pllack
                0x00080c38       0x10 src/ASF/sam/drivers/pmc/pmc.o
                0x00080c38                pmc_disable_pllack
 .text.pmc_is_locked_pllack
                0x00080c48       0x10 src/ASF/sam/drivers/pmc/pmc.o
                0x00080c48                pmc_is_locked_pllack
 .text.pmc_enable_periph_clk
                0x00080c58       0x54 src/ASF/sam/drivers/pmc/pmc.o
                0x00080c58                pmc_enable_periph_clk
 .text.Dummy_Handler
                0x00080cac        0x4 src/ASF/sam/utils/cmsis/sam3x/source/templates/exceptions.o
                0x00080cac                DACC_Handler
                0x00080cac                DebugMon_Handler
                0x00080cac                DMAC_Handler
                0x00080cac                TRNG_Handler
                0x00080cac                HardFault_Handler
                0x00080cac                TC2_Handler
                0x00080cac                USART3_Handler
                0x00080cac                TWI1_Handler
                0x00080cac                NMI_Handler
                0x00080cac                TC7_Handler
                0x00080cac                ADC_Handler
                0x00080cac                SMC_Handler
                0x00080cac                USART0_Handler
                0x00080cac                RTT_Handler
                0x00080cac                EFC1_Handler
                0x00080cac                RTC_Handler
                0x00080cac                UsageFault_Handler
                0x00080cac                TC6_Handler
                0x00080cac                WDT_Handler
                0x00080cac                CAN0_Handler
                0x00080cac                TC4_Handler
                0x00080cac                TC1_Handler
                0x00080cac                HSMCI_Handler
                0x00080cac                TC3_Handler
                0x00080cac                Dummy_Handler
                0x00080cac                TWI0_Handler
                0x00080cac                USART1_Handler
                0x00080cac                SSC_Handler
                0x00080cac                EFC0_Handler
                0x00080cac                PMC_Handler
                0x00080cac                PWM_Handler
                0x00080cac                CAN1_Handler
                0x00080cac                MemManage_Handler
                0x00080cac                SUPC_Handler
                0x00080cac                TC8_Handler
                0x00080cac                USART2_Handler
                0x00080cac                EMAC_Handler
                0x00080cac                UART_Handler
                0x00080cac                BusFault_Handler
                0x00080cac                RSTC_Handler
                0x00080cac                TC0_Handler
                0x00080cac                TC5_Handler
                0x00080cac                UOTGHS_Handler
                0x00080cac                SPI0_Handler
 .text.Reset_Handler
                0x00080cb0       0xb0 src/ASF/sam/utils/cmsis/sam3x/source/templates/gcc/startup_sam3x.o
                0x00080cb0                Reset_Handler
 .text.SystemCoreClockUpdate
                0x00080d60      0x11c src/ASF/sam/utils/cmsis/sam3x/source/templates/system_sam3x.o
                0x00080d60                SystemCoreClockUpdate
 .text._sbrk    0x00080e7c       0x34 src/ASF/sam/utils/syscalls/gcc/syscalls.o
                0x00080e7c                _sbrk
 .text._close   0x00080eb0        0x8 src/ASF/sam/utils/syscalls/gcc/syscalls.o
                0x00080eb0                _close
 .text._fstat   0x00080eb8        0xc src/ASF/sam/utils/syscalls/gcc/syscalls.o
                0x00080eb8                _fstat
 .text._isatty  0x00080ec4        0x4 src/ASF/sam/utils/syscalls/gcc/syscalls.o
                0x00080ec4                _isatty
 .text._lseek   0x00080ec8        0x4 src/ASF/sam/utils/syscalls/gcc/syscalls.o
                0x00080ec8                _lseek
 .text.main     0x00080ecc       0xb8 src/main.o
                0x00080ecc                main
 .text.__libc_init_array
                0x00080f84       0x50 c:/program files (x86)/atmel/studio/7.0/toolchain/arm/arm-gnu-toolchain/bin/../lib/gcc/arm-none-eabi/4.9.3/../../../../arm-none-eabi/lib/armv7-m\libc.a(lib_a-init.o)
                0x00080f84                __libc_init_array
 .text.iprintf  0x00080fd4       0x28 c:/program files (x86)/atmel/studio/7.0/toolchain/arm/arm-gnu-toolchain/bin/../lib/gcc/arm-none-eabi/4.9.3/../../../../arm-none-eabi/lib/armv7-m\libc.a(lib_a-iprintf.o)
                0x00080fd4                iprintf
 .text          0x00080ffc       0xec c:/program files (x86)/atmel/studio/7.0/toolchain/arm/arm-gnu-toolchain/bin/../lib/gcc/arm-none-eabi/4.9.3/../../../../arm-none-eabi/lib/armv7-m\libc.a(lib_a-memcpy.o)
                0x00080ffc                memcpy
 .text.memset   0x000810e8       0x9c c:/program files (x86)/atmel/studio/7.0/toolchain/arm/arm-gnu-toolchain/bin/../lib/gcc/arm-none-eabi/4.9.3/../../../../arm-none-eabi/lib/armv7-m\libc.a(lib_a-memset.o)
                0x000810e8                memset
 .text.setbuf   0x00081184       0x10 c:/program files (x86)/atmel/studio/7.0/toolchain/arm/arm-gnu-toolchain/bin/../lib/gcc/arm-none-eabi/4.9.3/../../../../arm-none-eabi/lib/armv7-m\libc.a(lib_a-setbuf.o)
                0x00081184                setbuf
 .text.setvbuf  0x00081194       0xf8 c:/program files (x86)/atmel/studio/7.0/toolchain/arm/arm-gnu-toolchain/bin/../lib/gcc/arm-none-eabi/4.9.3/../../../../arm-none-eabi/lib/armv7-m\libc.a(lib_a-setvbuf.o)
                0x00081194                setvbuf
 .text.strlen   0x0008128c       0x5c c:/program files (x86)/atmel/studio/7.0/toolchain/arm/arm-gnu-toolchain/bin/../lib/gcc/arm-none-eabi/4.9.3/../../../../arm-none-eabi/lib/armv7-m\libc.a(lib_a-strlen.o)
                0x0008128c                strlen
 .text.__sprint_r.part.0
                0x000812e8       0x78 c:/program files (x86)/atmel/studio/7.0/toolchain/arm/arm-gnu-toolchain/bin/../lib/gcc/arm-none-eabi/4.9.3/../../../../arm-none-eabi/lib/armv7-m\libc.a(lib_a-vfiprintf.o)
 .text._vfiprintf_r
                0x00081360      0xc10 c:/program files (x86)/atmel/studio/7.0/toolchain/arm/arm-gnu-toolchain/bin/../lib/gcc/arm-none-eabi/4.9.3/../../../../arm-none-eabi/lib/armv7-m\libc.a(lib_a-vfiprintf.o)
                0x00081360                _vfiprintf_r
 .text.__sbprintf
                0x00081f70       0x7c c:/program files (x86)/atmel/studio/7.0/toolchain/arm/arm-gnu-toolchain/bin/../lib/gcc/arm-none-eabi/4.9.3/../../../../arm-none-eabi/lib/armv7-m\libc.a(lib_a-vfiprintf.o)
 .text.__swsetup_r
                0x00081fec       0xc4 c:/program files (x86)/atmel/studio/7.0/toolchain/arm/arm-gnu-toolchain/bin/../lib/gcc/arm-none-eabi/4.9.3/../../../../arm-none-eabi/lib/armv7-m\libc.a(lib_a-wsetup.o)
                0x00081fec                __swsetup_r
 .text.startup.register_fini
                0x000820b0       0x14 c:/program files (x86)/atmel/studio/7.0/toolchain/arm/arm-gnu-toolchain/bin/../lib/gcc/arm-none-eabi/4.9.3/../../../../arm-none-eabi/lib/armv7-m\libc.a(lib_a-__call_atexit.o)
 .text.atexit   0x000820c4        0xc c:/program files (x86)/atmel/studio/7.0/toolchain/arm/arm-gnu-toolchain/bin/../lib/gcc/arm-none-eabi/4.9.3/../../../../arm-none-eabi/lib/armv7-m\libc.a(lib_a-atexit.o)
                0x000820c4                atexit
 .text.__sflush_r
                0x000820d0      0x148 c:/program files (x86)/atmel/studio/7.0/toolchain/arm/arm-gnu-toolchain/bin/../lib/gcc/arm-none-eabi/4.9.3/../../../../arm-none-eabi/lib/armv7-m\libc.a(lib_a-fflush.o)
                0x000820d0                __sflush_r
 .text._fflush_r
                0x00082218       0x2c c:/program files (x86)/atmel/studio/7.0/toolchain/arm/arm-gnu-toolchain/bin/../lib/gcc/arm-none-eabi/4.9.3/../../../../arm-none-eabi/lib/armv7-m\libc.a(lib_a-fflush.o)
                0x00082218                _fflush_r
 .text._cleanup_r
                0x00082244        0xc c:/program files (x86)/atmel/studio/7.0/toolchain/arm/arm-gnu-toolchain/bin/../lib/gcc/arm-none-eabi/4.9.3/../../../../arm-none-eabi/lib/armv7-m\libc.a(lib_a-findfp.o)
                0x00082244                _cleanup_r
 .text.__sinit.part.1
                0x00082250       0xf0 c:/program files (x86)/atmel/studio/7.0/toolchain/arm/arm-gnu-toolchain/bin/../lib/gcc/arm-none-eabi/4.9.3/../../../../arm-none-eabi/lib/armv7-m\libc.a(lib_a-findfp.o)
 .text.__sinit  0x00082340        0xc c:/program files (x86)/atmel/studio/7.0/toolchain/arm/arm-gnu-toolchain/bin/../lib/gcc/arm-none-eabi/4.9.3/../../../../arm-none-eabi/lib/armv7-m\libc.a(lib_a-findfp.o)
                0x00082340                __sinit
 .text.__sfp_lock_acquire
                0x0008234c        0x4 c:/program files (x86)/atmel/studio/7.0/toolchain/arm/arm-gnu-toolchain/bin/../lib/gcc/arm-none-eabi/4.9.3/../../../../arm-none-eabi/lib/armv7-m\libc.a(lib_a-findfp.o)
                0x0008234c                __sfp_lock_acquire
 .text.__sfp_lock_release
                0x00082350        0x4 c:/program files (x86)/atmel/studio/7.0/toolchain/arm/arm-gnu-toolchain/bin/../lib/gcc/arm-none-eabi/4.9.3/../../../../arm-none-eabi/lib/armv7-m\libc.a(lib_a-findfp.o)
                0x00082350                __sfp_lock_release
 .text.__libc_fini_array
                0x00082354       0x2c c:/program files (x86)/atmel/studio/7.0/toolchain/arm/arm-gnu-toolchain/bin/../lib/gcc/arm-none-eabi/4.9.3/../../../../arm-none-eabi/lib/armv7-m\libc.a(lib_a-fini.o)
                0x00082354                __libc_fini_array
 .text.__fputwc
                0x00082380       0xb0 c:/program files (x86)/atmel/studio/7.0/toolchain/arm/arm-gnu-toolchain/bin/../lib/gcc/arm-none-eabi/4.9.3/../../../../arm-none-eabi/lib/armv7-m\libc.a(lib_a-fputwc.o)
                0x00082380                __fputwc
 .text._fputwc_r
                0x00082430       0x24 c:/program files (x86)/atmel/studio/7.0/toolchain/arm/arm-gnu-toolchain/bin/../lib/gcc/arm-none-eabi/4.9.3/../../../../arm-none-eabi/lib/armv7-m\libc.a(lib_a-fputwc.o)
                0x00082430                _fputwc_r
 .text._malloc_trim_r
                0x00082454       0x9c c:/program files (x86)/atmel/studio/7.0/toolchain/arm/arm-gnu-toolchain/bin/../lib/gcc/arm-none-eabi/4.9.3/../../../../arm-none-eabi/lib/armv7-m\libc.a(lib_a-freer.o)
                0x00082454                _malloc_trim_r
 .text._free_r  0x000824f0      0x1b0 c:/program files (x86)/atmel/studio/7.0/toolchain/arm/arm-gnu-toolchain/bin/../lib/gcc/arm-none-eabi/4.9.3/../../../../arm-none-eabi/lib/armv7-m\libc.a(lib_a-freer.o)
                0x000824f0                _free_r
 .text.__sfvwrite_r
                0x000826a0      0x320 c:/program files (x86)/atmel/studio/7.0/toolchain/arm/arm-gnu-toolchain/bin/../lib/gcc/arm-none-eabi/4.9.3/../../../../arm-none-eabi/lib/armv7-m\libc.a(lib_a-fvwrite.o)
                0x000826a0                __sfvwrite_r
 .text._fwalk_reent
                0x000829c0       0x50 c:/program files (x86)/atmel/studio/7.0/toolchain/arm/arm-gnu-toolchain/bin/../lib/gcc/arm-none-eabi/4.9.3/../../../../arm-none-eabi/lib/armv7-m\libc.a(lib_a-fwalk.o)
                0x000829c0                _fwalk_reent
 .text.__locale_charset
                0x00082a10        0x8 c:/program files (x86)/atmel/studio/7.0/toolchain/arm/arm-gnu-toolchain/bin/../lib/gcc/arm-none-eabi/4.9.3/../../../../arm-none-eabi/lib/armv7-m\libc.a(lib_a-locale.o)
                0x00082a10                __locale_charset
 .text.__locale_mb_cur_max
                0x00082a18        0xc c:/program files (x86)/atmel/studio/7.0/toolchain/arm/arm-gnu-toolchain/bin/../lib/gcc/arm-none-eabi/4.9.3/../../../../arm-none-eabi/lib/armv7-m\libc.a(lib_a-locale.o)
                0x00082a18                __locale_mb_cur_max
 .text.__smakebuf_r
                0x00082a24       0xe0 c:/program files (x86)/atmel/studio/7.0/toolchain/arm/arm-gnu-toolchain/bin/../lib/gcc/arm-none-eabi/4.9.3/../../../../arm-none-eabi/lib/armv7-m\libc.a(lib_a-makebuf.o)
                0x00082a24                __smakebuf_r
 .text.malloc   0x00082b04       0x10 c:/program files (x86)/atmel/studio/7.0/toolchain/arm/arm-gnu-toolchain/bin/../lib/gcc/arm-none-eabi/4.9.3/../../../../arm-none-eabi/lib/armv7-m\libc.a(lib_a-malloc.o)
                0x00082b04                malloc
 .text._malloc_r
                0x00082b14      0x50c c:/program files (x86)/atmel/studio/7.0/toolchain/arm/arm-gnu-toolchain/bin/../lib/gcc/arm-none-eabi/4.9.3/../../../../arm-none-eabi/lib/armv7-m\libc.a(lib_a-mallocr.o)
                0x00082b14                _malloc_r
 .text.memchr   0x00083020       0x94 c:/program files (x86)/atmel/studio/7.0/toolchain/arm/arm-gnu-toolchain/bin/../lib/gcc/arm-none-eabi/4.9.3/../../../../arm-none-eabi/lib/armv7-m\libc.a(lib_a-memchr.o)
                0x00083020                memchr
 .text.memmove  0x000830b4       0xc8 c:/program files (x86)/atmel/studio/7.0/toolchain/arm/arm-gnu-toolchain/bin/../lib/gcc/arm-none-eabi/4.9.3/../../../../arm-none-eabi/lib/armv7-m\libc.a(lib_a-memmove.o)
                0x000830b4                memmove
 .text.__malloc_lock
                0x0008317c        0x4 c:/program files (x86)/atmel/studio/7.0/toolchain/arm/arm-gnu-toolchain/bin/../lib/gcc/arm-none-eabi/4.9.3/../../../../arm-none-eabi/lib/armv7-m\libc.a(lib_a-mlock.o)
                0x0008317c                __malloc_lock
 .text.__malloc_unlock
                0x00083180        0x4 c:/program files (x86)/atmel/studio/7.0/toolchain/arm/arm-gnu-toolchain/bin/../lib/gcc/arm-none-eabi/4.9.3/../../../../arm-none-eabi/lib/armv7-m\libc.a(lib_a-mlock.o)
                0x00083180                __malloc_unlock
 .text._realloc_r
                0x00083184      0x3e0 c:/program files (x86)/atmel/studio/7.0/toolchain/arm/arm-gnu-toolchain/bin/../lib/gcc/arm-none-eabi/4.9.3/../../../../arm-none-eabi/lib/armv7-m\libc.a(lib_a-reallocr.o)
                0x00083184                _realloc_r
 .text._sbrk_r  0x00083564       0x24 c:/program files (x86)/atmel/studio/7.0/toolchain/arm/arm-gnu-toolchain/bin/../lib/gcc/arm-none-eabi/4.9.3/../../../../arm-none-eabi/lib/armv7-m\libc.a(lib_a-sbrkr.o)
                0x00083564                _sbrk_r
 .text.__sread  0x00083588       0x24 c:/program files (x86)/atmel/studio/7.0/toolchain/arm/arm-gnu-toolchain/bin/../lib/gcc/arm-none-eabi/4.9.3/../../../../arm-none-eabi/lib/armv7-m\libc.a(lib_a-stdio.o)
                0x00083588                __sread
 .text.__swrite
                0x000835ac       0x38 c:/program files (x86)/atmel/studio/7.0/toolchain/arm/arm-gnu-toolchain/bin/../lib/gcc/arm-none-eabi/4.9.3/../../../../arm-none-eabi/lib/armv7-m\libc.a(lib_a-stdio.o)
                0x000835ac                __swrite
 .text.__sseek  0x000835e4       0x20 c:/program files (x86)/atmel/studio/7.0/toolchain/arm/arm-gnu-toolchain/bin/../lib/gcc/arm-none-eabi/4.9.3/../../../../arm-none-eabi/lib/armv7-m\libc.a(lib_a-stdio.o)
                0x000835e4                __sseek
 .text.__sclose
                0x00083604        0x8 c:/program files (x86)/atmel/studio/7.0/toolchain/arm/arm-gnu-toolchain/bin/../lib/gcc/arm-none-eabi/4.9.3/../../../../arm-none-eabi/lib/armv7-m\libc.a(lib_a-stdio.o)
                0x00083604                __sclose
 .text.__swbuf_r
                0x0008360c       0xa8 c:/program files (x86)/atmel/studio/7.0/toolchain/arm/arm-gnu-toolchain/bin/../lib/gcc/arm-none-eabi/4.9.3/../../../../arm-none-eabi/lib/armv7-m\libc.a(lib_a-wbuf.o)
                0x0008360c                __swbuf_r
 .text._wcrtomb_r
                0x000836b4       0x54 c:/program files (x86)/atmel/studio/7.0/toolchain/arm/arm-gnu-toolchain/bin/../lib/gcc/arm-none-eabi/4.9.3/../../../../arm-none-eabi/lib/armv7-m\libc.a(lib_a-wcrtomb.o)
                0x000836b4                _wcrtomb_r
 .text.__ascii_wctomb
                0x00083708       0x1c c:/program files (x86)/atmel/studio/7.0/toolchain/arm/arm-gnu-toolchain/bin/../lib/gcc/arm-none-eabi/4.9.3/../../../../arm-none-eabi/lib/armv7-m\libc.a(lib_a-wctomb_r.o)
                0x00083708                __ascii_wctomb
 .text._write_r
                0x00083724       0x28 c:/program files (x86)/atmel/studio/7.0/toolchain/arm/arm-gnu-toolchain/bin/../lib/gcc/arm-none-eabi/4.9.3/../../../../arm-none-eabi/lib/armv7-m\libc.a(lib_a-writer.o)
                0x00083724                _write_r
 .text.__register_exitproc
                0x0008374c       0xa4 c:/program files (x86)/atmel/studio/7.0/toolchain/arm/arm-gnu-toolchain/bin/../lib/gcc/arm-none-eabi/4.9.3/../../../../arm-none-eabi/lib/armv7-m\libc.a(lib_a-__atexit.o)
                0x0008374c                __register_exitproc
 .text._close_r
                0x000837f0       0x24 c:/program files (x86)/atmel/studio/7.0/toolchain/arm/arm-gnu-toolchain/bin/../lib/gcc/arm-none-eabi/4.9.3/../../../../arm-none-eabi/lib/armv7-m\libc.a(lib_a-closer.o)
                0x000837f0                _close_r
 .text._fclose_r
                0x00083814       0x84 c:/program files (x86)/atmel/studio/7.0/toolchain/arm/arm-gnu-toolchain/bin/../lib/gcc/arm-none-eabi/4.9.3/../../../../arm-none-eabi/lib/armv7-m\libc.a(lib_a-fclose.o)
                0x00083814                _fclose_r
 .text._fstat_r
                0x00083898       0x28 c:/program files (x86)/atmel/studio/7.0/toolchain/arm/arm-gnu-toolchain/bin/../lib/gcc/arm-none-eabi/4.9.3/../../../../arm-none-eabi/lib/armv7-m\libc.a(lib_a-fstatr.o)
                0x00083898                _fstat_r
 .text._isatty_r
                0x000838c0       0x24 c:/program files (x86)/atmel/studio/7.0/toolchain/arm/arm-gnu-toolchain/bin/../lib/gcc/arm-none-eabi/4.9.3/../../../../arm-none-eabi/lib/armv7-m\libc.a(lib_a-isattyr.o)
                0x000838c0                _isatty_r
 .text._lseek_r
                0x000838e4       0x28 c:/program files (x86)/atmel/studio/7.0/toolchain/arm/arm-gnu-toolchain/bin/../lib/gcc/arm-none-eabi/4.9.3/../../../../arm-none-eabi/lib/armv7-m\libc.a(lib_a-lseekr.o)
                0x000838e4                _lseek_r
 .text._read_r  0x0008390c       0x28 c:/program files (x86)/atmel/studio/7.0/toolchain/arm/arm-gnu-toolchain/bin/../lib/gcc/arm-none-eabi/4.9.3/../../../../arm-none-eabi/lib/armv7-m\libc.a(lib_a-readr.o)
                0x0008390c                _read_r
 .text          0x00083934       0x30 c:/program files (x86)/atmel/studio/7.0/toolchain/arm/arm-gnu-toolchain/bin/../lib/gcc/arm-none-eabi/4.9.3/armv7-m\libgcc.a(_aeabi_uldivmod.o)
                0x00083934                __aeabi_uldivmod
 .text          0x00083964       0x60 c:/program files (x86)/atmel/studio/7.0/toolchain/arm/arm-gnu-toolchain/bin/../lib/gcc/arm-none-eabi/4.9.3/armv7-m\libgcc.a(bpabi.o)
                0x00083964                __gnu_ldivmod_helper
                0x00083994                __gnu_uldivmod_helper
 .text          0x000839c4        0x4 c:/program files (x86)/atmel/studio/7.0/toolchain/arm/arm-gnu-toolchain/bin/../lib/gcc/arm-none-eabi/4.9.3/armv7-m\libgcc.a(_dvmd_tls.o)
                0x000839c4                __aeabi_idiv0
                0x000839c4                __aeabi_ldiv0
 .text          0x000839c8      0x2ac c:/program files (x86)/atmel/studio/7.0/toolchain/arm/arm-gnu-toolchain/bin/../lib/gcc/arm-none-eabi/4.9.3/armv7-m\libgcc.a(_divdi3.o)
                0x000839c8                __divdi3
 .text          0x00083c74      0x270 c:/program files (x86)/atmel/studio/7.0/toolchain/arm/arm-gnu-toolchain/bin/../lib/gcc/arm-none-eabi/4.9.3/armv7-m\libgcc.a(_udivdi3.o)
                0x00083c74                __udivdi3
 *(.glue_7t)
 .glue_7t       0x00000000        0x0 linker stubs
 *(.glue_7)
 .glue_7        0x00000000        0x0 linker stubs
 *(.rodata .rodata* .gnu.linkonce.r.*)
 .rodata.str1.4
                0x00083ee4        0x4 src/main.o
 .rodata.str1.4
                0x00083ee8        0x2 c:/program files (x86)/atmel/studio/7.0/toolchain/arm/arm-gnu-toolchain/bin/../lib/gcc/arm-none-eabi/4.9.3/../../../../arm-none-eabi/lib/armv7-m\libc.a(lib_a-impure.o)
 *fill*         0x00083eea        0x2 
 .rodata._global_impure_ptr
                0x00083eec        0x4 c:/program files (x86)/atmel/studio/7.0/toolchain/arm/arm-gnu-toolchain/bin/../lib/gcc/arm-none-eabi/4.9.3/../../../../arm-none-eabi/lib/armv7-m\libc.a(lib_a-impure.o)
                0x00083eec                _global_impure_ptr
 .rodata.zeroes.6869
                0x00083ef0       0x10 c:/program files (x86)/atmel/studio/7.0/toolchain/arm/arm-gnu-toolchain/bin/../lib/gcc/arm-none-eabi/4.9.3/../../../../arm-none-eabi/lib/armv7-m\libc.a(lib_a-vfiprintf.o)
 .rodata.str1.4
                0x00083f00       0x30 c:/program files (x86)/atmel/studio/7.0/toolchain/arm/arm-gnu-toolchain/bin/../lib/gcc/arm-none-eabi/4.9.3/../../../../arm-none-eabi/lib/armv7-m\libc.a(lib_a-vfiprintf.o)
                                 0x2f (size before relaxing)
 .rodata.blanks.6868
                0x00083f30       0x10 c:/program files (x86)/atmel/studio/7.0/toolchain/arm/arm-gnu-toolchain/bin/../lib/gcc/arm-none-eabi/4.9.3/../../../../arm-none-eabi/lib/armv7-m\libc.a(lib_a-vfiprintf.o)
 *(.ARM.extab* .gnu.linkonce.armextab.*)
                0x00083f40                . = ALIGN (0x4)
 *(.init)
 .init          0x00083f40        0x4 c:/program files (x86)/atmel/studio/7.0/toolchain/arm/arm-gnu-toolchain/bin/../lib/gcc/arm-none-eabi/4.9.3/armv7-m/crti.o
                0x00083f40                _init
 .init          0x00083f44        0x8 c:/program files (x86)/atmel/studio/7.0/toolchain/arm/arm-gnu-toolchain/bin/../lib/gcc/arm-none-eabi/4.9.3/armv7-m/crtn.o
                0x00083f4c                . = ALIGN (0x4)
                0x00083f4c                __preinit_array_start = .
 *(.preinit_array)
                0x00083f4c                __preinit_array_end = .
                0x00083f4c                . = ALIGN (0x4)
                0x00083f4c                __init_array_start = .
 *(SORT(.init_array.*))
 .init_array.00000
                0x00083f4c        0x4 c:/program files (x86)/atmel/studio/7.0/toolchain/arm/arm-gnu-toolchain/bin/../lib/gcc/arm-none-eabi/4.9.3/../../../../arm-none-eabi/lib/armv7-m\libc.a(lib_a-__call_atexit.o)
 *(.init_array)
 .init_array    0x00083f50        0x4 c:/program files (x86)/atmel/studio/7.0/toolchain/arm/arm-gnu-toolchain/bin/../lib/gcc/arm-none-eabi/4.9.3/armv7-m/crtbegin.o
                0x00083f54                __init_array_end = .
                0x00083f54                . = ALIGN (0x4)
 *crtbegin.o(.ctors)
 *(EXCLUDE_FILE(*crtend.o) .ctors)
 *(SORT(.ctors.*))
 *crtend.o(.ctors)
                0x00083f54                . = ALIGN (0x4)
 *(.fini)
 .fini          0x00083f54        0x4 c:/program files (x86)/atmel/studio/7.0/toolchain/arm/arm-gnu-toolchain/bin/../lib/gcc/arm-none-eabi/4.9.3/armv7-m/crti.o
                0x00083f54                _fini
 .fini          0x00083f58        0x8 c:/program files (x86)/atmel/studio/7.0/toolchain/arm/arm-gnu-toolchain/bin/../lib/gcc/arm-none-eabi/4.9.3/armv7-m/crtn.o
                0x00083f60                . = ALIGN (0x4)
                0x00083f60                __fini_array_start = .
 *(.fini_array)
 .fini_array    0x00083f60        0x4 c:/program files (x86)/atmel/studio/7.0/toolchain/arm/arm-gnu-toolchain/bin/../lib/gcc/arm-none-eabi/4.9.3/armv7-m/crtbegin.o
 *(SORT(.fini_array.*))
                0x00083f64                __fini_array_end = .
 *crtbegin.o(.dtors)
 *(EXCLUDE_FILE(*crtend.o) .dtors)
 *(SORT(.dtors.*))
 *crtend.o(.dtors)
                0x00083f64                . = ALIGN (0x4)
                0x00083f64                _efixed = .
                0x00083f64                PROVIDE (__exidx_start, .)

.vfp11_veneer   0x00083f64        0x0
 .vfp11_veneer  0x00000000        0x0 linker stubs

.v4_bx          0x00083f64        0x0
 .v4_bx         0x00000000        0x0 linker stubs

.iplt           0x00083f64        0x0
 .iplt          0x00000000        0x0 c:/program files (x86)/atmel/studio/7.0/toolchain/arm/arm-gnu-toolchain/bin/../lib/gcc/arm-none-eabi/4.9.3/armv7-m/crtbegin.o

.ARM.exidx      0x00083f64        0x8
 *(.ARM.exidx* .gnu.linkonce.armexidx.*)
 .ARM.exidx     0x00083f64        0x8 c:/program files (x86)/atmel/studio/7.0/toolchain/arm/arm-gnu-toolchain/bin/../lib/gcc/arm-none-eabi/4.9.3/armv7-m\libgcc.a(_divdi3.o)
 .ARM.exidx     0x00083f6c        0x0 c:/program files (x86)/atmel/studio/7.0/toolchain/arm/arm-gnu-toolchain/bin/../lib/gcc/arm-none-eabi/4.9.3/armv7-m\libgcc.a(_udivdi3.o)
                                  0x8 (size before relaxing)
                0x00083f6c                PROVIDE (__exidx_end, .)

.eh_frame       0x00083f6c        0x0
 .eh_frame      0x00083f6c        0x0 c:/program files (x86)/atmel/studio/7.0/toolchain/arm/arm-gnu-toolchain/bin/../lib/gcc/arm-none-eabi/4.9.3/armv7-m/crtbegin.o

.rel.dyn        0x00083f6c        0x0
 .rel.iplt      0x00000000        0x0 c:/program files (x86)/atmel/studio/7.0/toolchain/arm/arm-gnu-toolchain/bin/../lib/gcc/arm-none-eabi/4.9.3/armv7-m/crtbegin.o

.jcr            0x00083f6c        0x0
 .jcr           0x00083f6c        0x0 c:/program files (x86)/atmel/studio/7.0/toolchain/arm/arm-gnu-toolchain/bin/../lib/gcc/arm-none-eabi/4.9.3/armv7-m/crtbegin.o

.igot.plt       0x00083f6c        0x0
 .igot.plt      0x00000000        0x0 c:/program files (x86)/atmel/studio/7.0/toolchain/arm/arm-gnu-toolchain/bin/../lib/gcc/arm-none-eabi/4.9.3/armv7-m/crtbegin.o
                0x00083f6c                . = ALIGN (0x4)
                0x00083f6c                _etext = .

.relocate       0x20070000      0x9a4 load address 0x00083f6c
                0x20070000                . = ALIGN (0x4)
                0x20070000                _srelocate = .
 *(.ramfunc .ramfunc.*)
 .ramfunc       0x20070000        0xc src/ASF/common/services/delay/sam/cycle_counter.o
                0x20070000                portable_delay_cycles
 .ramfunc       0x2007000c      0x12c src/ASF/sam/utils/cmsis/sam3x/source/templates/system_sam3x.o
                0x2007000c                SystemInit
                0x200700b0                system_init_flash
 *(.data .data.*)
 .data.xNextTaskUnblockTime
                0x20070138        0x4 src/ASF/thirdparty/freertos/freertos-7.3.0/source/tasks.o
 .data.SystemCoreClock
                0x2007013c        0x4 src/ASF/sam/utils/cmsis/sam3x/source/templates/system_sam3x.o
                0x2007013c                SystemCoreClock
 .data.impure_data
                0x20070140      0x428 c:/program files (x86)/atmel/studio/7.0/toolchain/arm/arm-gnu-toolchain/bin/../lib/gcc/arm-none-eabi/4.9.3/../../../../arm-none-eabi/lib/armv7-m\libc.a(lib_a-impure.o)
 .data._impure_ptr
                0x20070568        0x4 c:/program files (x86)/atmel/studio/7.0/toolchain/arm/arm-gnu-toolchain/bin/../lib/gcc/arm-none-eabi/4.9.3/../../../../arm-none-eabi/lib/armv7-m\libc.a(lib_a-impure.o)
                0x20070568                _impure_ptr
 .data.lc_ctype_charset
                0x2007056c       0x20 c:/program files (x86)/atmel/studio/7.0/toolchain/arm/arm-gnu-toolchain/bin/../lib/gcc/arm-none-eabi/4.9.3/../../../../arm-none-eabi/lib/armv7-m\libc.a(lib_a-locale.o)
 .data.__mb_cur_max
                0x2007058c        0x4 c:/program files (x86)/atmel/studio/7.0/toolchain/arm/arm-gnu-toolchain/bin/../lib/gcc/arm-none-eabi/4.9.3/../../../../arm-none-eabi/lib/armv7-m\libc.a(lib_a-locale.o)
                0x2007058c                __mb_cur_max
 .data.__malloc_av_
                0x20070590      0x408 c:/program files (x86)/atmel/studio/7.0/toolchain/arm/arm-gnu-toolchain/bin/../lib/gcc/arm-none-eabi/4.9.3/../../../../arm-none-eabi/lib/armv7-m\libc.a(lib_a-mallocr.o)
                0x20070590                __malloc_av_
 .data.__malloc_trim_threshold
                0x20070998        0x4 c:/program files (x86)/atmel/studio/7.0/toolchain/arm/arm-gnu-toolchain/bin/../lib/gcc/arm-none-eabi/4.9.3/../../../../arm-none-eabi/lib/armv7-m\libc.a(lib_a-mallocr.o)
                0x20070998                __malloc_trim_threshold
 .data.__malloc_sbrk_base
                0x2007099c        0x4 c:/program files (x86)/atmel/studio/7.0/toolchain/arm/arm-gnu-toolchain/bin/../lib/gcc/arm-none-eabi/4.9.3/../../../../arm-none-eabi/lib/armv7-m\libc.a(lib_a-mallocr.o)
                0x2007099c                __malloc_sbrk_base
 .data.__wctomb
                0x200709a0        0x4 c:/program files (x86)/atmel/studio/7.0/toolchain/arm/arm-gnu-toolchain/bin/../lib/gcc/arm-none-eabi/4.9.3/../../../../arm-none-eabi/lib/armv7-m\libc.a(lib_a-wctomb_r.o)
                0x200709a0                __wctomb
                0x200709a4                . = ALIGN (0x4)
                0x200709a4                _erelocate = .

.bss            0x200709a4      0x164 load address 0x00084910
                0x200709a4                . = ALIGN (0x4)
                0x200709a4                _sbss = .
                0x200709a4                _szero = .
 *(.bss .bss.*)
 .bss           0x200709a4       0x1c c:/program files (x86)/atmel/studio/7.0/toolchain/arm/arm-gnu-toolchain/bin/../lib/gcc/arm-none-eabi/4.9.3/armv7-m/crtbegin.o
 .bss.uxMissedTicks
                0x200709c0        0x4 src/ASF/thirdparty/freertos/freertos-7.3.0/source/tasks.o
 .bss.pxDelayedTaskList
                0x200709c4        0x4 src/ASF/thirdparty/freertos/freertos-7.3.0/source/tasks.o
 .bss.uxTopReadyPriority
                0x200709c8        0x4 src/ASF/thirdparty/freertos/freertos-7.3.0/source/tasks.o
 .bss.pxReadyTasksLists
                0x200709cc       0x64 src/ASF/thirdparty/freertos/freertos-7.3.0/source/tasks.o
 .bss.xNumOfOverflows
                0x20070a30        0x4 src/ASF/thirdparty/freertos/freertos-7.3.0/source/tasks.o
 .bss.pxCurrentTCB
                0x20070a34        0x4 src/ASF/thirdparty/freertos/freertos-7.3.0/source/tasks.o
                0x20070a34                pxCurrentTCB
 .bss.uxSchedulerSuspended
                0x20070a38        0x4 src/ASF/thirdparty/freertos/freertos-7.3.0/source/tasks.o
 .bss.xTickCount
                0x20070a3c        0x4 src/ASF/thirdparty/freertos/freertos-7.3.0/source/tasks.o
 .bss.pxOverflowDelayedTaskList
                0x20070a40        0x4 src/ASF/thirdparty/freertos/freertos-7.3.0/source/tasks.o
 .bss.xMissedYield
                0x20070a44        0x4 src/ASF/thirdparty/freertos/freertos-7.3.0/source/tasks.o
 .bss.gs_interrupt_sources
                0x20070a48       0x70 src/ASF/sam/drivers/pio/pio_handler.o
 .bss.heap.5212
                0x20070ab8        0x4 src/ASF/sam/utils/syscalls/gcc/syscalls.o
 .bss.a         0x20070abc        0x4 src/main.o
                0x20070abc                a
 .bss.__malloc_max_total_mem
                0x20070ac0        0x4 c:/program files (x86)/atmel/studio/7.0/toolchain/arm/arm-gnu-toolchain/bin/../lib/gcc/arm-none-eabi/4.9.3/../../../../arm-none-eabi/lib/armv7-m\libc.a(lib_a-mallocr.o)
                0x20070ac0                __malloc_max_total_mem
 .bss.__malloc_max_sbrked_mem
                0x20070ac4        0x4 c:/program files (x86)/atmel/studio/7.0/toolchain/arm/arm-gnu-toolchain/bin/../lib/gcc/arm-none-eabi/4.9.3/../../../../arm-none-eabi/lib/armv7-m\libc.a(lib_a-mallocr.o)
                0x20070ac4                __malloc_max_sbrked_mem
 .bss.__malloc_top_pad
                0x20070ac8        0x4 c:/program files (x86)/atmel/studio/7.0/toolchain/arm/arm-gnu-toolchain/bin/../lib/gcc/arm-none-eabi/4.9.3/../../../../arm-none-eabi/lib/armv7-m\libc.a(lib_a-mallocr.o)
                0x20070ac8                __malloc_top_pad
 .bss.__malloc_current_mallinfo
                0x20070acc       0x28 c:/program files (x86)/atmel/studio/7.0/toolchain/arm/arm-gnu-toolchain/bin/../lib/gcc/arm-none-eabi/4.9.3/../../../../arm-none-eabi/lib/armv7-m\libc.a(lib_a-mallocr.o)
                0x20070acc                __malloc_current_mallinfo
 *(COMMON)
 COMMON         0x20070af4        0x4 src/ASF/common/utils/stdio/read.o
                0x20070af4                ptr_get
 COMMON         0x20070af8        0x8 src/ASF/common/utils/stdio/write.o
                0x20070af8                ptr_put
                0x20070afc                stdio_base
 COMMON         0x20070b00        0x1 src/main.o
                0x20070b00                testByte
 *fill*         0x20070b01        0x3 
 COMMON         0x20070b04        0x4 c:/program files (x86)/atmel/studio/7.0/toolchain/arm/arm-gnu-toolchain/bin/../lib/gcc/arm-none-eabi/4.9.3/../../../../arm-none-eabi/lib/armv7-m\libc.a(lib_a-reent.o)
                0x20070b04                errno
                0x20070b08                . = ALIGN (0x4)
                0x20070b08                _ebss = .
                0x20070b08                _ezero = .

.stack          0x20070b08     0x2000 load address 0x00084a74
                0x20070b08                . = ALIGN (0x8)
                0x20070b08                _sstack = .
                0x20072b08                . = (. + __stack_size__)
 *fill*         0x20070b08     0x2000 
                0x20072b08                . = ALIGN (0x8)
                0x20072b08                _estack = .
                0x20072b08                . = ALIGN (0x4)
                0x20072b08                _end = .
OUTPUT(ExUppgift2014.elf elf32-littlearm)

.ARM.attributes
                0x00000000       0x29
 .ARM.attributes
                0x00000000       0x1d c:/program files (x86)/atmel/studio/7.0/toolchain/arm/arm-gnu-toolchain/bin/../lib/gcc/arm-none-eabi/4.9.3/armv7-m/crti.o
 .ARM.attributes
                0x0000001d       0x2d c:/program files (x86)/atmel/studio/7.0/toolchain/arm/arm-gnu-toolchain/bin/../lib/gcc/arm-none-eabi/4.9.3/armv7-m/crtbegin.o
 .ARM.attributes
                0x0000004a       0x33 src/ADCCustom.o
 .ARM.attributes
                0x0000007d       0x33 src/ASF/common/utils/stdio/read.o
 .ARM.attributes
                0x000000b0       0x33 src/ASF/sam/drivers/usart/usart.o
 .ARM.attributes
                0x000000e3       0x33 src/ASF/common/utils/stdio/write.o
 .ARM.attributes
                0x00000116       0x33 src/ASF/sam/drivers/adc/adc.o
 .ARM.attributes
                0x00000149       0x33 src/ASF/thirdparty/freertos/freertos-7.3.0/source/list.o
 .ARM.attributes
                0x0000017c       0x33 src/ASF/thirdparty/freertos/freertos-7.3.0/source/portable/gcc/sam/port.o
 .ARM.attributes
                0x000001af       0x33 src/ASF/thirdparty/freertos/freertos-7.3.0/source/tasks.o
 .ARM.attributes
                0x000001e2       0x33 src/ASF/common/services/delay/sam/cycle_counter.o
 .ARM.attributes
                0x00000215       0x33 src/ASF/sam/drivers/uart/uart.o
 .ARM.attributes
                0x00000248       0x33 src/UARTFunctions.o
 .ARM.attributes
                0x0000027b       0x33 src/ASF/common/services/clock/sam3x/sysclk.o
 .ARM.attributes
                0x000002ae       0x33 src/ASF/sam/boards/arduino_due_x/init.o
 .ARM.attributes
                0x000002e1       0x33 src/ASF/sam/drivers/pio/pio.o
 .ARM.attributes
                0x00000314       0x33 src/ASF/sam/drivers/pio/pio_handler.o
 .ARM.attributes
                0x00000347       0x33 src/ASF/sam/drivers/pmc/pmc.o
 .ARM.attributes
                0x0000037a       0x33 src/ASF/sam/utils/cmsis/sam3x/source/templates/exceptions.o
 .ARM.attributes
                0x000003ad       0x33 src/ASF/sam/utils/cmsis/sam3x/source/templates/gcc/startup_sam3x.o
 .ARM.attributes
                0x000003e0       0x33 src/ASF/sam/utils/cmsis/sam3x/source/templates/system_sam3x.o
 .ARM.attributes
                0x00000413       0x33 src/ASF/sam/utils/syscalls/gcc/syscalls.o
 .ARM.attributes
                0x00000446       0x33 src/main.o
 .ARM.attributes
                0x00000479       0x2d c:/program files (x86)/atmel/studio/7.0/toolchain/arm/arm-gnu-toolchain/bin/../lib/gcc/arm-none-eabi/4.9.3/../../../../arm-none-eabi/lib/armv7-m\libc.a(lib_a-impure.o)
 .ARM.attributes
                0x000004a6       0x2d c:/program files (x86)/atmel/studio/7.0/toolchain/arm/arm-gnu-toolchain/bin/../lib/gcc/arm-none-eabi/4.9.3/../../../../arm-none-eabi/lib/armv7-m\libc.a(lib_a-init.o)
 .ARM.attributes
                0x000004d3       0x2d c:/program files (x86)/atmel/studio/7.0/toolchain/arm/arm-gnu-toolchain/bin/../lib/gcc/arm-none-eabi/4.9.3/../../../../arm-none-eabi/lib/armv7-m\libc.a(lib_a-iprintf.o)
 .ARM.attributes
                0x00000500       0x1b c:/program files (x86)/atmel/studio/7.0/toolchain/arm/arm-gnu-toolchain/bin/../lib/gcc/arm-none-eabi/4.9.3/../../../../arm-none-eabi/lib/armv7-m\libc.a(lib_a-memcpy.o)
 .ARM.attributes
                0x0000051b       0x2d c:/program files (x86)/atmel/studio/7.0/toolchain/arm/arm-gnu-toolchain/bin/../lib/gcc/arm-none-eabi/4.9.3/../../../../arm-none-eabi/lib/armv7-m\libc.a(lib_a-memset.o)
 .ARM.attributes
                0x00000548       0x2d c:/program files (x86)/atmel/studio/7.0/toolchain/arm/arm-gnu-toolchain/bin/../lib/gcc/arm-none-eabi/4.9.3/../../../../arm-none-eabi/lib/armv7-m\libc.a(lib_a-setbuf.o)
 .ARM.attributes
                0x00000575       0x2d c:/program files (x86)/atmel/studio/7.0/toolchain/arm/arm-gnu-toolchain/bin/../lib/gcc/arm-none-eabi/4.9.3/../../../../arm-none-eabi/lib/armv7-m\libc.a(lib_a-setvbuf.o)
 .ARM.attributes
                0x000005a2       0x2d c:/program files (x86)/atmel/studio/7.0/toolchain/arm/arm-gnu-toolchain/bin/../lib/gcc/arm-none-eabi/4.9.3/../../../../arm-none-eabi/lib/armv7-m\libc.a(lib_a-strlen.o)
 .ARM.attributes
                0x000005cf       0x2d c:/program files (x86)/atmel/studio/7.0/toolchain/arm/arm-gnu-toolchain/bin/../lib/gcc/arm-none-eabi/4.9.3/../../../../arm-none-eabi/lib/armv7-m\libc.a(lib_a-vfiprintf.o)
 .ARM.attributes
                0x000005fc       0x2d c:/program files (x86)/atmel/studio/7.0/toolchain/arm/arm-gnu-toolchain/bin/../lib/gcc/arm-none-eabi/4.9.3/../../../../arm-none-eabi/lib/armv7-m\libc.a(lib_a-wsetup.o)
 .ARM.attributes
                0x00000629       0x2d c:/program files (x86)/atmel/studio/7.0/toolchain/arm/arm-gnu-toolchain/bin/../lib/gcc/arm-none-eabi/4.9.3/../../../../arm-none-eabi/lib/armv7-m\libc.a(lib_a-__call_atexit.o)
 .ARM.attributes
                0x00000656       0x2d c:/program files (x86)/atmel/studio/7.0/toolchain/arm/arm-gnu-toolchain/bin/../lib/gcc/arm-none-eabi/4.9.3/../../../../arm-none-eabi/lib/armv7-m\libc.a(lib_a-atexit.o)
 .ARM.attributes
                0x00000683       0x2d c:/program files (x86)/atmel/studio/7.0/toolchain/arm/arm-gnu-toolchain/bin/../lib/gcc/arm-none-eabi/4.9.3/../../../../arm-none-eabi/lib/armv7-m\libc.a(lib_a-fflush.o)
 .ARM.attributes
                0x000006b0       0x2d c:/program files (x86)/atmel/studio/7.0/toolchain/arm/arm-gnu-toolchain/bin/../lib/gcc/arm-none-eabi/4.9.3/../../../../arm-none-eabi/lib/armv7-m\libc.a(lib_a-findfp.o)
 .ARM.attributes
                0x000006dd       0x2d c:/program files (x86)/atmel/studio/7.0/toolchain/arm/arm-gnu-toolchain/bin/../lib/gcc/arm-none-eabi/4.9.3/../../../../arm-none-eabi/lib/armv7-m\libc.a(lib_a-fini.o)
 .ARM.attributes
                0x0000070a       0x2d c:/program files (x86)/atmel/studio/7.0/toolchain/arm/arm-gnu-toolchain/bin/../lib/gcc/arm-none-eabi/4.9.3/../../../../arm-none-eabi/lib/armv7-m\libc.a(lib_a-fputwc.o)
 .ARM.attributes
                0x00000737       0x2d c:/program files (x86)/atmel/studio/7.0/toolchain/arm/arm-gnu-toolchain/bin/../lib/gcc/arm-none-eabi/4.9.3/../../../../arm-none-eabi/lib/armv7-m\libc.a(lib_a-freer.o)
 .ARM.attributes
                0x00000764       0x2d c:/program files (x86)/atmel/studio/7.0/toolchain/arm/arm-gnu-toolchain/bin/../lib/gcc/arm-none-eabi/4.9.3/../../../../arm-none-eabi/lib/armv7-m\libc.a(lib_a-fvwrite.o)
 .ARM.attributes
                0x00000791       0x2d c:/program files (x86)/atmel/studio/7.0/toolchain/arm/arm-gnu-toolchain/bin/../lib/gcc/arm-none-eabi/4.9.3/../../../../arm-none-eabi/lib/armv7-m\libc.a(lib_a-fwalk.o)
 .ARM.attributes
                0x000007be       0x2d c:/program files (x86)/atmel/studio/7.0/toolchain/arm/arm-gnu-toolchain/bin/../lib/gcc/arm-none-eabi/4.9.3/../../../../arm-none-eabi/lib/armv7-m\libc.a(lib_a-locale.o)
 .ARM.attributes
                0x000007eb       0x2d c:/program files (x86)/atmel/studio/7.0/toolchain/arm/arm-gnu-toolchain/bin/../lib/gcc/arm-none-eabi/4.9.3/../../../../arm-none-eabi/lib/armv7-m\libc.a(lib_a-makebuf.o)
 .ARM.attributes
                0x00000818       0x2d c:/program files (x86)/atmel/studio/7.0/toolchain/arm/arm-gnu-toolchain/bin/../lib/gcc/arm-none-eabi/4.9.3/../../../../arm-none-eabi/lib/armv7-m\libc.a(lib_a-malloc.o)
 .ARM.attributes
                0x00000845       0x2d c:/program files (x86)/atmel/studio/7.0/toolchain/arm/arm-gnu-toolchain/bin/../lib/gcc/arm-none-eabi/4.9.3/../../../../arm-none-eabi/lib/armv7-m\libc.a(lib_a-mallocr.o)
 .ARM.attributes
                0x00000872       0x2d c:/program files (x86)/atmel/studio/7.0/toolchain/arm/arm-gnu-toolchain/bin/../lib/gcc/arm-none-eabi/4.9.3/../../../../arm-none-eabi/lib/armv7-m\libc.a(lib_a-memchr.o)
 .ARM.attributes
                0x0000089f       0x2d c:/program files (x86)/atmel/studio/7.0/toolchain/arm/arm-gnu-toolchain/bin/../lib/gcc/arm-none-eabi/4.9.3/../../../../arm-none-eabi/lib/armv7-m\libc.a(lib_a-memmove.o)
 .ARM.attributes
                0x000008cc       0x2d c:/program files (x86)/atmel/studio/7.0/toolchain/arm/arm-gnu-toolchain/bin/../lib/gcc/arm-none-eabi/4.9.3/../../../../arm-none-eabi/lib/armv7-m\libc.a(lib_a-mlock.o)
 .ARM.attributes
                0x000008f9       0x2d c:/program files (x86)/atmel/studio/7.0/toolchain/arm/arm-gnu-toolchain/bin/../lib/gcc/arm-none-eabi/4.9.3/../../../../arm-none-eabi/lib/armv7-m\libc.a(lib_a-reallocr.o)
 .ARM.attributes
                0x00000926       0x2d c:/program files (x86)/atmel/studio/7.0/toolchain/arm/arm-gnu-toolchain/bin/../lib/gcc/arm-none-eabi/4.9.3/../../../../arm-none-eabi/lib/armv7-m\libc.a(lib_a-sbrkr.o)
 .ARM.attributes
                0x00000953       0x2d c:/program files (x86)/atmel/studio/7.0/toolchain/arm/arm-gnu-toolchain/bin/../lib/gcc/arm-none-eabi/4.9.3/../../../../arm-none-eabi/lib/armv7-m\libc.a(lib_a-stdio.o)
 .ARM.attributes
                0x00000980       0x2d c:/program files (x86)/atmel/studio/7.0/toolchain/arm/arm-gnu-toolchain/bin/../lib/gcc/arm-none-eabi/4.9.3/../../../../arm-none-eabi/lib/armv7-m\libc.a(lib_a-wbuf.o)
 .ARM.attributes
                0x000009ad       0x2d c:/program files (x86)/atmel/studio/7.0/toolchain/arm/arm-gnu-toolchain/bin/../lib/gcc/arm-none-eabi/4.9.3/../../../../arm-none-eabi/lib/armv7-m\libc.a(lib_a-wcrtomb.o)
 .ARM.attributes
                0x000009da       0x2d c:/program files (x86)/atmel/studio/7.0/toolchain/arm/arm-gnu-toolchain/bin/../lib/gcc/arm-none-eabi/4.9.3/../../../../arm-none-eabi/lib/armv7-m\libc.a(lib_a-wctomb_r.o)
 .ARM.attributes
                0x00000a07       0x2d c:/program files (x86)/atmel/studio/7.0/toolchain/arm/arm-gnu-toolchain/bin/../lib/gcc/arm-none-eabi/4.9.3/../../../../arm-none-eabi/lib/armv7-m\libc.a(lib_a-writer.o)
 .ARM.attributes
                0x00000a34       0x2d c:/program files (x86)/atmel/studio/7.0/toolchain/arm/arm-gnu-toolchain/bin/../lib/gcc/arm-none-eabi/4.9.3/../../../../arm-none-eabi/lib/armv7-m\libc.a(lib_a-__atexit.o)
 .ARM.attributes
                0x00000a61       0x2d c:/program files (x86)/atmel/studio/7.0/toolchain/arm/arm-gnu-toolchain/bin/../lib/gcc/arm-none-eabi/4.9.3/../../../../arm-none-eabi/lib/armv7-m\libc.a(lib_a-closer.o)
 .ARM.attributes
                0x00000a8e       0x2d c:/program files (x86)/atmel/studio/7.0/toolchain/arm/arm-gnu-toolchain/bin/../lib/gcc/arm-none-eabi/4.9.3/../../../../arm-none-eabi/lib/armv7-m\libc.a(lib_a-fclose.o)
 .ARM.attributes
                0x00000abb       0x2d c:/program files (x86)/atmel/studio/7.0/toolchain/arm/arm-gnu-toolchain/bin/../lib/gcc/arm-none-eabi/4.9.3/../../../../arm-none-eabi/lib/armv7-m\libc.a(lib_a-fstatr.o)
 .ARM.attributes
                0x00000ae8       0x2d c:/program files (x86)/atmel/studio/7.0/toolchain/arm/arm-gnu-toolchain/bin/../lib/gcc/arm-none-eabi/4.9.3/../../../../arm-none-eabi/lib/armv7-m\libc.a(lib_a-isattyr.o)
 .ARM.attributes
                0x00000b15       0x2d c:/program files (x86)/atmel/studio/7.0/toolchain/arm/arm-gnu-toolchain/bin/../lib/gcc/arm-none-eabi/4.9.3/../../../../arm-none-eabi/lib/armv7-m\libc.a(lib_a-lseekr.o)
 .ARM.attributes
                0x00000b42       0x2d c:/program files (x86)/atmel/studio/7.0/toolchain/arm/arm-gnu-toolchain/bin/../lib/gcc/arm-none-eabi/4.9.3/../../../../arm-none-eabi/lib/armv7-m\libc.a(lib_a-readr.o)
 .ARM.attributes
                0x00000b6f       0x2d c:/program files (x86)/atmel/studio/7.0/toolchain/arm/arm-gnu-toolchain/bin/../lib/gcc/arm-none-eabi/4.9.3/../../../../arm-none-eabi/lib/armv7-m\libc.a(lib_a-reent.o)
 .ARM.attributes
                0x00000b9c       0x1d c:/program files (x86)/atmel/studio/7.0/toolchain/arm/arm-gnu-toolchain/bin/../lib/gcc/arm-none-eabi/4.9.3/armv7-m\libgcc.a(_aeabi_uldivmod.o)
 .ARM.attributes
                0x00000bb9       0x2d c:/program files (x86)/atmel/studio/7.0/toolchain/arm/arm-gnu-toolchain/bin/../lib/gcc/arm-none-eabi/4.9.3/armv7-m\libgcc.a(bpabi.o)
 .ARM.attributes
                0x00000be6       0x1d c:/program files (x86)/atmel/studio/7.0/toolchain/arm/arm-gnu-toolchain/bin/../lib/gcc/arm-none-eabi/4.9.3/armv7-m\libgcc.a(_dvmd_tls.o)
 .ARM.attributes
                0x00000c03       0x2d c:/program files (x86)/atmel/studio/7.0/toolchain/arm/arm-gnu-toolchain/bin/../lib/gcc/arm-none-eabi/4.9.3/armv7-m\libgcc.a(_divdi3.o)
 .ARM.attributes
                0x00000c30       0x2d c:/program files (x86)/atmel/studio/7.0/toolchain/arm/arm-gnu-toolchain/bin/../lib/gcc/arm-none-eabi/4.9.3/armv7-m\libgcc.a(_udivdi3.o)
 .ARM.attributes
                0x00000c5d       0x1d c:/program files (x86)/atmel/studio/7.0/toolchain/arm/arm-gnu-toolchain/bin/../lib/gcc/arm-none-eabi/4.9.3/armv7-m/crtn.o

.comment        0x00000000       0x5b
 .comment       0x00000000       0x5b src/ADCCustom.o
                                 0x5c (size before relaxing)
 .comment       0x00000000       0x5c src/ASF/common/utils/stdio/read.o
 .comment       0x00000000       0x5c src/ASF/sam/drivers/usart/usart.o
 .comment       0x00000000       0x5c src/ASF/common/utils/stdio/write.o
 .comment       0x00000000       0x5c src/ASF/sam/drivers/adc/adc.o
 .comment       0x00000000       0x5c src/ASF/thirdparty/freertos/freertos-7.3.0/source/list.o
 .comment       0x00000000       0x5c src/ASF/thirdparty/freertos/freertos-7.3.0/source/portable/gcc/sam/port.o
 .comment       0x00000000       0x5c src/ASF/thirdparty/freertos/freertos-7.3.0/source/tasks.o
 .comment       0x00000000       0x5c src/ASF/common/services/delay/sam/cycle_counter.o
 .comment       0x00000000       0x5c src/ASF/sam/drivers/uart/uart.o
 .comment       0x00000000       0x5c src/UARTFunctions.o
 .comment       0x00000000       0x5c src/ASF/common/services/clock/sam3x/sysclk.o
 .comment       0x00000000       0x5c src/ASF/sam/boards/arduino_due_x/init.o
 .comment       0x00000000       0x5c src/ASF/sam/drivers/pio/pio.o
 .comment       0x00000000       0x5c src/ASF/sam/drivers/pio/pio_handler.o
 .comment       0x00000000       0x5c src/ASF/sam/drivers/pmc/pmc.o
 .comment       0x00000000       0x5c src/ASF/sam/utils/cmsis/sam3x/source/templates/exceptions.o
 .comment       0x00000000       0x5c src/ASF/sam/utils/cmsis/sam3x/source/templates/gcc/startup_sam3x.o
 .comment       0x00000000       0x5c src/ASF/sam/utils/cmsis/sam3x/source/templates/system_sam3x.o
 .comment       0x00000000       0x5c src/ASF/sam/utils/syscalls/gcc/syscalls.o
 .comment       0x00000000       0x5c src/main.o

.debug_info     0x00000000     0xe497
 .debug_info    0x00000000      0xf17 src/ADCCustom.o
 .debug_info    0x00000f17      0x1be src/ASF/common/utils/stdio/read.o
 .debug_info    0x000010d5     0x1bfa src/ASF/sam/drivers/usart/usart.o
 .debug_info    0x00002ccf      0x1c0 src/ASF/common/utils/stdio/write.o
 .debug_info    0x00002e8f     0x118c src/ASF/sam/drivers/adc/adc.o
 .debug_info    0x0000401b      0x2b7 src/ASF/thirdparty/freertos/freertos-7.3.0/source/list.o
 .debug_info    0x000042d2      0x3a0 src/ASF/thirdparty/freertos/freertos-7.3.0/source/portable/gcc/sam/port.o
 .debug_info    0x00004672     0x17f6 src/ASF/thirdparty/freertos/freertos-7.3.0/source/tasks.o
 .debug_info    0x00005e68      0x134 src/ASF/common/services/delay/sam/cycle_counter.o
 .debug_info    0x00005f9c      0x889 src/ASF/sam/drivers/uart/uart.o
 .debug_info    0x00006825     0x188a src/UARTFunctions.o
 .debug_info    0x000080af      0x796 src/ASF/common/services/clock/sam3x/sysclk.o
 .debug_info    0x00008845      0x75c src/ASF/sam/boards/arduino_due_x/init.o
 .debug_info    0x00008fa1     0x1391 src/ASF/sam/drivers/pio/pio.o
 .debug_info    0x0000a332      0xe51 src/ASF/sam/drivers/pio/pio_handler.o
 .debug_info    0x0000b183     0x1078 src/ASF/sam/drivers/pmc/pmc.o
 .debug_info    0x0000c1fb      0x124 src/ASF/sam/utils/cmsis/sam3x/source/templates/exceptions.o
 .debug_info    0x0000c31f      0x3bd src/ASF/sam/utils/cmsis/sam3x/source/templates/gcc/startup_sam3x.o
 .debug_info    0x0000c6dc      0x4c6 src/ASF/sam/utils/cmsis/sam3x/source/templates/system_sam3x.o
 .debug_info    0x0000cba2      0x43f src/ASF/sam/utils/syscalls/gcc/syscalls.o
 .debug_info    0x0000cfe1     0x14b6 src/main.o

.debug_abbrev   0x00000000     0x27ef
 .debug_abbrev  0x00000000      0x24f src/ADCCustom.o
 .debug_abbrev  0x0000024f      0x101 src/ASF/common/utils/stdio/read.o
 .debug_abbrev  0x00000350      0x325 src/ASF/sam/drivers/usart/usart.o
 .debug_abbrev  0x00000675       0xf5 src/ASF/common/utils/stdio/write.o
 .debug_abbrev  0x0000076a      0x235 src/ASF/sam/drivers/adc/adc.o
 .debug_abbrev  0x0000099f       0xfb src/ASF/thirdparty/freertos/freertos-7.3.0/source/list.o
 .debug_abbrev  0x00000a9a      0x246 src/ASF/thirdparty/freertos/freertos-7.3.0/source/portable/gcc/sam/port.o
 .debug_abbrev  0x00000ce0      0x2d8 src/ASF/thirdparty/freertos/freertos-7.3.0/source/tasks.o
 .debug_abbrev  0x00000fb8       0x9d src/ASF/common/services/delay/sam/cycle_counter.o
 .debug_abbrev  0x00001055      0x1bd src/ASF/sam/drivers/uart/uart.o
 .debug_abbrev  0x00001212      0x398 src/UARTFunctions.o
 .debug_abbrev  0x000015aa      0x227 src/ASF/common/services/clock/sam3x/sysclk.o
 .debug_abbrev  0x000017d1      0x16f src/ASF/sam/boards/arduino_due_x/init.o
 .debug_abbrev  0x00001940      0x2d5 src/ASF/sam/drivers/pio/pio.o
 .debug_abbrev  0x00001c15      0x257 src/ASF/sam/drivers/pio/pio_handler.o
 .debug_abbrev  0x00001e6c      0x268 src/ASF/sam/drivers/pmc/pmc.o
 .debug_abbrev  0x000020d4       0x8c src/ASF/sam/utils/cmsis/sam3x/source/templates/exceptions.o
 .debug_abbrev  0x00002160      0x118 src/ASF/sam/utils/cmsis/sam3x/source/templates/gcc/startup_sam3x.o
 .debug_abbrev  0x00002278      0x115 src/ASF/sam/utils/cmsis/sam3x/source/templates/system_sam3x.o
 .debug_abbrev  0x0000238d      0x14e src/ASF/sam/utils/syscalls/gcc/syscalls.o
 .debug_abbrev  0x000024db      0x314 src/main.o

.debug_loc      0x00000000     0x5a61
 .debug_loc     0x00000000       0x40 src/ADCCustom.o
 .debug_loc     0x00000040      0x107 src/ASF/common/utils/stdio/read.o
 .debug_loc     0x00000147     0x1206 src/ASF/sam/drivers/usart/usart.o
 .debug_loc     0x0000134d      0x15d src/ASF/common/utils/stdio/write.o
 .debug_loc     0x000014aa      0x966 src/ASF/sam/drivers/adc/adc.o
 .debug_loc     0x00001e10       0x91 src/ASF/thirdparty/freertos/freertos-7.3.0/source/list.o
 .debug_loc     0x00001ea1      0x100 src/ASF/thirdparty/freertos/freertos-7.3.0/source/portable/gcc/sam/port.o
 .debug_loc     0x00001fa1     0x1533 src/ASF/thirdparty/freertos/freertos-7.3.0/source/tasks.o
 .debug_loc     0x000034d4      0x242 src/ASF/sam/drivers/uart/uart.o
 .debug_loc     0x00003716      0x2cd src/UARTFunctions.o
 .debug_loc     0x000039e3      0x12d src/ASF/common/services/clock/sam3x/sysclk.o
 .debug_loc     0x00003b10       0x20 src/ASF/sam/boards/arduino_due_x/init.o
 .debug_loc     0x00003b30      0xb20 src/ASF/sam/drivers/pio/pio.o
 .debug_loc     0x00004650      0x573 src/ASF/sam/drivers/pio/pio_handler.o
 .debug_loc     0x00004bc3      0xccc src/ASF/sam/drivers/pmc/pmc.o
 .debug_loc     0x0000588f       0x5e src/ASF/sam/utils/cmsis/sam3x/source/templates/gcc/startup_sam3x.o
 .debug_loc     0x000058ed      0x12b src/ASF/sam/utils/syscalls/gcc/syscalls.o
 .debug_loc     0x00005a18       0x49 src/main.o

.debug_aranges  0x00000000      0xcb0
 .debug_aranges
                0x00000000       0x28 src/ADCCustom.o
 .debug_aranges
                0x00000028       0x20 src/ASF/common/utils/stdio/read.o
 .debug_aranges
                0x00000048      0x2a8 src/ASF/sam/drivers/usart/usart.o
 .debug_aranges
                0x000002f0       0x20 src/ASF/common/utils/stdio/write.o
 .debug_aranges
                0x00000310      0x178 src/ASF/sam/drivers/adc/adc.o
 .debug_aranges
                0x00000488       0x40 src/ASF/thirdparty/freertos/freertos-7.3.0/source/list.o
 .debug_aranges
                0x000004c8       0x80 src/ASF/thirdparty/freertos/freertos-7.3.0/source/portable/gcc/sam/port.o
 .debug_aranges
                0x00000548      0x130 src/ASF/thirdparty/freertos/freertos-7.3.0/source/tasks.o
 .debug_aranges
                0x00000678       0x20 src/ASF/common/services/delay/sam/cycle_counter.o
 .debug_aranges
                0x00000698       0xe8 src/ASF/sam/drivers/uart/uart.o
 .debug_aranges
                0x00000780       0x40 src/UARTFunctions.o
 .debug_aranges
                0x000007c0       0x40 src/ASF/common/services/clock/sam3x/sysclk.o
 .debug_aranges
                0x00000800       0x20 src/ASF/sam/boards/arduino_due_x/init.o
 .debug_aranges
                0x00000820      0x148 src/ASF/sam/drivers/pio/pio.o
 .debug_aranges
                0x00000968       0x58 src/ASF/sam/drivers/pio/pio_handler.o
 .debug_aranges
                0x000009c0      0x200 src/ASF/sam/drivers/pmc/pmc.o
 .debug_aranges
                0x00000bc0       0x20 src/ASF/sam/utils/cmsis/sam3x/source/templates/exceptions.o
 .debug_aranges
                0x00000be0       0x20 src/ASF/sam/utils/cmsis/sam3x/source/templates/gcc/startup_sam3x.o
 .debug_aranges
                0x00000c00       0x30 src/ASF/sam/utils/cmsis/sam3x/source/templates/system_sam3x.o
 .debug_aranges
                0x00000c30       0x60 src/ASF/sam/utils/syscalls/gcc/syscalls.o
 .debug_aranges
                0x00000c90       0x20 src/main.o

.debug_ranges   0x00000000      0xb90
 .debug_ranges  0x00000000       0x18 src/ADCCustom.o
 .debug_ranges  0x00000018       0x10 src/ASF/common/utils/stdio/read.o
 .debug_ranges  0x00000028      0x298 src/ASF/sam/drivers/usart/usart.o
 .debug_ranges  0x000002c0       0x10 src/ASF/common/utils/stdio/write.o
 .debug_ranges  0x000002d0      0x168 src/ASF/sam/drivers/adc/adc.o
 .debug_ranges  0x00000438       0x30 src/ASF/thirdparty/freertos/freertos-7.3.0/source/list.o
 .debug_ranges  0x00000468       0x70 src/ASF/thirdparty/freertos/freertos-7.3.0/source/portable/gcc/sam/port.o
 .debug_ranges  0x000004d8      0x150 src/ASF/thirdparty/freertos/freertos-7.3.0/source/tasks.o
 .debug_ranges  0x00000628       0x10 src/ASF/common/services/delay/sam/cycle_counter.o
 .debug_ranges  0x00000638       0xd8 src/ASF/sam/drivers/uart/uart.o
 .debug_ranges  0x00000710       0x30 src/UARTFunctions.o
 .debug_ranges  0x00000740       0x30 src/ASF/common/services/clock/sam3x/sysclk.o
 .debug_ranges  0x00000770       0x10 src/ASF/sam/boards/arduino_due_x/init.o
 .debug_ranges  0x00000780      0x138 src/ASF/sam/drivers/pio/pio.o
 .debug_ranges  0x000008b8       0x48 src/ASF/sam/drivers/pio/pio_handler.o
 .debug_ranges  0x00000900      0x1f0 src/ASF/sam/drivers/pmc/pmc.o
 .debug_ranges  0x00000af0       0x10 src/ASF/sam/utils/cmsis/sam3x/source/templates/exceptions.o
 .debug_ranges  0x00000b00       0x10 src/ASF/sam/utils/cmsis/sam3x/source/templates/gcc/startup_sam3x.o
 .debug_ranges  0x00000b10       0x20 src/ASF/sam/utils/cmsis/sam3x/source/templates/system_sam3x.o
 .debug_ranges  0x00000b30       0x50 src/ASF/sam/utils/syscalls/gcc/syscalls.o
 .debug_ranges  0x00000b80       0x10 src/main.o

.debug_macro    0x00000000    0x197ec
 .debug_macro   0x00000000      0x6fd src/ADCCustom.o
 .debug_macro   0x000006fd      0x898 src/ADCCustom.o
 .debug_macro   0x00000f95      0x166 src/ADCCustom.o
 .debug_macro   0x000010fb      0x636 src/ADCCustom.o
 .debug_macro   0x00001731       0x76 src/ADCCustom.o
 .debug_macro   0x000017a7       0x16 src/ADCCustom.o
 .debug_macro   0x000017bd      0x6e4 src/ADCCustom.o
 .debug_macro   0x00001ea1       0x22 src/ADCCustom.o
 .debug_macro   0x00001ec3       0x44 src/ADCCustom.o
 .debug_macro   0x00001f07       0x58 src/ADCCustom.o
 .debug_macro   0x00001f5f       0x22 src/ADCCustom.o
 .debug_macro   0x00001f81      0x1df src/ADCCustom.o
 .debug_macro   0x00002160       0x20 src/ADCCustom.o
 .debug_macro   0x00002180       0x3a src/ADCCustom.o
 .debug_macro   0x000021ba       0x2d src/ADCCustom.o
 .debug_macro   0x000021e7      0xbb1 src/ADCCustom.o
 .debug_macro   0x00002d98      0xab6 src/ADCCustom.o
 .debug_macro   0x0000384e      0x569 src/ADCCustom.o
 .debug_macro   0x00003db7      0x2b5 src/ADCCustom.o
 .debug_macro   0x0000406c      0x31a src/ADCCustom.o
 .debug_macro   0x00004386      0x74f src/ADCCustom.o
 .debug_macro   0x00004ad5       0x82 src/ADCCustom.o
 .debug_macro   0x00004b57      0x57b src/ADCCustom.o
 .debug_macro   0x000050d2       0x1c src/ADCCustom.o
 .debug_macro   0x000050ee      0x6b7 src/ADCCustom.o
 .debug_macro   0x000057a5      0x52d src/ADCCustom.o
 .debug_macro   0x00005cd2       0xbe src/ADCCustom.o
 .debug_macro   0x00005d90     0x2342 src/ADCCustom.o
 .debug_macro   0x000080d2      0x85d src/ADCCustom.o
 .debug_macro   0x0000892f      0xdc9 src/ADCCustom.o
 .debug_macro   0x000096f8       0x7c src/ADCCustom.o
 .debug_macro   0x00009774      0x263 src/ADCCustom.o
 .debug_macro   0x000099d7       0x58 src/ADCCustom.o
 .debug_macro   0x00009a2f      0x9a7 src/ADCCustom.o
 .debug_macro   0x0000a3d6      0x248 src/ADCCustom.o
 .debug_macro   0x0000a61e      0x4df src/ADCCustom.o
 .debug_macro   0x0000aafd      0x6b3 src/ADCCustom.o
 .debug_macro   0x0000b1b0      0x59f src/ADCCustom.o
 .debug_macro   0x0000b74f       0x46 src/ADCCustom.o
 .debug_macro   0x0000b795      0x34d src/ADCCustom.o
 .debug_macro   0x0000bae2      0x28c src/ADCCustom.o
 .debug_macro   0x0000bd6e     0x14d7 src/ADCCustom.o
 .debug_macro   0x0000d245      0x7ba src/ADCCustom.o
 .debug_macro   0x0000d9ff       0x76 src/ADCCustom.o
 .debug_macro   0x0000da75       0x82 src/ADCCustom.o
 .debug_macro   0x0000daf7       0x76 src/ADCCustom.o
 .debug_macro   0x0000db6d       0x4c src/ADCCustom.o
 .debug_macro   0x0000dbb9      0x105 src/ADCCustom.o
 .debug_macro   0x0000dcbe      0x105 src/ADCCustom.o
 .debug_macro   0x0000ddc3      0x105 src/ADCCustom.o
 .debug_macro   0x0000dec8       0x88 src/ADCCustom.o
 .debug_macro   0x0000df50       0x88 src/ADCCustom.o
 .debug_macro   0x0000dfd8      0x3b4 src/ADCCustom.o
 .debug_macro   0x0000e38c       0xb8 src/ADCCustom.o
 .debug_macro   0x0000e444       0xb8 src/ADCCustom.o
 .debug_macro   0x0000e4fc       0xb8 src/ADCCustom.o
 .debug_macro   0x0000e5b4       0xb8 src/ADCCustom.o
 .debug_macro   0x0000e66c      0x2b8 src/ADCCustom.o
 .debug_macro   0x0000e924      0x125 src/ADCCustom.o
 .debug_macro   0x0000ea49      0x225 src/ADCCustom.o
 .debug_macro   0x0000ec6e      0x225 src/ADCCustom.o
 .debug_macro   0x0000ee93       0x2e src/ADCCustom.o
 .debug_macro   0x0000eec1       0xac src/ADCCustom.o
 .debug_macro   0x0000ef6d      0x14d src/ADCCustom.o
 .debug_macro   0x0000f0ba       0x7c src/ADCCustom.o
 .debug_macro   0x0000f136      0x205 src/ADCCustom.o
 .debug_macro   0x0000f33b       0x64 src/ADCCustom.o
 .debug_macro   0x0000f39f       0xa6 src/ADCCustom.o
 .debug_macro   0x0000f445       0x7c src/ADCCustom.o
 .debug_macro   0x0000f4c1       0x16 src/ADCCustom.o
 .debug_macro   0x0000f4d7       0x22 src/ADCCustom.o
 .debug_macro   0x0000f4f9       0x22 src/ADCCustom.o
 .debug_macro   0x0000f51b      0x115 src/ADCCustom.o
 .debug_macro   0x0000f630      0x115 src/ADCCustom.o
 .debug_macro   0x0000f745      0x115 src/ADCCustom.o
 .debug_macro   0x0000f85a      0x115 src/ADCCustom.o
 .debug_macro   0x0000f96f       0x1c src/ADCCustom.o
 .debug_macro   0x0000f98b       0x2e src/ADCCustom.o
 .debug_macro   0x0000f9b9       0x22 src/ADCCustom.o
 .debug_macro   0x0000f9db       0x1c src/ADCCustom.o
 .debug_macro   0x0000f9f7       0x58 src/ADCCustom.o
 .debug_macro   0x0000fa4f       0x10 src/ADCCustom.o
 .debug_macro   0x0000fa5f      0x273 src/ADCCustom.o
 .debug_macro   0x0000fcd2      0xd43 src/ADCCustom.o
 .debug_macro   0x00010a15      0x131 src/ADCCustom.o
 .debug_macro   0x00010b46       0x58 src/ADCCustom.o
 .debug_macro   0x00010b9e       0x35 src/ADCCustom.o
 .debug_macro   0x00010bd3       0x9c src/ADCCustom.o
 .debug_macro   0x00010c6f       0x16 src/ADCCustom.o
 .debug_macro   0x00010c85       0x35 src/ADCCustom.o
 .debug_macro   0x00010cba      0x29d src/ADCCustom.o
 .debug_macro   0x00010f57       0x10 src/ADCCustom.o
 .debug_macro   0x00010f67       0x52 src/ADCCustom.o
 .debug_macro   0x00010fb9       0x16 src/ADCCustom.o
 .debug_macro   0x00010fcf       0x43 src/ADCCustom.o
 .debug_macro   0x00011012      0x180 src/ADCCustom.o
 .debug_macro   0x00011192       0x10 src/ADCCustom.o
 .debug_macro   0x000111a2       0x22 src/ADCCustom.o
 .debug_macro   0x000111c4       0xbe src/ADCCustom.o
 .debug_macro   0x00011282       0x16 src/ADCCustom.o
 .debug_macro   0x00011298      0x197 src/ADCCustom.o
 .debug_macro   0x0001142f       0x22 src/ADCCustom.o
 .debug_macro   0x00011451       0x16 src/ADCCustom.o
 .debug_macro   0x00011467       0x16 src/ADCCustom.o
 .debug_macro   0x0001147d       0x29 src/ADCCustom.o
 .debug_macro   0x000114a6       0x6e src/ADCCustom.o
 .debug_macro   0x00011514       0x45 src/ADCCustom.o
 .debug_macro   0x00011559      0x3ca src/ADCCustom.o
 .debug_macro   0x00011923       0x1c src/ADCCustom.o
 .debug_macro   0x0001193f       0x34 src/ADCCustom.o
 .debug_macro   0x00011973      0x28e src/ADCCustom.o
 .debug_macro   0x00011c01      0x790 src/ADCCustom.o
 .debug_macro   0x00012391       0x5e src/ADCCustom.o
 .debug_macro   0x000123ef       0x64 src/ADCCustom.o
 .debug_macro   0x00012453       0x5f src/ADCCustom.o
 .debug_macro   0x000124b2       0x90 src/ADCCustom.o
 .debug_macro   0x00012542       0x28 src/ADCCustom.o
 .debug_macro   0x0001256a       0x23 src/ADCCustom.o
 .debug_macro   0x0001258d       0x46 src/ADCCustom.o
 .debug_macro   0x000125d3      0x100 src/ADCCustom.o
 .debug_macro   0x000126d3       0x99 src/ADCCustom.o
 .debug_macro   0x0001276c       0x12 src/ADCCustom.o
 .debug_macro   0x0001277e       0x1f src/ADCCustom.o
 .debug_macro   0x0001279d      0x1d9 src/ADCCustom.o
 .debug_macro   0x00012976       0x10 src/ADCCustom.o
 .debug_macro   0x00012986       0x16 src/ADCCustom.o
 .debug_macro   0x0001299c       0x5e src/ADCCustom.o
 .debug_macro   0x000129fa       0x43 src/ADCCustom.o
 .debug_macro   0x00012a3d       0x96 src/ADCCustom.o
 .debug_macro   0x00012ad3       0x77 src/ADCCustom.o
 .debug_macro   0x00012b4a       0x5d src/ADCCustom.o
 .debug_macro   0x00012ba7       0x5b src/ADCCustom.o
 .debug_macro   0x00012c02       0x94 src/ADCCustom.o
 .debug_macro   0x00012c96       0x40 src/ADCCustom.o
 .debug_macro   0x00012cd6       0x70 src/ADCCustom.o
 .debug_macro   0x00012d46       0x34 src/ADCCustom.o
 .debug_macro   0x00012d7a       0x10 src/ADCCustom.o
 .debug_macro   0x00012d8a       0x1c src/ADCCustom.o
 .debug_macro   0x00012da6       0x2e src/ADCCustom.o
 .debug_macro   0x00012dd4       0x1c src/ADCCustom.o
 .debug_macro   0x00012df0      0x4d4 src/ASF/common/utils/stdio/read.o
 .debug_macro   0x000132c4      0x51f src/ASF/sam/drivers/usart/usart.o
 .debug_macro   0x000137e3       0x28 src/ASF/sam/drivers/usart/usart.o
 .debug_macro   0x0001380b      0x4d4 src/ASF/common/utils/stdio/write.o
 .debug_macro   0x00013cdf      0x4f4 src/ASF/sam/drivers/adc/adc.o
 .debug_macro   0x000141d3      0x16a src/ASF/thirdparty/freertos/freertos-7.3.0/source/list.o
 .debug_macro   0x0001433d      0x10e src/ASF/thirdparty/freertos/freertos-7.3.0/source/list.o
 .debug_macro   0x0001444b       0x7f src/ASF/thirdparty/freertos/freertos-7.3.0/source/list.o
 .debug_macro   0x000144ca       0xfa src/ASF/thirdparty/freertos/freertos-7.3.0/source/list.o
 .debug_macro   0x000145c4      0x61a src/ASF/thirdparty/freertos/freertos-7.3.0/source/portable/gcc/sam/port.o
 .debug_macro   0x00014bde       0x26 src/ASF/thirdparty/freertos/freertos-7.3.0/source/portable/gcc/sam/port.o
 .debug_macro   0x00014c04      0x288 src/ASF/thirdparty/freertos/freertos-7.3.0/source/portable/gcc/sam/port.o
 .debug_macro   0x00014e8c      0x268 src/ASF/thirdparty/freertos/freertos-7.3.0/source/tasks.o
 .debug_macro   0x000150f4       0x97 src/ASF/thirdparty/freertos/freertos-7.3.0/source/tasks.o
 .debug_macro   0x0001518b       0xef src/ASF/thirdparty/freertos/freertos-7.3.0/source/tasks.o
 .debug_macro   0x0001527a      0x4e3 src/ASF/common/services/delay/sam/cycle_counter.o
 .debug_macro   0x0001575d       0x22 src/ASF/common/services/delay/sam/cycle_counter.o
 .debug_macro   0x0001577f      0x4e3 src/ASF/sam/drivers/uart/uart.o
 .debug_macro   0x00015c62       0x16 src/ASF/sam/drivers/uart/uart.o
 .debug_macro   0x00015c78      0x6fe src/UARTFunctions.o
 .debug_macro   0x00016376      0x554 src/ASF/common/services/clock/sam3x/sysclk.o
 .debug_macro   0x000168ca      0x593 src/ASF/sam/boards/arduino_due_x/init.o
 .debug_macro   0x00016e5d       0x16 src/ASF/sam/boards/arduino_due_x/init.o
 .debug_macro   0x00016e73       0x6a src/ASF/sam/boards/arduino_due_x/init.o
 .debug_macro   0x00016edd      0x4ef src/ASF/sam/drivers/pio/pio.o
 .debug_macro   0x000173cc       0x8e src/ASF/sam/drivers/pio/pio.o
 .debug_macro   0x0001745a      0x4f3 src/ASF/sam/drivers/pio/pio_handler.o
 .debug_macro   0x0001794d      0x4e9 src/ASF/sam/drivers/pmc/pmc.o
 .debug_macro   0x00017e36       0x58 src/ASF/sam/drivers/pmc/pmc.o
 .debug_macro   0x00017e8e      0x4e8 src/ASF/sam/utils/cmsis/sam3x/source/templates/exceptions.o
 .debug_macro   0x00018376      0x4f6 src/ASF/sam/utils/cmsis/sam3x/source/templates/gcc/startup_sam3x.o
 .debug_macro   0x0001886c      0x4f6 src/ASF/sam/utils/cmsis/sam3x/source/templates/system_sam3x.o
 .debug_macro   0x00018d62      0x169 src/ASF/sam/utils/syscalls/gcc/syscalls.o
 .debug_macro   0x00018ecb       0x52 src/ASF/sam/utils/syscalls/gcc/syscalls.o
 .debug_macro   0x00018f1d       0x16 src/ASF/sam/utils/syscalls/gcc/syscalls.o
 .debug_macro   0x00018f33       0x10 src/ASF/sam/utils/syscalls/gcc/syscalls.o
 .debug_macro   0x00018f43       0x10 src/ASF/sam/utils/syscalls/gcc/syscalls.o
 .debug_macro   0x00018f53       0x10 src/ASF/sam/utils/syscalls/gcc/syscalls.o
 .debug_macro   0x00018f63       0x35 src/ASF/sam/utils/syscalls/gcc/syscalls.o
 .debug_macro   0x00018f98      0x122 src/ASF/sam/utils/syscalls/gcc/syscalls.o
 .debug_macro   0x000190ba      0x732 src/main.o

.debug_line     0x00000000    0x1012d
 .debug_line    0x00000000     0x1014 src/ADCCustom.o
 .debug_line    0x00001014      0xaca src/ASF/common/utils/stdio/read.o
 .debug_line    0x00001ade     0x1193 src/ASF/sam/drivers/usart/usart.o
 .debug_line    0x00002c71      0xac0 src/ASF/common/utils/stdio/write.o
 .debug_line    0x00003731      0xe49 src/ASF/sam/drivers/adc/adc.o
 .debug_line    0x0000457a      0x450 src/ASF/thirdparty/freertos/freertos-7.3.0/source/list.o
 .debug_line    0x000049ca      0xdb6 src/ASF/thirdparty/freertos/freertos-7.3.0/source/portable/gcc/sam/port.o
 .debug_line    0x00005780      0x9ee src/ASF/thirdparty/freertos/freertos-7.3.0/source/tasks.o
 .debug_line    0x0000616e      0xac9 src/ASF/common/services/delay/sam/cycle_counter.o
 .debug_line    0x00006c37      0xc78 src/ASF/sam/drivers/uart/uart.o
 .debug_line    0x000078af     0x10d7 src/UARTFunctions.o
 .debug_line    0x00008986      0xc31 src/ASF/common/services/clock/sam3x/sysclk.o
 .debug_line    0x000095b7      0xcc8 src/ASF/sam/boards/arduino_due_x/init.o
 .debug_line    0x0000a27f      0xe2b src/ASF/sam/drivers/pio/pio.o
 .debug_line    0x0000b0aa      0xb71 src/ASF/sam/drivers/pio/pio_handler.o
 .debug_line    0x0000bc1b     0x105e src/ASF/sam/drivers/pmc/pmc.o
 .debug_line    0x0000cc79      0xaa3 src/ASF/sam/utils/cmsis/sam3x/source/templates/exceptions.o
 .debug_line    0x0000d71c      0xaed src/ASF/sam/utils/cmsis/sam3x/source/templates/gcc/startup_sam3x.o
 .debug_line    0x0000e209      0xb08 src/ASF/sam/utils/cmsis/sam3x/source/templates/system_sam3x.o
 .debug_line    0x0000ed11      0x399 src/ASF/sam/utils/syscalls/gcc/syscalls.o
 .debug_line    0x0000f0aa     0x1083 src/main.o

.debug_str      0x00000000    0x68934
 .debug_str     0x00000000    0x63ad3 src/ADCCustom.o
                              0x63e82 (size before relaxing)
 .debug_str     0x00063ad3       0x2c src/ASF/common/utils/stdio/read.o
                              0x5b586 (size before relaxing)
 .debug_str     0x00063aff      0xbbc src/ASF/sam/drivers/usart/usart.o
                              0x5c1fd (size before relaxing)
 .debug_str     0x000646bb       0x26 src/ASF/common/utils/stdio/write.o
                              0x5b588 (size before relaxing)
 .debug_str     0x000646e1      0x6f8 src/ASF/sam/drivers/adc/adc.o
                              0x5c059 (size before relaxing)
 .debug_str     0x00064dd9      0x172 src/ASF/thirdparty/freertos/freertos-7.3.0/source/list.o
                               0x71b5 (size before relaxing)
 .debug_str     0x00064f4b      0x558 src/ASF/thirdparty/freertos/freertos-7.3.0/source/portable/gcc/sam/port.o
                              0x6143e (size before relaxing)
 .debug_str     0x000654a3      0xef1 src/ASF/thirdparty/freertos/freertos-7.3.0/source/tasks.o
                               0x9532 (size before relaxing)
 .debug_str     0x00066394       0x35 src/ASF/common/services/delay/sam/cycle_counter.o
                              0x5b6fb (size before relaxing)
 .debug_str     0x000663c9      0x2d0 src/ASF/sam/drivers/uart/uart.o
                              0x5b94c (size before relaxing)
 .debug_str     0x00066699      0x3f0 src/UARTFunctions.o
                              0x64239 (size before relaxing)
 .debug_str     0x00066a89      0x23a src/ASF/common/services/clock/sam3x/sysclk.o
                              0x5f453 (size before relaxing)
 .debug_str     0x00066cc3       0xb0 src/ASF/sam/boards/arduino_due_x/init.o
                              0x5fc0d (size before relaxing)
 .debug_str     0x00066d73      0x428 src/ASF/sam/drivers/pio/pio.o
                              0x5bf2b (size before relaxing)
 .debug_str     0x0006719b      0x44e src/ASF/sam/drivers/pio/pio_handler.o
                              0x5bf73 (size before relaxing)
 .debug_str     0x000675e9      0x674 src/ASF/sam/drivers/pmc/pmc.o
                              0x5bfa1 (size before relaxing)
 .debug_str     0x00067c5d       0x4d src/ASF/sam/utils/cmsis/sam3x/source/templates/exceptions.o
                              0x5b5a0 (size before relaxing)
 .debug_str     0x00067caa       0xb2 src/ASF/sam/utils/cmsis/sam3x/source/templates/gcc/startup_sam3x.o
                              0x5b675 (size before relaxing)
 .debug_str     0x00067d5c      0x1cd src/ASF/sam/utils/cmsis/sam3x/source/templates/system_sam3x.o
                              0x5b888 (size before relaxing)
 .debug_str     0x00067f29      0x836 src/ASF/sam/utils/syscalls/gcc/syscalls.o
                               0x60ff (size before relaxing)
 .debug_str     0x0006875f      0x1d5 src/main.o
                              0x6415f (size before relaxing)

.debug_frame    0x00000000     0x283c
 .debug_frame   0x00000000       0x48 src/ADCCustom.o
 .debug_frame   0x00000048       0x38 src/ASF/common/utils/stdio/read.o
 .debug_frame   0x00000080      0x5cc src/ASF/sam/drivers/usart/usart.o
 .debug_frame   0x0000064c       0x48 src/ASF/common/utils/stdio/write.o
 .debug_frame   0x00000694      0x320 src/ASF/sam/drivers/adc/adc.o
 .debug_frame   0x000009b4       0x6c src/ASF/thirdparty/freertos/freertos-7.3.0/source/list.o
 .debug_frame   0x00000a20      0x100 src/ASF/thirdparty/freertos/freertos-7.3.0/source/portable/gcc/sam/port.o
 .debug_frame   0x00000b20      0x3b4 src/ASF/thirdparty/freertos/freertos-7.3.0/source/tasks.o
 .debug_frame   0x00000ed4       0x20 src/ASF/common/services/delay/sam/cycle_counter.o
 .debug_frame   0x00000ef4      0x1bc src/ASF/sam/drivers/uart/uart.o
 .debug_frame   0x000010b0       0xa0 src/UARTFunctions.o
 .debug_frame   0x00001150       0x88 src/ASF/common/services/clock/sam3x/sysclk.o
 .debug_frame   0x000011d8       0x28 src/ASF/sam/boards/arduino_due_x/init.o
 .debug_frame   0x00001200      0x2b8 src/ASF/sam/drivers/pio/pio.o
 .debug_frame   0x000014b8       0xf8 src/ASF/sam/drivers/pio/pio_handler.o
 .debug_frame   0x000015b0      0x450 src/ASF/sam/drivers/pmc/pmc.o
 .debug_frame   0x00001a00       0x20 src/ASF/sam/utils/cmsis/sam3x/source/templates/exceptions.o
 .debug_frame   0x00001a20       0x28 src/ASF/sam/utils/cmsis/sam3x/source/templates/gcc/startup_sam3x.o
 .debug_frame   0x00001a48       0x40 src/ASF/sam/utils/cmsis/sam3x/source/templates/system_sam3x.o
 .debug_frame   0x00001a88       0xa8 src/ASF/sam/utils/syscalls/gcc/syscalls.o
 .debug_frame   0x00001b30       0x28 src/main.o
 .debug_frame   0x00001b58       0x2c c:/program files (x86)/atmel/studio/7.0/toolchain/arm/arm-gnu-toolchain/bin/../lib/gcc/arm-none-eabi/4.9.3/../../../../arm-none-eabi/lib/armv7-m\libc.a(lib_a-init.o)
 .debug_frame   0x00001b84       0x78 c:/program files (x86)/atmel/studio/7.0/toolchain/arm/arm-gnu-toolchain/bin/../lib/gcc/arm-none-eabi/4.9.3/../../../../arm-none-eabi/lib/armv7-m\libc.a(lib_a-iprintf.o)
 .debug_frame   0x00001bfc       0x34 c:/program files (x86)/atmel/studio/7.0/toolchain/arm/arm-gnu-toolchain/bin/../lib/gcc/arm-none-eabi/4.9.3/../../../../arm-none-eabi/lib/armv7-m\libc.a(lib_a-memset.o)
 .debug_frame   0x00001c30       0x20 c:/program files (x86)/atmel/studio/7.0/toolchain/arm/arm-gnu-toolchain/bin/../lib/gcc/arm-none-eabi/4.9.3/../../../../arm-none-eabi/lib/armv7-m\libc.a(lib_a-setbuf.o)
 .debug_frame   0x00001c50       0x30 c:/program files (x86)/atmel/studio/7.0/toolchain/arm/arm-gnu-toolchain/bin/../lib/gcc/arm-none-eabi/4.9.3/../../../../arm-none-eabi/lib/armv7-m\libc.a(lib_a-setvbuf.o)
 .debug_frame   0x00001c80       0x20 c:/program files (x86)/atmel/studio/7.0/toolchain/arm/arm-gnu-toolchain/bin/../lib/gcc/arm-none-eabi/4.9.3/../../../../arm-none-eabi/lib/armv7-m\libc.a(lib_a-strlen.o)
 .debug_frame   0x00001ca0       0xd8 c:/program files (x86)/atmel/studio/7.0/toolchain/arm/arm-gnu-toolchain/bin/../lib/gcc/arm-none-eabi/4.9.3/../../../../arm-none-eabi/lib/armv7-m\libc.a(lib_a-vfiprintf.o)
 .debug_frame   0x00001d78       0x2c c:/program files (x86)/atmel/studio/7.0/toolchain/arm/arm-gnu-toolchain/bin/../lib/gcc/arm-none-eabi/4.9.3/../../../../arm-none-eabi/lib/armv7-m\libc.a(lib_a-wsetup.o)
 .debug_frame   0x00001da4       0x50 c:/program files (x86)/atmel/studio/7.0/toolchain/arm/arm-gnu-toolchain/bin/../lib/gcc/arm-none-eabi/4.9.3/../../../../arm-none-eabi/lib/armv7-m\libc.a(lib_a-__call_atexit.o)
 .debug_frame   0x00001df4       0x20 c:/program files (x86)/atmel/studio/7.0/toolchain/arm/arm-gnu-toolchain/bin/../lib/gcc/arm-none-eabi/4.9.3/../../../../arm-none-eabi/lib/armv7-m\libc.a(lib_a-atexit.o)
 .debug_frame   0x00001e14       0x6c c:/program files (x86)/atmel/studio/7.0/toolchain/arm/arm-gnu-toolchain/bin/../lib/gcc/arm-none-eabi/4.9.3/../../../../arm-none-eabi/lib/armv7-m\libc.a(lib_a-fflush.o)
 .debug_frame   0x00001e80      0x124 c:/program files (x86)/atmel/studio/7.0/toolchain/arm/arm-gnu-toolchain/bin/../lib/gcc/arm-none-eabi/4.9.3/../../../../arm-none-eabi/lib/armv7-m\libc.a(lib_a-findfp.o)
 .debug_frame   0x00001fa4       0x34 c:/program files (x86)/atmel/studio/7.0/toolchain/arm/arm-gnu-toolchain/bin/../lib/gcc/arm-none-eabi/4.9.3/../../../../arm-none-eabi/lib/armv7-m\libc.a(lib_a-fini.o)
 .debug_frame   0x00001fd8       0x84 c:/program files (x86)/atmel/studio/7.0/toolchain/arm/arm-gnu-toolchain/bin/../lib/gcc/arm-none-eabi/4.9.3/../../../../arm-none-eabi/lib/armv7-m\libc.a(lib_a-fputwc.o)
 .debug_frame   0x0000205c       0x74 c:/program files (x86)/atmel/studio/7.0/toolchain/arm/arm-gnu-toolchain/bin/../lib/gcc/arm-none-eabi/4.9.3/../../../../arm-none-eabi/lib/armv7-m\libc.a(lib_a-freer.o)
 .debug_frame   0x000020d0       0x68 c:/program files (x86)/atmel/studio/7.0/toolchain/arm/arm-gnu-toolchain/bin/../lib/gcc/arm-none-eabi/4.9.3/../../../../arm-none-eabi/lib/armv7-m\libc.a(lib_a-fvwrite.o)
 .debug_frame   0x00002138       0x54 c:/program files (x86)/atmel/studio/7.0/toolchain/arm/arm-gnu-toolchain/bin/../lib/gcc/arm-none-eabi/4.9.3/../../../../arm-none-eabi/lib/armv7-m\libc.a(lib_a-fwalk.o)
 .debug_frame   0x0000218c       0x9c c:/program files (x86)/atmel/studio/7.0/toolchain/arm/arm-gnu-toolchain/bin/../lib/gcc/arm-none-eabi/4.9.3/../../../../arm-none-eabi/lib/armv7-m\libc.a(lib_a-locale.o)
 .debug_frame   0x00002228       0x48 c:/program files (x86)/atmel/studio/7.0/toolchain/arm/arm-gnu-toolchain/bin/../lib/gcc/arm-none-eabi/4.9.3/../../../../arm-none-eabi/lib/armv7-m\libc.a(lib_a-makebuf.o)
 .debug_frame   0x00002270       0x30 c:/program files (x86)/atmel/studio/7.0/toolchain/arm/arm-gnu-toolchain/bin/../lib/gcc/arm-none-eabi/4.9.3/../../../../arm-none-eabi/lib/armv7-m\libc.a(lib_a-malloc.o)
 .debug_frame   0x000022a0       0x54 c:/program files (x86)/atmel/studio/7.0/toolchain/arm/arm-gnu-toolchain/bin/../lib/gcc/arm-none-eabi/4.9.3/../../../../arm-none-eabi/lib/armv7-m\libc.a(lib_a-mallocr.o)
 .debug_frame   0x000022f4       0x3c c:/program files (x86)/atmel/studio/7.0/toolchain/arm/arm-gnu-toolchain/bin/../lib/gcc/arm-none-eabi/4.9.3/../../../../arm-none-eabi/lib/armv7-m\libc.a(lib_a-memchr.o)
 .debug_frame   0x00002330       0x30 c:/program files (x86)/atmel/studio/7.0/toolchain/arm/arm-gnu-toolchain/bin/../lib/gcc/arm-none-eabi/4.9.3/../../../../arm-none-eabi/lib/armv7-m\libc.a(lib_a-memmove.o)
 .debug_frame   0x00002360       0x30 c:/program files (x86)/atmel/studio/7.0/toolchain/arm/arm-gnu-toolchain/bin/../lib/gcc/arm-none-eabi/4.9.3/../../../../arm-none-eabi/lib/armv7-m\libc.a(lib_a-mlock.o)
 .debug_frame   0x00002390       0x58 c:/program files (x86)/atmel/studio/7.0/toolchain/arm/arm-gnu-toolchain/bin/../lib/gcc/arm-none-eabi/4.9.3/../../../../arm-none-eabi/lib/armv7-m\libc.a(lib_a-reallocr.o)
 .debug_frame   0x000023e8       0x2c c:/program files (x86)/atmel/studio/7.0/toolchain/arm/arm-gnu-toolchain/bin/../lib/gcc/arm-none-eabi/4.9.3/../../../../arm-none-eabi/lib/armv7-m\libc.a(lib_a-sbrkr.o)
 .debug_frame   0x00002414       0x88 c:/program files (x86)/atmel/studio/7.0/toolchain/arm/arm-gnu-toolchain/bin/../lib/gcc/arm-none-eabi/4.9.3/../../../../arm-none-eabi/lib/armv7-m\libc.a(lib_a-stdio.o)
 .debug_frame   0x0000249c       0x3c c:/program files (x86)/atmel/studio/7.0/toolchain/arm/arm-gnu-toolchain/bin/../lib/gcc/arm-none-eabi/4.9.3/../../../../arm-none-eabi/lib/armv7-m\libc.a(lib_a-wbuf.o)
 .debug_frame   0x000024d8       0x60 c:/program files (x86)/atmel/studio/7.0/toolchain/arm/arm-gnu-toolchain/bin/../lib/gcc/arm-none-eabi/4.9.3/../../../../arm-none-eabi/lib/armv7-m\libc.a(lib_a-wcrtomb.o)
 .debug_frame   0x00002538       0x48 c:/program files (x86)/atmel/studio/7.0/toolchain/arm/arm-gnu-toolchain/bin/../lib/gcc/arm-none-eabi/4.9.3/../../../../arm-none-eabi/lib/armv7-m\libc.a(lib_a-wctomb_r.o)
 .debug_frame   0x00002580       0x2c c:/program files (x86)/atmel/studio/7.0/toolchain/arm/arm-gnu-toolchain/bin/../lib/gcc/arm-none-eabi/4.9.3/../../../../arm-none-eabi/lib/armv7-m\libc.a(lib_a-writer.o)
 .debug_frame   0x000025ac       0x34 c:/program files (x86)/atmel/studio/7.0/toolchain/arm/arm-gnu-toolchain/bin/../lib/gcc/arm-none-eabi/4.9.3/../../../../arm-none-eabi/lib/armv7-m\libc.a(lib_a-__atexit.o)
 .debug_frame   0x000025e0       0x2c c:/program files (x86)/atmel/studio/7.0/toolchain/arm/arm-gnu-toolchain/bin/../lib/gcc/arm-none-eabi/4.9.3/../../../../arm-none-eabi/lib/armv7-m\libc.a(lib_a-closer.o)
 .debug_frame   0x0000260c       0x44 c:/program files (x86)/atmel/studio/7.0/toolchain/arm/arm-gnu-toolchain/bin/../lib/gcc/arm-none-eabi/4.9.3/../../../../arm-none-eabi/lib/armv7-m\libc.a(lib_a-fclose.o)
 .debug_frame   0x00002650       0x2c c:/program files (x86)/atmel/studio/7.0/toolchain/arm/arm-gnu-toolchain/bin/../lib/gcc/arm-none-eabi/4.9.3/../../../../arm-none-eabi/lib/armv7-m\libc.a(lib_a-fstatr.o)
 .debug_frame   0x0000267c       0x2c c:/program files (x86)/atmel/studio/7.0/toolchain/arm/arm-gnu-toolchain/bin/../lib/gcc/arm-none-eabi/4.9.3/../../../../arm-none-eabi/lib/armv7-m\libc.a(lib_a-isattyr.o)
 .debug_frame   0x000026a8       0x2c c:/program files (x86)/atmel/studio/7.0/toolchain/arm/arm-gnu-toolchain/bin/../lib/gcc/arm-none-eabi/4.9.3/../../../../arm-none-eabi/lib/armv7-m\libc.a(lib_a-lseekr.o)
 .debug_frame   0x000026d4       0x2c c:/program files (x86)/atmel/studio/7.0/toolchain/arm/arm-gnu-toolchain/bin/../lib/gcc/arm-none-eabi/4.9.3/../../../../arm-none-eabi/lib/armv7-m\libc.a(lib_a-readr.o)
 .debug_frame   0x00002700       0x58 c:/program files (x86)/atmel/studio/7.0/toolchain/arm/arm-gnu-toolchain/bin/../lib/gcc/arm-none-eabi/4.9.3/../../../../arm-none-eabi/lib/armv7-m\libc.a(lib_a-reent.o)
 .debug_frame   0x00002758       0x28 c:/program files (x86)/atmel/studio/7.0/toolchain/arm/arm-gnu-toolchain/bin/../lib/gcc/arm-none-eabi/4.9.3/armv7-m\libgcc.a(_aeabi_uldivmod.o)
 .debug_frame   0x00002780       0x54 c:/program files (x86)/atmel/studio/7.0/toolchain/arm/arm-gnu-toolchain/bin/../lib/gcc/arm-none-eabi/4.9.3/armv7-m\libgcc.a(bpabi.o)
 .debug_frame   0x000027d4       0x34 c:/program files (x86)/atmel/studio/7.0/toolchain/arm/arm-gnu-toolchain/bin/../lib/gcc/arm-none-eabi/4.9.3/armv7-m\libgcc.a(_divdi3.o)
 .debug_frame   0x00002808       0x34 c:/program files (x86)/atmel/studio/7.0/toolchain/arm/arm-gnu-toolchain/bin/../lib/gcc/arm-none-eabi/4.9.3/armv7-m\libgcc.a(_udivdi3.o)

Cross Reference Table

Symbol                                            File
ADCReadSensor                                     src/ADCCustom.o
                                                  src/PIDRegulation.o
ADCSetup                                          src/ADCCustom.o
                                                  src/main.o
ADC_Handler                                       src/ASF/sam/utils/cmsis/sam3x/source/templates/exceptions.o
                                                  src/ASF/sam/utils/cmsis/sam3x/source/templates/gcc/startup_sam3x.o
BusFault_Handler                                  src/ASF/sam/utils/cmsis/sam3x/source/templates/exceptions.o
                                                  src/ASF/sam/utils/cmsis/sam3x/source/templates/gcc/startup_sam3x.o
CAN0_Handler                                      src/ASF/sam/utils/cmsis/sam3x/source/templates/exceptions.o
                                                  src/ASF/sam/utils/cmsis/sam3x/source/templates/gcc/startup_sam3x.o
CAN1_Handler                                      src/ASF/sam/utils/cmsis/sam3x/source/templates/exceptions.o
                                                  src/ASF/sam/utils/cmsis/sam3x/source/templates/gcc/startup_sam3x.o
DACC_Handler                                      src/ASF/sam/utils/cmsis/sam3x/source/templates/exceptions.o
                                                  src/ASF/sam/utils/cmsis/sam3x/source/templates/gcc/startup_sam3x.o
DISTANCE_SET                                      src/PIDRegulation.o
DMAC_Handler                                      src/ASF/sam/utils/cmsis/sam3x/source/templates/exceptions.o
                                                  src/ASF/sam/utils/cmsis/sam3x/source/templates/gcc/startup_sam3x.o
D_CONSTANT                                        src/PIDRegulation.o